../Src/007_spi_message_rcv_it.c:45:6:delay	16	static
../Src/007_spi_message_rcv_it.c:58:6:SPI2_GPIOInits	24	static
../Src/007_spi_message_rcv_it.c:89:6:SPI2_Inits	8	static
../Src/007_spi_message_rcv_it.c:105:6:Slave_GPIO_InterruptPinInit	24	static
../Src/007_spi_message_rcv_it.c:124:5:main	16	static
../Src/007_spi_message_rcv_it.c:186:6:SPI2_IRQHandler	8	static
../Src/007_spi_message_rcv_it.c:192:6:SPI_ApplicationEventCallback	16	static
../Src/007_spi_message_rcv_it.c:209:6:EXTI9_5_IRQHandler	8	static
