Archive member included to satisfy reference by file (symbol)

C:/ST/STM32CubeIDE_1.4.0/STM32CubeIDE/plugins/com.st.stm32cube.ide.mcu.externaltools.gnu-tools-for-stm32.11.3.rel1.win32_1.1.0.202305231506/tools/bin/../lib/gcc/arm-none-eabi/11.3.1/../../../../arm-none-eabi/lib/thumb/v7e-m/nofp\libc_nano.a(libc_a-exit.o)
                              C:/ST/STM32CubeIDE_1.4.0/STM32CubeIDE/plugins/com.st.stm32cube.ide.mcu.externaltools.gnu-tools-for-stm32.11.3.rel1.win32_1.1.0.202305231506/tools/bin/../lib/gcc/arm-none-eabi/11.3.1/../../../../arm-none-eabi/lib/thumb/v7e-m/nofp/crt0.o (exit)
C:/ST/STM32CubeIDE_1.4.0/STM32CubeIDE/plugins/com.st.stm32cube.ide.mcu.externaltools.gnu-tools-for-stm32.11.3.rel1.win32_1.1.0.202305231506/tools/bin/../lib/gcc/arm-none-eabi/11.3.1/../../../../arm-none-eabi/lib/thumb/v7e-m/nofp\libc_nano.a(libc_a-findfp.o)
                              C:/ST/STM32CubeIDE_1.4.0/STM32CubeIDE/plugins/com.st.stm32cube.ide.mcu.externaltools.gnu-tools-for-stm32.11.3.rel1.win32_1.1.0.202305231506/tools/bin/../lib/gcc/arm-none-eabi/11.3.1/../../../../arm-none-eabi/lib/thumb/v7e-m/nofp\libc_nano.a(libc_a-exit.o) (__stdio_exit_handler)
C:/ST/STM32CubeIDE_1.4.0/STM32CubeIDE/plugins/com.st.stm32cube.ide.mcu.externaltools.gnu-tools-for-stm32.11.3.rel1.win32_1.1.0.202305231506/tools/bin/../lib/gcc/arm-none-eabi/11.3.1/../../../../arm-none-eabi/lib/thumb/v7e-m/nofp\libc_nano.a(libc_a-fwalk.o)
                              C:/ST/STM32CubeIDE_1.4.0/STM32CubeIDE/plugins/com.st.stm32cube.ide.mcu.externaltools.gnu-tools-for-stm32.11.3.rel1.win32_1.1.0.202305231506/tools/bin/../lib/gcc/arm-none-eabi/11.3.1/../../../../arm-none-eabi/lib/thumb/v7e-m/nofp\libc_nano.a(libc_a-findfp.o) (_fwalk_sglue)
C:/ST/STM32CubeIDE_1.4.0/STM32CubeIDE/plugins/com.st.stm32cube.ide.mcu.externaltools.gnu-tools-for-stm32.11.3.rel1.win32_1.1.0.202305231506/tools/bin/../lib/gcc/arm-none-eabi/11.3.1/../../../../arm-none-eabi/lib/thumb/v7e-m/nofp\libc_nano.a(libc_a-printf.o)
                              ./Src/006_spi_cmd_handling.o (printf)
C:/ST/STM32CubeIDE_1.4.0/STM32CubeIDE/plugins/com.st.stm32cube.ide.mcu.externaltools.gnu-tools-for-stm32.11.3.rel1.win32_1.1.0.202305231506/tools/bin/../lib/gcc/arm-none-eabi/11.3.1/../../../../arm-none-eabi/lib/thumb/v7e-m/nofp\libc_nano.a(libc_a-puts.o)
                              ./Src/006_spi_cmd_handling.o (puts)
C:/ST/STM32CubeIDE_1.4.0/STM32CubeIDE/plugins/com.st.stm32cube.ide.mcu.externaltools.gnu-tools-for-stm32.11.3.rel1.win32_1.1.0.202305231506/tools/bin/../lib/gcc/arm-none-eabi/11.3.1/../../../../arm-none-eabi/lib/thumb/v7e-m/nofp\libc_nano.a(libc_a-stdio.o)
                              C:/ST/STM32CubeIDE_1.4.0/STM32CubeIDE/plugins/com.st.stm32cube.ide.mcu.externaltools.gnu-tools-for-stm32.11.3.rel1.win32_1.1.0.202305231506/tools/bin/../lib/gcc/arm-none-eabi/11.3.1/../../../../arm-none-eabi/lib/thumb/v7e-m/nofp\libc_nano.a(libc_a-findfp.o) (__sread)
C:/ST/STM32CubeIDE_1.4.0/STM32CubeIDE/plugins/com.st.stm32cube.ide.mcu.externaltools.gnu-tools-for-stm32.11.3.rel1.win32_1.1.0.202305231506/tools/bin/../lib/gcc/arm-none-eabi/11.3.1/../../../../arm-none-eabi/lib/thumb/v7e-m/nofp\libc_nano.a(libc_a-wbuf.o)
                              C:/ST/STM32CubeIDE_1.4.0/STM32CubeIDE/plugins/com.st.stm32cube.ide.mcu.externaltools.gnu-tools-for-stm32.11.3.rel1.win32_1.1.0.202305231506/tools/bin/../lib/gcc/arm-none-eabi/11.3.1/../../../../arm-none-eabi/lib/thumb/v7e-m/nofp\libc_nano.a(libc_a-puts.o) (__swbuf_r)
C:/ST/STM32CubeIDE_1.4.0/STM32CubeIDE/plugins/com.st.stm32cube.ide.mcu.externaltools.gnu-tools-for-stm32.11.3.rel1.win32_1.1.0.202305231506/tools/bin/../lib/gcc/arm-none-eabi/11.3.1/../../../../arm-none-eabi/lib/thumb/v7e-m/nofp\libc_nano.a(libc_a-wsetup.o)
                              C:/ST/STM32CubeIDE_1.4.0/STM32CubeIDE/plugins/com.st.stm32cube.ide.mcu.externaltools.gnu-tools-for-stm32.11.3.rel1.win32_1.1.0.202305231506/tools/bin/../lib/gcc/arm-none-eabi/11.3.1/../../../../arm-none-eabi/lib/thumb/v7e-m/nofp\libc_nano.a(libc_a-puts.o) (__swsetup_r)
C:/ST/STM32CubeIDE_1.4.0/STM32CubeIDE/plugins/com.st.stm32cube.ide.mcu.externaltools.gnu-tools-for-stm32.11.3.rel1.win32_1.1.0.202305231506/tools/bin/../lib/gcc/arm-none-eabi/11.3.1/../../../../arm-none-eabi/lib/thumb/v7e-m/nofp\libc_nano.a(libc_a-memset.o)
                              C:/ST/STM32CubeIDE_1.4.0/STM32CubeIDE/plugins/com.st.stm32cube.ide.mcu.externaltools.gnu-tools-for-stm32.11.3.rel1.win32_1.1.0.202305231506/tools/bin/../lib/gcc/arm-none-eabi/11.3.1/../../../../arm-none-eabi/lib/thumb/v7e-m/nofp/crt0.o (memset)
C:/ST/STM32CubeIDE_1.4.0/STM32CubeIDE/plugins/com.st.stm32cube.ide.mcu.externaltools.gnu-tools-for-stm32.11.3.rel1.win32_1.1.0.202305231506/tools/bin/../lib/gcc/arm-none-eabi/11.3.1/../../../../arm-none-eabi/lib/thumb/v7e-m/nofp\libc_nano.a(libc_a-closer.o)
[...]
Memory Configuration

Name             Origin             Length             Attributes
CCMRAM           0x0000000010000000 0x0000000000010000 xrw
RAM              0x0000000020000000 0x0000000000020000 xrw
FLASH            0x0000000008000000 0x0000000000100000 xr
*default*        0x0000000000000000 0xffffffffffffffff

Linker script and memory map

LOAD C:/ST/STM32CubeIDE_1.4.0/STM32CubeIDE/plugins/com.st.stm32cube.ide.mcu.externaltools.gnu-tools-for-stm32.11.3.rel1.win32_1.1.0.202305231506/tools/bin/../lib/gcc/arm-none-eabi/11.3.1/thumb/v7e-m/nofp/crti.o
LOAD C:/ST/STM32CubeIDE_1.4.0/STM32CubeIDE/plugins/com.st.stm32cube.ide.mcu.externaltools.gnu-tools-for-stm32.11.3.rel1.win32_1.1.0.202305231506/tools/bin/../lib/gcc/arm-none-eabi/11.3.1/thumb/v7e-m/nofp/crtbegin.o
LOAD C:/ST/STM32CubeIDE_1.4.0/STM32CubeIDE/plugins/com.st.stm32cube.ide.mcu.externaltools.gnu-tools-for-stm32.11.3.rel1.win32_1.1.0.202305231506/tools/bin/../lib/gcc/arm-none-eabi/11.3.1/../../../../arm-none-eabi/lib/thumb/v7e-m/nofp/crt0.o
LOAD ./Src/006_spi_cmd_handling.o
LOAD ./Src/syscalls.o
LOAD ./Src/sysmem.o
LOAD ./Src/tutorial_spi_driver.o
LOAD ./Startup/startup_stm32f407vgtx.o
LOAD ./drivers/Src/stm32f407xx_gpio_driver.o
LOAD ./drivers/Src/stm32f407xx_spi_driver.o
START GROUP
LOAD C:/ST/STM32CubeIDE_1.4.0/STM32CubeIDE/plugins/com.st.stm32cube.ide.mcu.externaltools.gnu-tools-for-stm32.11.3.rel1.win32_1.1.0.202305231506/tools/bin/../lib/gcc/arm-none-eabi/11.3.1/../../../../arm-none-eabi/lib/thumb/v7e-m/nofp\libc_nano.a
LOAD C:/ST/STM32CubeIDE_1.4.0/STM32CubeIDE/plugins/com.st.stm32cube.ide.mcu.externaltools.gnu-tools-for-stm32.11.3.rel1.win32_1.1.0.202305231506/tools/bin/../lib/gcc/arm-none-eabi/11.3.1/../../../../arm-none-eabi/lib/thumb/v7e-m/nofp\libm.a
END GROUP
START GROUP
LOAD C:/ST/STM32CubeIDE_1.4.0/STM32CubeIDE/plugins/com.st.stm32cube.ide.mcu.externaltools.gnu-tools-for-stm32.11.3.rel1.win32_1.1.0.202305231506/tools/bin/../lib/gcc/arm-none-eabi/11.3.1/thumb/v7e-m/nofp\libgcc.a
LOAD C:/ST/STM32CubeIDE_1.4.0/STM32CubeIDE/plugins/com.st.stm32cube.ide.mcu.externaltools.gnu-tools-for-stm32.11.3.rel1.win32_1.1.0.202305231506/tools/bin/../lib/gcc/arm-none-eabi/11.3.1/../../../../arm-none-eabi/lib/thumb/v7e-m/nofp\libc_nano.a
END GROUP
START GROUP
LOAD C:/ST/STM32CubeIDE_1.4.0/STM32CubeIDE/plugins/com.st.stm32cube.ide.mcu.externaltools.gnu-tools-for-stm32.11.3.rel1.win32_1.1.0.202305231506/tools/bin/../lib/gcc/arm-none-eabi/11.3.1/thumb/v7e-m/nofp\libgcc.a
LOAD C:/ST/STM32CubeIDE_1.4.0/STM32CubeIDE/plugins/com.st.stm32cube.ide.mcu.externaltools.gnu-tools-for-stm32.11.3.rel1.win32_1.1.0.202305231506/tools/bin/../lib/gcc/arm-none-eabi/11.3.1/../../../../arm-none-eabi/lib/thumb/v7e-m/nofp\libc_nano.a
LOAD C:/ST/STM32CubeIDE_1.4.0/STM32CubeIDE/plugins/com.st.stm32cube.ide.mcu.externaltools.gnu-tools-for-stm32.11.3.rel1.win32_1.1.0.202305231506/tools/bin/../lib/gcc/arm-none-eabi/11.3.1/../../../../arm-none-eabi/lib/thumb/v7e-m/nofp\libnosys.a
END GROUP
START GROUP
LOAD C:/ST/STM32CubeIDE_1.4.0/STM32CubeIDE/plugins/com.st.stm32cube.ide.mcu.externaltools.gnu-tools-for-stm32.11.3.rel1.win32_1.1.0.202305231506/tools/bin/../lib/gcc/arm-none-eabi/11.3.1/thumb/v7e-m/nofp\libgcc.a
LOAD C:/ST/STM32CubeIDE_1.4.0/STM32CubeIDE/plugins/com.st.stm32cube.ide.mcu.externaltools.gnu-tools-for-stm32.11.3.rel1.win32_1.1.0.202305231506/tools/bin/../lib/gcc/arm-none-eabi/11.3.1/../../../../arm-none-eabi/lib/thumb/v7e-m/nofp\libc_nano.a
LOAD C:/ST/STM32CubeIDE_1.4.0/STM32CubeIDE/plugins/com.st.stm32cube.ide.mcu.externaltools.gnu-tools-for-stm32.11.3.rel1.win32_1.1.0.202305231506/tools/bin/../lib/gcc/arm-none-eabi/11.3.1/../../../../arm-none-eabi/lib/thumb/v7e-m/nofp\libnosys.a
END GROUP
LOAD C:/ST/STM32CubeIDE_1.4.0/STM32CubeIDE/plugins/com.st.stm32cube.ide.mcu.externaltools.gnu-tools-for-stm32.11.3.rel1.win32_1.1.0.202305231506/tools/bin/../lib/gcc/arm-none-eabi/11.3.1/thumb/v7e-m/nofp/crtend.o
LOAD C:/ST/STM32CubeIDE_1.4.0/STM32CubeIDE/plugins/com.st.stm32cube.ide.mcu.externaltools.gnu-tools-for-stm32.11.3.rel1.win32_1.1.0.202305231506/tools/bin/../lib/gcc/arm-none-eabi/11.3.1/thumb/v7e-m/nofp/crtn.o
                0x0000000020020000                _estack = (ORIGIN (RAM) + LENGTH (RAM))
                0x0000000000000200                _Min_Heap_Size = 0x200
                0x0000000000000400                _Min_Stack_Size = 0x400

.isr_vector     0x0000000008000000      0x1a8
                0x0000000008000000                . = ALIGN (0x4)
 *(.isr_vector)
 .isr_vector    0x0000000008000000      0x1a8 ./Startup/startup_stm32f407vgtx.o
                0x0000000008000000                g_pfnVectors
                0x00000000080001a8                . = ALIGN (0x4)

.text           0x00000000080001b0     0x1d3c
                0x00000000080001b0                . = ALIGN (0x4)
 *(.text)
 .text          0x00000000080001b0       0x40 C:/ST/STM32CubeIDE_1.4.0/STM32CubeIDE/plugins/com.st.stm32cube.ide.mcu.externaltools.gnu-tools-for-stm32.11.3.rel1.win32_1.1.0.202305231506/tools/bin/../lib/gcc/arm-none-eabi/11.3.1/thumb/v7e-m/nofp/crtbegin.o
 .text          0x00000000080001f0       0x10 C:/ST/STM32CubeIDE_1.4.0/STM32CubeIDE/plugins/com.st.stm32cube.ide.mcu.externaltools.gnu-tools-for-stm32.11.3.rel1.win32_1.1.0.202305231506/tools/bin/../lib/gcc/arm-none-eabi/11.3.1/../../../../arm-none-eabi/lib/thumb/v7e-m/nofp\libc_nano.a(libc_a-strlen.o)
                0x00000000080001f0                strlen
 .text          0x0000000008000200       0xa0 C:/ST/STM32CubeIDE_1.4.0/STM32CubeIDE/plugins/com.st.stm32cube.ide.mcu.externaltools.gnu-tools-for-stm32.11.3.rel1.win32_1.1.0.202305231506/tools/bin/../lib/gcc/arm-none-eabi/11.3.1/../../../../arm-none-eabi/lib/thumb/v7e-m/nofp\libc_nano.a(libc_a-memchr.o)
                0x0000000008000200                memchr
 *(.text*)
 .text.SPI2_GPIOInits
                0x00000000080002a0       0x5c ./Src/006_spi_cmd_handling.o
                0x00000000080002a0                SPI2_GPIOInits
 .text.SPI2_Inits
                0x00000000080002fc       0x3c ./Src/006_spi_cmd_handling.o
                0x00000000080002fc                SPI2_Inits
 .text.GPIO_ButtonInit
                0x0000000008000338       0x30 ./Src/006_spi_cmd_handling.o
                0x0000000008000338                GPIO_ButtonInit
 .text.delay    0x0000000008000368       0x2c ./Src/006_spi_cmd_handling.o
                0x0000000008000368                delay
 .text.SPI_VerifyResponse
                0x0000000008000394       0x20 ./Src/006_spi_cmd_handling.o
                0x0000000008000394                SPI_VerifyResponse
 .text.main     0x00000000080003b4      0x384 ./Src/006_spi_cmd_handling.o
                0x00000000080003b4                main
 .text.ITM_SendChar
                0x0000000008000738       0x4c ./Src/syscalls.o
                0x0000000008000738                ITM_SendChar
 .text._read    0x0000000008000784       0x3a ./Src/syscalls.o
                0x0000000008000784                _read
 .text._write   0x00000000080007be       0x38 ./Src/syscalls.o
                0x00000000080007be                _write
 .text._close   0x00000000080007f6       0x16 ./Src/syscalls.o
                0x00000000080007f6                _close
 .text._fstat   0x000000000800080c       0x1e ./Src/syscalls.o
                0x000000000800080c                _fstat
 .text._isatty  0x000000000800082a       0x14 ./Src/syscalls.o
                0x000000000800082a                _isatty
 .text._lseek   0x000000000800083e       0x18 ./Src/syscalls.o
                0x000000000800083e                _lseek
 *fill*         0x0000000008000856        0x2 
 .text._sbrk    0x0000000008000858       0x6c ./Src/sysmem.o
                0x0000000008000858                _sbrk
 .text.Reset_Handler
                0x00000000080008c4       0x50 ./Startup/startup_stm32f407vgtx.o
                0x00000000080008c4                Reset_Handler
 .text.Default_Handler
                0x0000000008000914        0x2 ./Startup/startup_stm32f407vgtx.o
                0x0000000008000914                RTC_Alarm_IRQHandler
                0x0000000008000914                HASH_RNG_IRQHandler
                0x0000000008000914                EXTI2_IRQHandler
                0x0000000008000914                TIM8_CC_IRQHandler
                0x0000000008000914                DebugMon_Handler
                0x0000000008000914                TIM1_CC_IRQHandler
                0x0000000008000914                DMA2_Stream5_IRQHandler
                0x0000000008000914                HardFault_Handler
                0x0000000008000914                DMA1_Stream5_IRQHandler
                0x0000000008000914                SysTick_Handler
                0x0000000008000914                PVD_IRQHandler
                0x0000000008000914                SDIO_IRQHandler
                0x0000000008000914                TAMP_STAMP_IRQHandler
                0x0000000008000914                PendSV_Handler
                0x0000000008000914                NMI_Handler
                0x0000000008000914                CAN2_RX1_IRQHandler
                0x0000000008000914                EXTI3_IRQHandler
                0x0000000008000914                TIM8_TRG_COM_TIM14_IRQHandler
                0x0000000008000914                TIM1_UP_TIM10_IRQHandler
                0x0000000008000914                TIM8_UP_TIM13_IRQHandler
                0x0000000008000914                I2C3_ER_IRQHandler
                0x0000000008000914                LCD_TFT_IRQHandler
                0x0000000008000914                EXTI0_IRQHandler
                0x0000000008000914                I2C2_EV_IRQHandler
                0x0000000008000914                DMA1_Stream2_IRQHandler
                0x0000000008000914                CAN1_RX0_IRQHandler
                0x0000000008000914                FPU_IRQHandler
                0x0000000008000914                OTG_HS_WKUP_IRQHandler
                0x0000000008000914                UsageFault_Handler
                0x0000000008000914                CAN2_SCE_IRQHandler
                0x0000000008000914                DMA2_Stream2_IRQHandler
                0x0000000008000914                SPI1_IRQHandler
                0x0000000008000914                TIM6_DAC_IRQHandler
                0x0000000008000914                TIM1_BRK_TIM9_IRQHandler
                0x0000000008000914                DCMI_IRQHandler
                0x0000000008000914                CAN2_RX0_IRQHandler
                0x0000000008000914                DMA2_Stream3_IRQHandler
                0x0000000008000914                USART6_IRQHandler
                0x0000000008000914                USART3_IRQHandler
                0x0000000008000914                CRYP_IRQHandler
                0x0000000008000914                CAN1_RX1_IRQHandler
                0x0000000008000914                UART5_IRQHandler
                0x0000000008000914                DMA2_Stream0_IRQHandler
                0x0000000008000914                TIM4_IRQHandler
                0x0000000008000914                I2C1_EV_IRQHandler
                0x0000000008000914                DMA1_Stream6_IRQHandler
                0x0000000008000914                DMA1_Stream1_IRQHandler
                0x0000000008000914                UART4_IRQHandler
                0x0000000008000914                LCD_TFT_1_IRQHandler
                0x0000000008000914                TIM3_IRQHandler
                0x0000000008000914                RCC_IRQHandler
                0x0000000008000914                TIM8_BRK_TIM12_IRQHandler
                0x0000000008000914                Default_Handler
                0x0000000008000914                EXTI15_10_IRQHandler
                0x0000000008000914                ADC_IRQHandler
                0x0000000008000914                DMA1_Stream7_IRQHandler
                0x0000000008000914                TIM7_IRQHandler
                0x0000000008000914                CAN2_TX_IRQHandler
                0x0000000008000914                TIM5_IRQHandler
                0x0000000008000914                DMA2_Stream7_IRQHandler
                0x0000000008000914                I2C3_EV_IRQHandler
                0x0000000008000914                EXTI9_5_IRQHandler
                0x0000000008000914                RTC_WKUP_IRQHandler
                0x0000000008000914                ETH_WKUP_IRQHandler
                0x0000000008000914                SPI2_IRQHandler
                0x0000000008000914                OTG_HS_EP1_IN_IRQHandler
                0x0000000008000914                MemManage_Handler
                0x0000000008000914                DMA1_Stream0_IRQHandler
                0x0000000008000914                CAN1_TX_IRQHandler
                0x0000000008000914                SVC_Handler
                0x0000000008000914                EXTI4_IRQHandler
                0x0000000008000914                FSMC_IRQHandler
                0x0000000008000914                ETH_IRQHandler
                0x0000000008000914                OTG_HS_EP1_OUT_IRQHandler
                0x0000000008000914                WWDG_IRQHandler
                0x0000000008000914                TIM2_IRQHandler
                0x0000000008000914                OTG_FS_WKUP_IRQHandler
                0x0000000008000914                TIM1_TRG_COM_TIM11_IRQHandler
                0x0000000008000914                OTG_HS_IRQHandler
                0x0000000008000914                EXTI1_IRQHandler
                0x0000000008000914                USART2_IRQHandler
                0x0000000008000914                I2C2_ER_IRQHandler
                0x0000000008000914                DMA2_Stream1_IRQHandler
                0x0000000008000914                CAN1_SCE_IRQHandler
                0x0000000008000914                DMA2_Stream4_IRQHandler
                0x0000000008000914                BusFault_Handler
                0x0000000008000914                USART1_IRQHandler
                0x0000000008000914                OTG_FS_IRQHandler
                0x0000000008000914                SPI3_IRQHandler
                0x0000000008000914                DMA1_Stream4_IRQHandler
                0x0000000008000914                I2C1_ER_IRQHandler
                0x0000000008000914                DMA2_Stream6_IRQHandler
                0x0000000008000914                DMA1_Stream3_IRQHandler
 *fill*         0x0000000008000916        0x2 
 .text.GPIO_PeriClockControl
                0x0000000008000918      0x104 ./drivers/Src/stm32f407xx_gpio_driver.o
                0x0000000008000918                GPIO_PeriClockControl
 .text.GPIO_Init
                0x0000000008000a1c      0x31c ./drivers/Src/stm32f407xx_gpio_driver.o
                0x0000000008000a1c                GPIO_Init
 .text.GPIO_ReadFromInputPin
                0x0000000008000d38       0x2a ./drivers/Src/stm32f407xx_gpio_driver.o
                0x0000000008000d38                GPIO_ReadFromInputPin
 *fill*         0x0000000008000d62        0x2 
 .text.SPI_PeriClockControl
                0x0000000008000d64       0x6c ./drivers/Src/stm32f407xx_spi_driver.o
                0x0000000008000d64                SPI_PeriClockControl
 .text.SPI_Init
                0x0000000008000dd0       0xa8 ./drivers/Src/stm32f407xx_spi_driver.o
                0x0000000008000dd0                SPI_Init
 .text.SPI_GetFlagStatus
                0x0000000008000e78       0x26 ./drivers/Src/stm32f407xx_spi_driver.o
                0x0000000008000e78                SPI_GetFlagStatus
 .text.SPI_SendData
                0x0000000008000e9e       0x6e ./drivers/Src/stm32f407xx_spi_driver.o
                0x0000000008000e9e                SPI_SendData
 .text.SPI_ReceiveData
                0x0000000008000f0c       0x6e ./drivers/Src/stm32f407xx_spi_driver.o
                0x0000000008000f0c                SPI_ReceiveData
 .text.SPI_PeripheralControl
                0x0000000008000f7a       0x36 ./drivers/Src/stm32f407xx_spi_driver.o
                0x0000000008000f7a                SPI_PeripheralControl
 .text.SPI_SSOEConfig
                0x0000000008000fb0       0x36 ./drivers/Src/stm32f407xx_spi_driver.o
                0x0000000008000fb0                SPI_SSOEConfig
 *fill*         0x0000000008000fe6        0x2 
 .text.std      0x0000000008000fe8       0x48 C:/ST/STM32CubeIDE_1.4.0/STM32CubeIDE/plugins/com.st.stm32cube.ide.mcu.externaltools.gnu-tools-for-stm32.11.3.rel1.win32_1.1.0.202305231506/tools/bin/../lib/gcc/arm-none-eabi/11.3.1/../../../../arm-none-eabi/lib/thumb/v7e-m/nofp\libc_nano.a(libc_a-findfp.o)
 .text.stdio_exit_handler
                0x0000000008001030       0x18 C:/ST/STM32CubeIDE_1.4.0/STM32CubeIDE/plugins/com.st.stm32cube.ide.mcu.externaltools.gnu-tools-for-stm32.11.3.rel1.win32_1.1.0.202305231506/tools/bin/../lib/gcc/arm-none-eabi/11.3.1/../../../../arm-none-eabi/lib/thumb/v7e-m/nofp\libc_nano.a(libc_a-findfp.o)
 .text.cleanup_stdio
                0x0000000008001048       0x40 C:/ST/STM32CubeIDE_1.4.0/STM32CubeIDE/plugins/com.st.stm32cube.ide.mcu.externaltools.gnu-tools-for-stm32.11.3.rel1.win32_1.1.0.202305231506/tools/bin/../lib/gcc/arm-none-eabi/11.3.1/../../../../arm-none-eabi/lib/thumb/v7e-m/nofp\libc_nano.a(libc_a-findfp.o)
 .text.global_stdio_init.part.0
                0x0000000008001088       0x3c C:/ST/STM32CubeIDE_1.4.0/STM32CubeIDE/plugins/com.st.stm32cube.ide.mcu.externaltools.gnu-tools-for-stm32.11.3.rel1.win32_1.1.0.202305231506/tools/bin/../lib/gcc/arm-none-eabi/11.3.1/../../../../arm-none-eabi/lib/thumb/v7e-m/nofp\libc_nano.a(libc_a-findfp.o)
 .text.__sfp_lock_acquire
                0x00000000080010c4        0xc C:/ST/STM32CubeIDE_1.4.0/STM32CubeIDE/plugins/com.st.stm32cube.ide.mcu.externaltools.gnu-tools-for-stm32.11.3.rel1.win32_1.1.0.202305231506/tools/bin/../lib/gcc/arm-none-eabi/11.3.1/../../../../arm-none-eabi/lib/thumb/v7e-m/nofp\libc_nano.a(libc_a-findfp.o)
                0x00000000080010c4                __sfp_lock_acquire
 .text.__sfp_lock_release
                0x00000000080010d0        0xc C:/ST/STM32CubeIDE_1.4.0/STM32CubeIDE/plugins/com.st.stm32cube.ide.mcu.externaltools.gnu-tools-for-stm32.11.3.rel1.win32_1.1.0.202305231506/tools/bin/../lib/gcc/arm-none-eabi/11.3.1/../../../../arm-none-eabi/lib/thumb/v7e-m/nofp\libc_nano.a(libc_a-findfp.o)
                0x00000000080010d0                __sfp_lock_release
 .text.__sinit  0x00000000080010dc       0x30 C:/ST/STM32CubeIDE_1.4.0/STM32CubeIDE/plugins/com.st.stm32cube.ide.mcu.externaltools.gnu-tools-for-stm32.11.3.rel1.win32_1.1.0.202305231506/tools/bin/../lib/gcc/arm-none-eabi/11.3.1/../../../../arm-none-eabi/lib/thumb/v7e-m/nofp\libc_nano.a(libc_a-findfp.o)
                0x00000000080010dc                __sinit
 .text._fwalk_sglue
                0x000000000800110c       0x3c C:/ST/STM32CubeIDE_1.4.0/STM32CubeIDE/plugins/com.st.stm32cube.ide.mcu.externaltools.gnu-tools-for-stm32.11.3.rel1.win32_1.1.0.202305231506/tools/bin/../lib/gcc/arm-none-eabi/11.3.1/../../../../arm-none-eabi/lib/thumb/v7e-m/nofp\libc_nano.a(libc_a-fwalk.o)
                0x000000000800110c                _fwalk_sglue
 .text.printf   0x0000000008001148       0x24 C:/ST/STM32CubeIDE_1.4.0/STM32CubeIDE/plugins/com.st.stm32cube.ide.mcu.externaltools.gnu-tools-for-stm32.11.3.rel1.win32_1.1.0.202305231506/tools/bin/../lib/gcc/arm-none-eabi/11.3.1/../../../../arm-none-eabi/lib/thumb/v7e-m/nofp\libc_nano.a(libc_a-printf.o)
                0x0000000008001148                iprintf
                0x0000000008001148                printf
 .text._puts_r  0x000000000800116c       0xa8 C:/ST/STM32CubeIDE_1.4.0/STM32CubeIDE/plugins/com.st.stm32cube.ide.mcu.externaltools.gnu-tools-for-stm32.11.3.rel1.win32_1.1.0.202305231506/tools/bin/../lib/gcc/arm-none-eabi/11.3.1/../../../../arm-none-eabi/lib/thumb/v7e-m/nofp\libc_nano.a(libc_a-puts.o)
                0x000000000800116c                _puts_r
 .text.puts     0x0000000008001214       0x10 C:/ST/STM32CubeIDE_1.4.0/STM32CubeIDE/plugins/com.st.stm32cube.ide.mcu.externaltools.gnu-tools-for-stm32.11.3.rel1.win32_1.1.0.202305231506/tools/bin/../lib/gcc/arm-none-eabi/11.3.1/../../../../arm-none-eabi/lib/thumb/v7e-m/nofp\libc_nano.a(libc_a-puts.o)
                0x0000000008001214                puts
 .text.__sread  0x0000000008001224       0x22 C:/ST/STM32CubeIDE_1.4.0/STM32CubeIDE/plugins/com.st.stm32cube.ide.mcu.externaltools.gnu-tools-for-stm32.11.3.rel1.win32_1.1.0.202305231506/tools/bin/../lib/gcc/arm-none-eabi/11.3.1/../../../../arm-none-eabi/lib/thumb/v7e-m/nofp\libc_nano.a(libc_a-stdio.o)
                0x0000000008001224                __sread
 .text.__swrite
                0x0000000008001246       0x38 C:/ST/STM32CubeIDE_1.4.0/STM32CubeIDE/plugins/com.st.stm32cube.ide.mcu.externaltools.gnu-tools-for-stm32.11.3.rel1.win32_1.1.0.202305231506/tools/bin/../lib/gcc/arm-none-eabi/11.3.1/../../../../arm-none-eabi/lib/thumb/v7e-m/nofp\libc_nano.a(libc_a-stdio.o)
                0x0000000008001246                __swrite
 .text.__sseek  0x000000000800127e       0x24 C:/ST/STM32CubeIDE_1.4.0/STM32CubeIDE/plugins/com.st.stm32cube.ide.mcu.externaltools.gnu-tools-for-stm32.11.3.rel1.win32_1.1.0.202305231506/tools/bin/../lib/gcc/arm-none-eabi/11.3.1/../../../../arm-none-eabi/lib/thumb/v7e-m/nofp\libc_nano.a(libc_a-stdio.o)
                0x000000000800127e                __sseek
 .text.__sclose
                0x00000000080012a2        0x8 C:/ST/STM32CubeIDE_1.4.0/STM32CubeIDE/plugins/com.st.stm32cube.ide.mcu.externaltools.gnu-tools-for-stm32.11.3.rel1.win32_1.1.0.202305231506/tools/bin/../lib/gcc/arm-none-eabi/11.3.1/../../../../arm-none-eabi/lib/thumb/v7e-m/nofp\libc_nano.a(libc_a-stdio.o)
                0x00000000080012a2                __sclose
 .text.__swbuf_r
                0x00000000080012aa       0x7a C:/ST/STM32CubeIDE_1.4.0/STM32CubeIDE/plugins/com.st.stm32cube.ide.mcu.externaltools.gnu-tools-for-stm32.11.3.rel1.win32_1.1.0.202305231506/tools/bin/../lib/gcc/arm-none-eabi/11.3.1/../../../../arm-none-eabi/lib/thumb/v7e-m/nofp\libc_nano.a(libc_a-wbuf.o)
                0x00000000080012aa                __swbuf_r
 .text.__swsetup_r
                0x0000000008001324       0xb0 C:/ST/STM32CubeIDE_1.4.0/STM32CubeIDE/plugins/com.st.stm32cube.ide.mcu.externaltools.gnu-tools-for-stm32.11.3.rel1.win32_1.1.0.202305231506/tools/bin/../lib/gcc/arm-none-eabi/11.3.1/../../../../arm-none-eabi/lib/thumb/v7e-m/nofp\libc_nano.a(libc_a-wsetup.o)
                0x0000000008001324                __swsetup_r
 .text.memset   0x00000000080013d4       0x10 C:/ST/STM32CubeIDE_1.4.0/STM32CubeIDE/plugins/com.st.stm32cube.ide.mcu.externaltools.gnu-tools-for-stm32.11.3.rel1.win32_1.1.0.202305231506/tools/bin/../lib/gcc/arm-none-eabi/11.3.1/../../../../arm-none-eabi/lib/thumb/v7e-m/nofp\libc_nano.a(libc_a-memset.o)
                0x00000000080013d4                memset
 .text._close_r
                0x00000000080013e4       0x20 C:/ST/STM32CubeIDE_1.4.0/STM32CubeIDE/plugins/com.st.stm32cube.ide.mcu.externaltools.gnu-tools-for-stm32.11.3.rel1.win32_1.1.0.202305231506/tools/bin/../lib/gcc/arm-none-eabi/11.3.1/../../../../arm-none-eabi/lib/thumb/v7e-m/nofp\libc_nano.a(libc_a-closer.o)
                0x00000000080013e4                _close_r
 .text._lseek_r
                0x0000000008001404       0x24 C:/ST/STM32CubeIDE_1.4.0/STM32CubeIDE/plugins/com.st.stm32cube.ide.mcu.externaltools.gnu-tools-for-stm32.11.3.rel1.win32_1.1.0.202305231506/tools/bin/../lib/gcc/arm-none-eabi/11.3.1/../../../../arm-none-eabi/lib/thumb/v7e-m/nofp\libc_nano.a(libc_a-lseekr.o)
                0x0000000008001404                _lseek_r
 .text._read_r  0x0000000008001428       0x24 C:/ST/STM32CubeIDE_1.4.0/STM32CubeIDE/plugins/com.st.stm32cube.ide.mcu.externaltools.gnu-tools-for-stm32.11.3.rel1.win32_1.1.0.202305231506/tools/bin/../lib/gcc/arm-none-eabi/11.3.1/../../../../arm-none-eabi/lib/thumb/v7e-m/nofp\libc_nano.a(libc_a-readr.o)
                0x0000000008001428                _read_r
 .text._write_r
                0x000000000800144c       0x24 C:/ST/STM32CubeIDE_1.4.0/STM32CubeIDE/plugins/com.st.stm32cube.ide.mcu.externaltools.gnu-tools-for-stm32.11.3.rel1.win32_1.1.0.202305231506/tools/bin/../lib/gcc/arm-none-eabi/11.3.1/../../../../arm-none-eabi/lib/thumb/v7e-m/nofp\libc_nano.a(libc_a-writer.o)
                0x000000000800144c                _write_r
 .text.__errno  0x0000000008001470        0xc C:/ST/STM32CubeIDE_1.4.0/STM32CubeIDE/plugins/com.st.stm32cube.ide.mcu.externaltools.gnu-tools-for-stm32.11.3.rel1.win32_1.1.0.202305231506/tools/bin/../lib/gcc/arm-none-eabi/11.3.1/../../../../arm-none-eabi/lib/thumb/v7e-m/nofp\libc_nano.a(libc_a-errno.o)
                0x0000000008001470                __errno
 .text.__libc_init_array
                0x000000000800147c       0x48 C:/ST/STM32CubeIDE_1.4.0/STM32CubeIDE/plugins/com.st.stm32cube.ide.mcu.externaltools.gnu-tools-for-stm32.11.3.rel1.win32_1.1.0.202305231506/tools/bin/../lib/gcc/arm-none-eabi/11.3.1/../../../../arm-none-eabi/lib/thumb/v7e-m/nofp\libc_nano.a(libc_a-init.o)
                0x000000000800147c                __libc_init_array
 .text.__retarget_lock_acquire_recursive
                0x00000000080014c4        0x2 C:/ST/STM32CubeIDE_1.4.0/STM32CubeIDE/plugins/com.st.stm32cube.ide.mcu.externaltools.gnu-tools-for-stm32.11.3.rel1.win32_1.1.0.202305231506/tools/bin/../lib/gcc/arm-none-eabi/11.3.1/../../../../arm-none-eabi/lib/thumb/v7e-m/nofp\libc_nano.a(libc_a-lock.o)
                0x00000000080014c4                __retarget_lock_acquire_recursive
 .text.__retarget_lock_release_recursive
                0x00000000080014c6        0x2 C:/ST/STM32CubeIDE_1.4.0/STM32CubeIDE/plugins/com.st.stm32cube.ide.mcu.externaltools.gnu-tools-for-stm32.11.3.rel1.win32_1.1.0.202305231506/tools/bin/../lib/gcc/arm-none-eabi/11.3.1/../../../../arm-none-eabi/lib/thumb/v7e-m/nofp\libc_nano.a(libc_a-lock.o)
                0x00000000080014c6                __retarget_lock_release_recursive
 .text._free_r  0x00000000080014c8       0x94 C:/ST/STM32CubeIDE_1.4.0/STM32CubeIDE/plugins/com.st.stm32cube.ide.mcu.externaltools.gnu-tools-for-stm32.11.3.rel1.win32_1.1.0.202305231506/tools/bin/../lib/gcc/arm-none-eabi/11.3.1/../../../../arm-none-eabi/lib/thumb/v7e-m/nofp\libc_nano.a(libc_a-freer.o)
                0x00000000080014c8                _free_r
 .text.sbrk_aligned
                0x000000000800155c       0x40 C:/ST/STM32CubeIDE_1.4.0/STM32CubeIDE/plugins/com.st.stm32cube.ide.mcu.externaltools.gnu-tools-for-stm32.11.3.rel1.win32_1.1.0.202305231506/tools/bin/../lib/gcc/arm-none-eabi/11.3.1/../../../../arm-none-eabi/lib/thumb/v7e-m/nofp\libc_nano.a(libc_a-mallocr.o)
 .text._malloc_r
                0x000000000800159c      0x100 C:/ST/STM32CubeIDE_1.4.0/STM32CubeIDE/plugins/com.st.stm32cube.ide.mcu.externaltools.gnu-tools-for-stm32.11.3.rel1.win32_1.1.0.202305231506/tools/bin/../lib/gcc/arm-none-eabi/11.3.1/../../../../arm-none-eabi/lib/thumb/v7e-m/nofp\libc_nano.a(libc_a-mallocr.o)
                0x000000000800159c                _malloc_r
 .text.__malloc_lock
                0x000000000800169c        0xc C:/ST/STM32CubeIDE_1.4.0/STM32CubeIDE/plugins/com.st.stm32cube.ide.mcu.externaltools.gnu-tools-for-stm32.11.3.rel1.win32_1.1.0.202305231506/tools/bin/../lib/gcc/arm-none-eabi/11.3.1/../../../../arm-none-eabi/lib/thumb/v7e-m/nofp\libc_nano.a(libc_a-mlock.o)
                0x000000000800169c                __malloc_lock
 .text.__malloc_unlock
                0x00000000080016a8        0xc C:/ST/STM32CubeIDE_1.4.0/STM32CubeIDE/plugins/com.st.stm32cube.ide.mcu.externaltools.gnu-tools-for-stm32.11.3.rel1.win32_1.1.0.202305231506/tools/bin/../lib/gcc/arm-none-eabi/11.3.1/../../../../arm-none-eabi/lib/thumb/v7e-m/nofp\libc_nano.a(libc_a-mlock.o)
                0x00000000080016a8                __malloc_unlock
 .text.__sfputc_r
                0x00000000080016b4       0x2a C:/ST/STM32CubeIDE_1.4.0/STM32CubeIDE/plugins/com.st.stm32cube.ide.mcu.externaltools.gnu-tools-for-stm32.11.3.rel1.win32_1.1.0.202305231506/tools/bin/../lib/gcc/arm-none-eabi/11.3.1/../../../../arm-none-eabi/lib/thumb/v7e-m/nofp\libc_nano.a(libc_a-nano-vfprintf.o)
 .text.__sfputs_r
                0x00000000080016de       0x24 C:/ST/STM32CubeIDE_1.4.0/STM32CubeIDE/plugins/com.st.stm32cube.ide.mcu.externaltools.gnu-tools-for-stm32.11.3.rel1.win32_1.1.0.202305231506/tools/bin/../lib/gcc/arm-none-eabi/11.3.1/../../../../arm-none-eabi/lib/thumb/v7e-m/nofp\libc_nano.a(libc_a-nano-vfprintf.o)
                0x00000000080016de                __sfputs_r
 *fill*         0x0000000008001702        0x2 
 .text._vfprintf_r
                0x0000000008001704      0x234 C:/ST/STM32CubeIDE_1.4.0/STM32CubeIDE/plugins/com.st.stm32cube.ide.mcu.externaltools.gnu-tools-for-stm32.11.3.rel1.win32_1.1.0.202305231506/tools/bin/../lib/gcc/arm-none-eabi/11.3.1/../../../../arm-none-eabi/lib/thumb/v7e-m/nofp\libc_nano.a(libc_a-nano-vfprintf.o)
                0x0000000008001704                _vfprintf_r
                0x0000000008001704                _vfiprintf_r
 .text._printf_common
                0x0000000008001938       0xda C:/ST/STM32CubeIDE_1.4.0/STM32CubeIDE/plugins/com.st.stm32cube.ide.mcu.externaltools.gnu-tools-for-stm32.11.3.rel1.win32_1.1.0.202305231506/tools/bin/../lib/gcc/arm-none-eabi/11.3.1/../../../../arm-none-eabi/lib/thumb/v7e-m/nofp\libc_nano.a(libc_a-nano-vfprintf_i.o)
                0x0000000008001938                _printf_common
 *fill*         0x0000000008001a12        0x2 
 .text._printf_i
                0x0000000008001a14      0x244 C:/ST/STM32CubeIDE_1.4.0/STM32CubeIDE/plugins/com.st.stm32cube.ide.mcu.externaltools.gnu-tools-for-stm32.11.3.rel1.win32_1.1.0.202305231506/tools/bin/../lib/gcc/arm-none-eabi/11.3.1/../../../../arm-none-eabi/lib/thumb/v7e-m/nofp\libc_nano.a(libc_a-nano-vfprintf_i.o)
                0x0000000008001a14                _printf_i
 .text.__sflush_r
                0x0000000008001c58      0x104 C:/ST/STM32CubeIDE_1.4.0/STM32CubeIDE/plugins/com.st.stm32cube.ide.mcu.externaltools.gnu-tools-for-stm32.11.3.rel1.win32_1.1.0.202305231506/tools/bin/../lib/gcc/arm-none-eabi/11.3.1/../../../../arm-none-eabi/lib/thumb/v7e-m/nofp\libc_nano.a(libc_a-fflush.o)
                0x0000000008001c58                __sflush_r
 .text._fflush_r
                0x0000000008001d5c       0x50 C:/ST/STM32CubeIDE_1.4.0/STM32CubeIDE/plugins/com.st.stm32cube.ide.mcu.externaltools.gnu-tools-for-stm32.11.3.rel1.win32_1.1.0.202305231506/tools/bin/../lib/gcc/arm-none-eabi/11.3.1/../../../../arm-none-eabi/lib/thumb/v7e-m/nofp\libc_nano.a(libc_a-fflush.o)
                0x0000000008001d5c                _fflush_r
 .text.__swhatbuf_r
                0x0000000008001dac       0x4c C:/ST/STM32CubeIDE_1.4.0/STM32CubeIDE/plugins/com.st.stm32cube.ide.mcu.externaltools.gnu-tools-for-stm32.11.3.rel1.win32_1.1.0.202305231506/tools/bin/../lib/gcc/arm-none-eabi/11.3.1/../../../../arm-none-eabi/lib/thumb/v7e-m/nofp\libc_nano.a(libc_a-makebuf.o)
                0x0000000008001dac                __swhatbuf_r
 .text.__smakebuf_r
                0x0000000008001df8       0x78 C:/ST/STM32CubeIDE_1.4.0/STM32CubeIDE/plugins/com.st.stm32cube.ide.mcu.externaltools.gnu-tools-for-stm32.11.3.rel1.win32_1.1.0.202305231506/tools/bin/../lib/gcc/arm-none-eabi/11.3.1/../../../../arm-none-eabi/lib/thumb/v7e-m/nofp\libc_nano.a(libc_a-makebuf.o)
                0x0000000008001df8                __smakebuf_r
 .text._fstat_r
                0x0000000008001e70       0x24 C:/ST/STM32CubeIDE_1.4.0/STM32CubeIDE/plugins/com.st.stm32cube.ide.mcu.externaltools.gnu-tools-for-stm32.11.3.rel1.win32_1.1.0.202305231506/tools/bin/../lib/gcc/arm-none-eabi/11.3.1/../../../../arm-none-eabi/lib/thumb/v7e-m/nofp\libc_nano.a(libc_a-fstatr.o)
                0x0000000008001e70                _fstat_r
 .text._isatty_r
                0x0000000008001e94       0x20 C:/ST/STM32CubeIDE_1.4.0/STM32CubeIDE/plugins/com.st.stm32cube.ide.mcu.externaltools.gnu-tools-for-stm32.11.3.rel1.win32_1.1.0.202305231506/tools/bin/../lib/gcc/arm-none-eabi/11.3.1/../../../../arm-none-eabi/lib/thumb/v7e-m/nofp\libc_nano.a(libc_a-isattyr.o)
                0x0000000008001e94                _isatty_r
 .text._sbrk_r  0x0000000008001eb4       0x20 C:/ST/STM32CubeIDE_1.4.0/STM32CubeIDE/plugins/com.st.stm32cube.ide.mcu.externaltools.gnu-tools-for-stm32.11.3.rel1.win32_1.1.0.202305231506/tools/bin/../lib/gcc/arm-none-eabi/11.3.1/../../../../arm-none-eabi/lib/thumb/v7e-m/nofp\libc_nano.a(libc_a-sbrkr.o)
                0x0000000008001eb4                _sbrk_r
 *(.glue_7)
 .glue_7        0x0000000008001ed4        0x0 linker stubs
 *(.glue_7t)
 .glue_7t       0x0000000008001ed4        0x0 linker stubs
 *(.eh_frame)
 .eh_frame      0x0000000008001ed4        0x0 C:/ST/STM32CubeIDE_1.4.0/STM32CubeIDE/plugins/com.st.stm32cube.ide.mcu.externaltools.gnu-tools-for-stm32.11.3.rel1.win32_1.1.0.202305231506/tools/bin/../lib/gcc/arm-none-eabi/11.3.1/thumb/v7e-m/nofp/crtbegin.o
 *(.init)
 .init          0x0000000008001ed4        0x4 C:/ST/STM32CubeIDE_1.4.0/STM32CubeIDE/plugins/com.st.stm32cube.ide.mcu.externaltools.gnu-tools-for-stm32.11.3.rel1.win32_1.1.0.202305231506/tools/bin/../lib/gcc/arm-none-eabi/11.3.1/thumb/v7e-m/nofp/crti.o
                0x0000000008001ed4                _init
 .init          0x0000000008001ed8        0x8 C:/ST/STM32CubeIDE_1.4.0/STM32CubeIDE/plugins/com.st.stm32cube.ide.mcu.externaltools.gnu-tools-for-stm32.11.3.rel1.win32_1.1.0.202305231506/tools/bin/../lib/gcc/arm-none-eabi/11.3.1/thumb/v7e-m/nofp/crtn.o
 *(.fini)
 .fini          0x0000000008001ee0        0x4 C:/ST/STM32CubeIDE_1.4.0/STM32CubeIDE/plugins/com.st.stm32cube.ide.mcu.externaltools.gnu-tools-for-stm32.11.3.rel1.win32_1.1.0.202305231506/tools/bin/../lib/gcc/arm-none-eabi/11.3.1/thumb/v7e-m/nofp/crti.o
                0x0000000008001ee0                _fini
 .fini          0x0000000008001ee4        0x8 C:/ST/STM32CubeIDE_1.4.0/STM32CubeIDE/plugins/com.st.stm32cube.ide.mcu.externaltools.gnu-tools-for-stm32.11.3.rel1.win32_1.1.0.202305231506/tools/bin/../lib/gcc/arm-none-eabi/11.3.1/thumb/v7e-m/nofp/crtn.o
                0x0000000008001eec                . = ALIGN (0x4)
                0x0000000008001eec                _etext = .

.vfp11_veneer   0x0000000008001eec        0x0
 .vfp11_veneer  0x0000000008001eec        0x0 linker stubs

.v4_bx          0x0000000008001eec        0x0
 .v4_bx         0x0000000008001eec        0x0 linker stubs

.iplt           0x0000000008001eec        0x0
 .iplt          0x0000000008001eec        0x0 C:/ST/STM32CubeIDE_1.4.0/STM32CubeIDE/plugins/com.st.stm32cube.ide.mcu.externaltools.gnu-tools-for-stm32.11.3.rel1.win32_1.1.0.202305231506/tools/bin/../lib/gcc/arm-none-eabi/11.3.1/thumb/v7e-m/nofp/crtbegin.o

.rodata         0x0000000008001eec       0x90
                0x0000000008001eec                . = ALIGN (0x4)
 *(.rodata)
 .rodata        0x0000000008001eec       0x5b ./Src/006_spi_cmd_handling.o
 *(.rodata*)
 .rodata._vfprintf_r.str1.1
                0x0000000008001f47       0x11 C:/ST/STM32CubeIDE_1.4.0/STM32CubeIDE/plugins/com.st.stm32cube.ide.mcu.externaltools.gnu-tools-for-stm32.11.3.rel1.win32_1.1.0.202305231506/tools/bin/../lib/gcc/arm-none-eabi/11.3.1/../../../../arm-none-eabi/lib/thumb/v7e-m/nofp\libc_nano.a(libc_a-nano-vfprintf.o)
 .rodata._printf_i.str1.1
                0x0000000008001f58       0x22 C:/ST/STM32CubeIDE_1.4.0/STM32CubeIDE/plugins/com.st.stm32cube.ide.mcu.externaltools.gnu-tools-for-stm32.11.3.rel1.win32_1.1.0.202305231506/tools/bin/../lib/gcc/arm-none-eabi/11.3.1/../../../../arm-none-eabi/lib/thumb/v7e-m/nofp\libc_nano.a(libc_a-nano-vfprintf_i.o)
                0x0000000008001f7c                . = ALIGN (0x4)
 *fill*         0x0000000008001f7a        0x2 

.rel.dyn        0x0000000008001f7c        0x0
 .rel.iplt      0x0000000008001f7c        0x0 C:/ST/STM32CubeIDE_1.4.0/STM32CubeIDE/plugins/com.st.stm32cube.ide.mcu.externaltools.gnu-tools-for-stm32.11.3.rel1.win32_1.1.0.202305231506/tools/bin/../lib/gcc/arm-none-eabi/11.3.1/thumb/v7e-m/nofp/crtbegin.o

.ARM.extab      0x0000000008001f7c        0x0
                0x0000000008001f7c                . = ALIGN (0x4)
 *(.ARM.extab* .gnu.linkonce.armextab.*)
                0x0000000008001f7c                . = ALIGN (0x4)

.ARM            0x0000000008001f7c        0x0
                0x0000000008001f7c                . = ALIGN (0x4)
                0x0000000008001f7c                __exidx_start = .
 *(.ARM.exidx*)
                0x0000000008001f7c                __exidx_end = .
                0x0000000008001f7c                . = ALIGN (0x4)

.preinit_array  0x0000000008001f7c        0x0
                0x0000000008001f7c                . = ALIGN (0x4)
                0x0000000008001f7c                PROVIDE (__preinit_array_start = .)
 *(.preinit_array*)
                0x0000000008001f7c                PROVIDE (__preinit_array_end = .)
                0x0000000008001f7c                . = ALIGN (0x4)

.init_array     0x0000000008001f7c        0x4
                0x0000000008001f7c                . = ALIGN (0x4)
                0x0000000008001f7c                PROVIDE (__init_array_start = .)
 *(SORT_BY_NAME(.init_array.*))
 *(.init_array*)
 .init_array    0x0000000008001f7c        0x4 C:/ST/STM32CubeIDE_1.4.0/STM32CubeIDE/plugins/com.st.stm32cube.ide.mcu.externaltools.gnu-tools-for-stm32.11.3.rel1.win32_1.1.0.202305231506/tools/bin/../lib/gcc/arm-none-eabi/11.3.1/thumb/v7e-m/nofp/crtbegin.o
                0x0000000008001f80                PROVIDE (__init_array_end = .)
                0x0000000008001f80                . = ALIGN (0x4)

.fini_array     0x0000000008001f80        0x4
                0x0000000008001f80                . = ALIGN (0x4)
                [!provide]                        PROVIDE (__fini_array_start = .)
 *(SORT_BY_NAME(.fini_array.*))
 *(.fini_array*)
 .fini_array    0x0000000008001f80        0x4 C:/ST/STM32CubeIDE_1.4.0/STM32CubeIDE/plugins/com.st.stm32cube.ide.mcu.externaltools.gnu-tools-for-stm32.11.3.rel1.win32_1.1.0.202305231506/tools/bin/../lib/gcc/arm-none-eabi/11.3.1/thumb/v7e-m/nofp/crtbegin.o
                [!provide]                        PROVIDE (__fini_array_end = .)
                0x0000000008001f84                . = ALIGN (0x4)
                0x0000000008001f84                _sidata = LOADADDR (.data)

.data           0x0000000020000000       0x5c load address 0x0000000008001f84
                0x0000000020000000                . = ALIGN (0x4)
                0x0000000020000000                _sdata = .
 *(.data)
 *(.data*)
 .data.__sglue  0x0000000020000000        0xc C:/ST/STM32CubeIDE_1.4.0/STM32CubeIDE/plugins/com.st.stm32cube.ide.mcu.externaltools.gnu-tools-for-stm32.11.3.rel1.win32_1.1.0.202305231506/tools/bin/../lib/gcc/arm-none-eabi/11.3.1/../../../../arm-none-eabi/lib/thumb/v7e-m/nofp\libc_nano.a(libc_a-findfp.o)
                0x0000000020000000                __sglue
 .data._impure_data
                0x000000002000000c       0x4c C:/ST/STM32CubeIDE_1.4.0/STM32CubeIDE/plugins/com.st.stm32cube.ide.mcu.externaltools.gnu-tools-for-stm32.11.3.rel1.win32_1.1.0.202305231506/tools/bin/../lib/gcc/arm-none-eabi/11.3.1/../../../../arm-none-eabi/lib/thumb/v7e-m/nofp\libc_nano.a(libc_a-impure.o)
                0x000000002000000c                _impure_data
 .data._impure_ptr
                0x0000000020000058        0x4 C:/ST/STM32CubeIDE_1.4.0/STM32CubeIDE/plugins/com.st.stm32cube.ide.mcu.externaltools.gnu-tools-for-stm32.11.3.rel1.win32_1.1.0.202305231506/tools/bin/../lib/gcc/arm-none-eabi/11.3.1/../../../../arm-none-eabi/lib/thumb/v7e-m/nofp\libc_nano.a(libc_a-impure.o)
                0x0000000020000058                _impure_ptr
 *(.RamFunc)
 *(.RamFunc*)
                0x000000002000005c                . = ALIGN (0x4)
                0x000000002000005c                _edata = .
                0x0000000008001fe0                _siccmram = LOADADDR (.ccmram)

.igot.plt       0x000000002000005c        0x0 load address 0x0000000008001fe0
 .igot.plt      0x000000002000005c        0x0 C:/ST/STM32CubeIDE_1.4.0/STM32CubeIDE/plugins/com.st.stm32cube.ide.mcu.externaltools.gnu-tools-for-stm32.11.3.rel1.win32_1.1.0.202305231506/tools/bin/../lib/gcc/arm-none-eabi/11.3.1/thumb/v7e-m/nofp/crtbegin.o

.ccmram         0x0000000010000000        0x0 load address 0x0000000008001fe0
                0x0000000010000000                . = ALIGN (0x4)
                0x0000000010000000                _sccmram = .
 *(.ccmram)
 *(.ccmram*)
                0x0000000010000000                . = ALIGN (0x4)
                0x0000000010000000                _eccmram = .
                0x0000000010000000                . = ALIGN (0x4)

.bss            0x000000002000005c      0x16c
                0x000000002000005c                _sbss = .
                0x000000002000005c                __bss_start__ = _sbss
 *(.bss)
 .bss           0x000000002000005c       0x1c C:/ST/STM32CubeIDE_1.4.0/STM32CubeIDE/plugins/com.st.stm32cube.ide.mcu.externaltools.gnu-tools-for-stm32.11.3.rel1.win32_1.1.0.202305231506/tools/bin/../lib/gcc/arm-none-eabi/11.3.1/thumb/v7e-m/nofp/crtbegin.o
 *(.bss*)
 .bss.__sbrk_heap_end
                0x0000000020000078        0x4 ./Src/sysmem.o
 .bss.__sf      0x000000002000007c      0x138 C:/ST/STM32CubeIDE_1.4.0/STM32CubeIDE/plugins/com.st.stm32cube.ide.mcu.externaltools.gnu-tools-for-stm32.11.3.rel1.win32_1.1.0.202305231506/tools/bin/../lib/gcc/arm-none-eabi/11.3.1/../../../../arm-none-eabi/lib/thumb/v7e-m/nofp\libc_nano.a(libc_a-findfp.o)
                0x000000002000007c                __sf
 .bss.__stdio_exit_handler
                0x00000000200001b4        0x4 C:/ST/STM32CubeIDE_1.4.0/STM32CubeIDE/plugins/com.st.stm32cube.ide.mcu.externaltools.gnu-tools-for-stm32.11.3.rel1.win32_1.1.0.202305231506/tools/bin/../lib/gcc/arm-none-eabi/11.3.1/../../../../arm-none-eabi/lib/thumb/v7e-m/nofp\libc_nano.a(libc_a-findfp.o)
                0x00000000200001b4                __stdio_exit_handler
 .bss.errno     0x00000000200001b8        0x4 C:/ST/STM32CubeIDE_1.4.0/STM32CubeIDE/plugins/com.st.stm32cube.ide.mcu.externaltools.gnu-tools-for-stm32.11.3.rel1.win32_1.1.0.202305231506/tools/bin/../lib/gcc/arm-none-eabi/11.3.1/../../../../arm-none-eabi/lib/thumb/v7e-m/nofp\libc_nano.a(libc_a-reent.o)
                0x00000000200001b8                errno
 .bss.__lock___malloc_recursive_mutex
                0x00000000200001bc        0x1 C:/ST/STM32CubeIDE_1.4.0/STM32CubeIDE/plugins/com.st.stm32cube.ide.mcu.externaltools.gnu-tools-for-stm32.11.3.rel1.win32_1.1.0.202305231506/tools/bin/../lib/gcc/arm-none-eabi/11.3.1/../../../../arm-none-eabi/lib/thumb/v7e-m/nofp\libc_nano.a(libc_a-lock.o)
                0x00000000200001bc                __lock___malloc_recursive_mutex
 .bss.__lock___sfp_recursive_mutex
                0x00000000200001bd        0x1 C:/ST/STM32CubeIDE_1.4.0/STM32CubeIDE/plugins/com.st.stm32cube.ide.mcu.externaltools.gnu-tools-for-stm32.11.3.rel1.win32_1.1.0.202305231506/tools/bin/../lib/gcc/arm-none-eabi/11.3.1/../../../../arm-none-eabi/lib/thumb/v7e-m/nofp\libc_nano.a(libc_a-lock.o)
                0x00000000200001bd                __lock___sfp_recursive_mutex
 *fill*         0x00000000200001be        0x2 
 .bss.__malloc_free_list
                0x00000000200001c0        0x4 C:/ST/STM32CubeIDE_1.4.0/STM32CubeIDE/plugins/com.st.stm32cube.ide.mcu.externaltools.gnu-tools-for-stm32.11.3.rel1.win32_1.1.0.202305231506/tools/bin/../lib/gcc/arm-none-eabi/11.3.1/../../../../arm-none-eabi/lib/thumb/v7e-m/nofp\libc_nano.a(libc_a-mallocr.o)
                0x00000000200001c0                __malloc_free_list
 .bss.__malloc_sbrk_start
                0x00000000200001c4        0x4 C:/ST/STM32CubeIDE_1.4.0/STM32CubeIDE/plugins/com.st.stm32cube.ide.mcu.externaltools.gnu-tools-for-stm32.11.3.rel1.win32_1.1.0.202305231506/tools/bin/../lib/gcc/arm-none-eabi/11.3.1/../../../../arm-none-eabi/lib/thumb/v7e-m/nofp\libc_nano.a(libc_a-mallocr.o)
                0x00000000200001c4                __malloc_sbrk_start
 *(COMMON)
                0x00000000200001c8                . = ALIGN (0x4)
                0x00000000200001c8                _ebss = .
                0x00000000200001c8                __bss_end__ = _ebss

._user_heap_stack
                0x00000000200001c8      0x600
                0x00000000200001c8                . = ALIGN (0x8)
                [!provide]                        PROVIDE (end = .)
                0x00000000200001c8                PROVIDE (_end = .)
                0x00000000200003c8                . = (. + _Min_Heap_Size)
 *fill*         0x00000000200001c8      0x200 
                0x00000000200007c8                . = (. + _Min_Stack_Size)
 *fill*         0x00000000200003c8      0x400 
                0x00000000200007c8                . = ALIGN (0x8)

/DISCARD/
 libc.a(*)
 libm.a(*)
 libgcc.a(*)

.ARM.attributes
                0x0000000000000000       0x2a
 *(.ARM.attributes)
 .ARM.attributes
                0x0000000000000000       0x1e C:/ST/STM32CubeIDE_1.4.0/STM32CubeIDE/plugins/com.st.stm32cube.ide.mcu.externaltools.gnu-tools-for-stm32.11.3.rel1.win32_1.1.0.202305231506/tools/bin/../lib/gcc/arm-none-eabi/11.3.1/thumb/v7e-m/nofp/crti.o
 .ARM.attributes
                0x000000000000001e       0x2e C:/ST/STM32CubeIDE_1.4.0/STM32CubeIDE/plugins/com.st.stm32cube.ide.mcu.externaltools.gnu-tools-for-stm32.11.3.rel1.win32_1.1.0.202305231506/tools/bin/../lib/gcc/arm-none-eabi/11.3.1/thumb/v7e-m/nofp/crtbegin.o
 .ARM.attributes
                0x000000000000004c       0x2e ./Src/006_spi_cmd_handling.o
 .ARM.attributes
                0x000000000000007a       0x2e ./Src/syscalls.o
 .ARM.attributes
                0x00000000000000a8       0x2e ./Src/sysmem.o
 .ARM.attributes
                0x00000000000000d6       0x21 ./Startup/startup_stm32f407vgtx.o
 .ARM.attributes
                0x00000000000000f7       0x2e ./drivers/Src/stm32f407xx_gpio_driver.o
 .ARM.attributes
                0x0000000000000125       0x2e ./drivers/Src/stm32f407xx_spi_driver.o
 .ARM.attributes
                0x0000000000000153       0x2e C:/ST/STM32CubeIDE_1.4.0/STM32CubeIDE/plugins/com.st.stm32cube.ide.mcu.externaltools.gnu-tools-for-stm32.11.3.rel1.win32_1.1.0.202305231506/tools/bin/../lib/gcc/arm-none-eabi/11.3.1/../../../../arm-none-eabi/lib/thumb/v7e-m/nofp\libc_nano.a(libc_a-findfp.o)
 .ARM.attributes
                0x0000000000000181       0x2e C:/ST/STM32CubeIDE_1.4.0/STM32CubeIDE/plugins/com.st.stm32cube.ide.mcu.externaltools.gnu-tools-for-stm32.11.3.rel1.win32_1.1.0.202305231506/tools/bin/../lib/gcc/arm-none-eabi/11.3.1/../../../../arm-none-eabi/lib/thumb/v7e-m/nofp\libc_nano.a(libc_a-fwalk.o)
 .ARM.attributes
                0x00000000000001af       0x2e C:/ST/STM32CubeIDE_1.4.0/STM32CubeIDE/plugins/com.st.stm32cube.ide.mcu.externaltools.gnu-tools-for-stm32.11.3.rel1.win32_1.1.0.202305231506/tools/bin/../lib/gcc/arm-none-eabi/11.3.1/../../../../arm-none-eabi/lib/thumb/v7e-m/nofp\libc_nano.a(libc_a-printf.o)
 .ARM.attributes
                0x00000000000001dd       0x2e C:/ST/STM32CubeIDE_1.4.0/STM32CubeIDE/plugins/com.st.stm32cube.ide.mcu.externaltools.gnu-tools-for-stm32.11.3.rel1.win32_1.1.0.202305231506/tools/bin/../lib/gcc/arm-none-eabi/11.3.1/../../../../arm-none-eabi/lib/thumb/v7e-m/nofp\libc_nano.a(libc_a-puts.o)
 .ARM.attributes
                0x000000000000020b       0x2e C:/ST/STM32CubeIDE_1.4.0/STM32CubeIDE/plugins/com.st.stm32cube.ide.mcu.externaltools.gnu-tools-for-stm32.11.3.rel1.win32_1.1.0.202305231506/tools/bin/../lib/gcc/arm-none-eabi/11.3.1/../../../../arm-none-eabi/lib/thumb/v7e-m/nofp\libc_nano.a(libc_a-stdio.o)
 .ARM.attributes
                0x0000000000000239       0x2e C:/ST/STM32CubeIDE_1.4.0/STM32CubeIDE/plugins/com.st.stm32cube.ide.mcu.externaltools.gnu-tools-for-stm32.11.3.rel1.win32_1.1.0.202305231506/tools/bin/../lib/gcc/arm-none-eabi/11.3.1/../../../../arm-none-eabi/lib/thumb/v7e-m/nofp\libc_nano.a(libc_a-wbuf.o)
 .ARM.attributes
                0x0000000000000267       0x2e C:/ST/STM32CubeIDE_1.4.0/STM32CubeIDE/plugins/com.st.stm32cube.ide.mcu.externaltools.gnu-tools-for-stm32.11.3.rel1.win32_1.1.0.202305231506/tools/bin/../lib/gcc/arm-none-eabi/11.3.1/../../../../arm-none-eabi/lib/thumb/v7e-m/nofp\libc_nano.a(libc_a-wsetup.o)
 .ARM.attributes
                0x0000000000000295       0x2e C:/ST/STM32CubeIDE_1.4.0/STM32CubeIDE/plugins/com.st.stm32cube.ide.mcu.externaltools.gnu-tools-for-stm32.11.3.rel1.win32_1.1.0.202305231506/tools/bin/../lib/gcc/arm-none-eabi/11.3.1/../../../../arm-none-eabi/lib/thumb/v7e-m/nofp\libc_nano.a(libc_a-memset.o)
 .ARM.attributes
                0x00000000000002c3       0x2e C:/ST/STM32CubeIDE_1.4.0/STM32CubeIDE/plugins/com.st.stm32cube.ide.mcu.externaltools.gnu-tools-for-stm32.11.3.rel1.win32_1.1.0.202305231506/tools/bin/../lib/gcc/arm-none-eabi/11.3.1/../../../../arm-none-eabi/lib/thumb/v7e-m/nofp\libc_nano.a(libc_a-closer.o)
 .ARM.attributes
                0x00000000000002f1       0x2e C:/ST/STM32CubeIDE_1.4.0/STM32CubeIDE/plugins/com.st.stm32cube.ide.mcu.externaltools.gnu-tools-for-stm32.11.3.rel1.win32_1.1.0.202305231506/tools/bin/../lib/gcc/arm-none-eabi/11.3.1/../../../../arm-none-eabi/lib/thumb/v7e-m/nofp\libc_nano.a(libc_a-reent.o)
 .ARM.attributes
                0x000000000000031f       0x2e C:/ST/STM32CubeIDE_1.4.0/STM32CubeIDE/plugins/com.st.stm32cube.ide.mcu.externaltools.gnu-tools-for-stm32.11.3.rel1.win32_1.1.0.202305231506/tools/bin/../lib/gcc/arm-none-eabi/11.3.1/../../../../arm-none-eabi/lib/thumb/v7e-m/nofp\libc_nano.a(libc_a-impure.o)
 .ARM.attributes
                0x000000000000034d       0x2e C:/ST/STM32CubeIDE_1.4.0/STM32CubeIDE/plugins/com.st.stm32cube.ide.mcu.externaltools.gnu-tools-for-stm32.11.3.rel1.win32_1.1.0.202305231506/tools/bin/../lib/gcc/arm-none-eabi/11.3.1/../../../../arm-none-eabi/lib/thumb/v7e-m/nofp\libc_nano.a(libc_a-lseekr.o)
 .ARM.attributes
                0x000000000000037b       0x2e C:/ST/STM32CubeIDE_1.4.0/STM32CubeIDE/plugins/com.st.stm32cube.ide.mcu.externaltools.gnu-tools-for-stm32.11.3.rel1.win32_1.1.0.202305231506/tools/bin/../lib/gcc/arm-none-eabi/11.3.1/../../../../arm-none-eabi/lib/thumb/v7e-m/nofp\libc_nano.a(libc_a-readr.o)
 .ARM.attributes
                0x00000000000003a9       0x2e C:/ST/STM32CubeIDE_1.4.0/STM32CubeIDE/plugins/com.st.stm32cube.ide.mcu.externaltools.gnu-tools-for-stm32.11.3.rel1.win32_1.1.0.202305231506/tools/bin/../lib/gcc/arm-none-eabi/11.3.1/../../../../arm-none-eabi/lib/thumb/v7e-m/nofp\libc_nano.a(libc_a-writer.o)
 .ARM.attributes
                0x00000000000003d7       0x2e C:/ST/STM32CubeIDE_1.4.0/STM32CubeIDE/plugins/com.st.stm32cube.ide.mcu.externaltools.gnu-tools-for-stm32.11.3.rel1.win32_1.1.0.202305231506/tools/bin/../lib/gcc/arm-none-eabi/11.3.1/../../../../arm-none-eabi/lib/thumb/v7e-m/nofp\libc_nano.a(libc_a-errno.o)
 .ARM.attributes
                0x0000000000000405       0x2e C:/ST/STM32CubeIDE_1.4.0/STM32CubeIDE/plugins/com.st.stm32cube.ide.mcu.externaltools.gnu-tools-for-stm32.11.3.rel1.win32_1.1.0.202305231506/tools/bin/../lib/gcc/arm-none-eabi/11.3.1/../../../../arm-none-eabi/lib/thumb/v7e-m/nofp\libc_nano.a(libc_a-init.o)
 .ARM.attributes
                0x0000000000000433       0x2e C:/ST/STM32CubeIDE_1.4.0/STM32CubeIDE/plugins/com.st.stm32cube.ide.mcu.externaltools.gnu-tools-for-stm32.11.3.rel1.win32_1.1.0.202305231506/tools/bin/../lib/gcc/arm-none-eabi/11.3.1/../../../../arm-none-eabi/lib/thumb/v7e-m/nofp\libc_nano.a(libc_a-lock.o)
 .ARM.attributes
                0x0000000000000461       0x17 C:/ST/STM32CubeIDE_1.4.0/STM32CubeIDE/plugins/com.st.stm32cube.ide.mcu.externaltools.gnu-tools-for-stm32.11.3.rel1.win32_1.1.0.202305231506/tools/bin/../lib/gcc/arm-none-eabi/11.3.1/../../../../arm-none-eabi/lib/thumb/v7e-m/nofp\libc_nano.a(libc_a-strlen.o)
 .ARM.attributes
                0x0000000000000478       0x2e C:/ST/STM32CubeIDE_1.4.0/STM32CubeIDE/plugins/com.st.stm32cube.ide.mcu.externaltools.gnu-tools-for-stm32.11.3.rel1.win32_1.1.0.202305231506/tools/bin/../lib/gcc/arm-none-eabi/11.3.1/../../../../arm-none-eabi/lib/thumb/v7e-m/nofp\libc_nano.a(libc_a-freer.o)
 .ARM.attributes
                0x00000000000004a6       0x2e C:/ST/STM32CubeIDE_1.4.0/STM32CubeIDE/plugins/com.st.stm32cube.ide.mcu.externaltools.gnu-tools-for-stm32.11.3.rel1.win32_1.1.0.202305231506/tools/bin/../lib/gcc/arm-none-eabi/11.3.1/../../../../arm-none-eabi/lib/thumb/v7e-m/nofp\libc_nano.a(libc_a-mallocr.o)
 .ARM.attributes
                0x00000000000004d4       0x2e C:/ST/STM32CubeIDE_1.4.0/STM32CubeIDE/plugins/com.st.stm32cube.ide.mcu.externaltools.gnu-tools-for-stm32.11.3.rel1.win32_1.1.0.202305231506/tools/bin/../lib/gcc/arm-none-eabi/11.3.1/../../../../arm-none-eabi/lib/thumb/v7e-m/nofp\libc_nano.a(libc_a-mlock.o)
 .ARM.attributes
                0x0000000000000502       0x2e C:/ST/STM32CubeIDE_1.4.0/STM32CubeIDE/plugins/com.st.stm32cube.ide.mcu.externaltools.gnu-tools-for-stm32.11.3.rel1.win32_1.1.0.202305231506/tools/bin/../lib/gcc/arm-none-eabi/11.3.1/../../../../arm-none-eabi/lib/thumb/v7e-m/nofp\libc_nano.a(libc_a-nano-vfprintf.o)
 .ARM.attributes
                0x0000000000000530       0x2e C:/ST/STM32CubeIDE_1.4.0/STM32CubeIDE/plugins/com.st.stm32cube.ide.mcu.externaltools.gnu-tools-for-stm32.11.3.rel1.win32_1.1.0.202305231506/tools/bin/../lib/gcc/arm-none-eabi/11.3.1/../../../../arm-none-eabi/lib/thumb/v7e-m/nofp\libc_nano.a(libc_a-nano-vfprintf_i.o)
 .ARM.attributes
                0x000000000000055e       0x2e C:/ST/STM32CubeIDE_1.4.0/STM32CubeIDE/plugins/com.st.stm32cube.ide.mcu.externaltools.gnu-tools-for-stm32.11.3.rel1.win32_1.1.0.202305231506/tools/bin/../lib/gcc/arm-none-eabi/11.3.1/../../../../arm-none-eabi/lib/thumb/v7e-m/nofp\libc_nano.a(libc_a-fflush.o)
 .ARM.attributes
                0x000000000000058c       0x2e C:/ST/STM32CubeIDE_1.4.0/STM32CubeIDE/plugins/com.st.stm32cube.ide.mcu.externaltools.gnu-tools-for-stm32.11.3.rel1.win32_1.1.0.202305231506/tools/bin/../lib/gcc/arm-none-eabi/11.3.1/../../../../arm-none-eabi/lib/thumb/v7e-m/nofp\libc_nano.a(libc_a-makebuf.o)
 .ARM.attributes
                0x00000000000005ba       0x2e C:/ST/STM32CubeIDE_1.4.0/STM32CubeIDE/plugins/com.st.stm32cube.ide.mcu.externaltools.gnu-tools-for-stm32.11.3.rel1.win32_1.1.0.202305231506/tools/bin/../lib/gcc/arm-none-eabi/11.3.1/../../../../arm-none-eabi/lib/thumb/v7e-m/nofp\libc_nano.a(libc_a-fstatr.o)
 .ARM.attributes
                0x00000000000005e8       0x2e C:/ST/STM32CubeIDE_1.4.0/STM32CubeIDE/plugins/com.st.stm32cube.ide.mcu.externaltools.gnu-tools-for-stm32.11.3.rel1.win32_1.1.0.202305231506/tools/bin/../lib/gcc/arm-none-eabi/11.3.1/../../../../arm-none-eabi/lib/thumb/v7e-m/nofp\libc_nano.a(libc_a-isattyr.o)
 .ARM.attributes
                0x0000000000000616       0x2e C:/ST/STM32CubeIDE_1.4.0/STM32CubeIDE/plugins/com.st.stm32cube.ide.mcu.externaltools.gnu-tools-for-stm32.11.3.rel1.win32_1.1.0.202305231506/tools/bin/../lib/gcc/arm-none-eabi/11.3.1/../../../../arm-none-eabi/lib/thumb/v7e-m/nofp\libc_nano.a(libc_a-sbrkr.o)
 .ARM.attributes
                0x0000000000000644       0x1c C:/ST/STM32CubeIDE_1.4.0/STM32CubeIDE/plugins/com.st.stm32cube.ide.mcu.externaltools.gnu-tools-for-stm32.11.3.rel1.win32_1.1.0.202305231506/tools/bin/../lib/gcc/arm-none-eabi/11.3.1/../../../../arm-none-eabi/lib/thumb/v7e-m/nofp\libc_nano.a(libc_a-memchr.o)
 .ARM.attributes
                0x0000000000000660       0x1e C:/ST/STM32CubeIDE_1.4.0/STM32CubeIDE/plugins/com.st.stm32cube.ide.mcu.externaltools.gnu-tools-for-stm32.11.3.rel1.win32_1.1.0.202305231506/tools/bin/../lib/gcc/arm-none-eabi/11.3.1/thumb/v7e-m/nofp/crtn.o
OUTPUT(17_STM32Fxx_Driver_SPI.elf elf32-littlearm)
LOAD linker stubs
LOAD C:/ST/STM32CubeIDE_1.4.0/STM32CubeIDE/plugins/com.st.stm32cube.ide.mcu.externaltools.gnu-tools-for-stm32.11.3.rel1.win32_1.1.0.202305231506/tools/bin/../lib/gcc/arm-none-eabi/11.3.1/../../../../arm-none-eabi/lib/thumb/v7e-m/nofp\libc.a
LOAD C:/ST/STM32CubeIDE_1.4.0/STM32CubeIDE/plugins/com.st.stm32cube.ide.mcu.externaltools.gnu-tools-for-stm32.11.3.rel1.win32_1.1.0.202305231506/tools/bin/../lib/gcc/arm-none-eabi/11.3.1/../../../../arm-none-eabi/lib/thumb/v7e-m/nofp\libm.a
LOAD C:/ST/STM32CubeIDE_1.4.0/STM32CubeIDE/plugins/com.st.stm32cube.ide.mcu.externaltools.gnu-tools-for-stm32.11.3.rel1.win32_1.1.0.202305231506/tools/bin/../lib/gcc/arm-none-eabi/11.3.1/thumb/v7e-m/nofp\libgcc.a

.comment        0x0000000000000000       0x43
 .comment       0x0000000000000000       0x43 C:/ST/STM32CubeIDE_1.4.0/STM32CubeIDE/plugins/com.st.stm32cube.ide.mcu.externaltools.gnu-tools-for-stm32.11.3.rel1.win32_1.1.0.202305231506/tools/bin/../lib/gcc/arm-none-eabi/11.3.1/thumb/v7e-m/nofp/crtbegin.o
                                         0x44 (size before relaxing)
 .comment       0x0000000000000043       0x44 ./Src/006_spi_cmd_handling.o
 .comment       0x0000000000000043       0x44 ./Src/syscalls.o
 .comment       0x0000000000000043       0x44 ./Src/sysmem.o
 .comment       0x0000000000000043       0x44 ./drivers/Src/stm32f407xx_gpio_driver.o
 .comment       0x0000000000000043       0x44 ./drivers/Src/stm32f407xx_spi_driver.o

.debug_info     0x0000000000000000     0x1b70
 .debug_info    0x0000000000000000      0x5cf ./Src/006_spi_cmd_handling.o
 .debug_info    0x00000000000005cf      0x6de ./Src/syscalls.o
 .debug_info    0x0000000000000cad      0x168 ./Src/sysmem.o
 .debug_info    0x0000000000000e15       0x23 ./Startup/startup_stm32f407vgtx.o
 .debug_info    0x0000000000000e38      0x743 ./drivers/Src/stm32f407xx_gpio_driver.o
 .debug_info    0x000000000000157b      0x5f5 ./drivers/Src/stm32f407xx_spi_driver.o

.debug_abbrev   0x0000000000000000      0x78a
 .debug_abbrev  0x0000000000000000      0x1fa ./Src/006_spi_cmd_handling.o
 .debug_abbrev  0x00000000000001fa      0x1b1 ./Src/syscalls.o
 .debug_abbrev  0x00000000000003ab       0xbc ./Src/sysmem.o
 .debug_abbrev  0x0000000000000467       0x12 ./Startup/startup_stm32f407vgtx.o
 .debug_abbrev  0x0000000000000479      0x178 ./drivers/Src/stm32f407xx_gpio_driver.o
 .debug_abbrev  0x00000000000005f1      0x199 ./drivers/Src/stm32f407xx_spi_driver.o

.debug_aranges  0x0000000000000000      0x228
 .debug_aranges
                0x0000000000000000       0x48 ./Src/006_spi_cmd_handling.o
 .debug_aranges
                0x0000000000000048       0xb0 ./Src/syscalls.o
 .debug_aranges
                0x00000000000000f8       0x20 ./Src/sysmem.o
 .debug_aranges
                0x0000000000000118       0x28 ./Startup/startup_stm32f407vgtx.o
 .debug_aranges
                0x0000000000000140       0x70 ./drivers/Src/stm32f407xx_gpio_driver.o
 .debug_aranges
                0x00000000000001b0       0x78 ./drivers/Src/stm32f407xx_spi_driver.o

.debug_rnglists
                0x0000000000000000      0x187
 .debug_rnglists
                0x0000000000000000       0x32 ./Src/006_spi_cmd_handling.o
 .debug_rnglists
                0x0000000000000032       0x7f ./Src/syscalls.o
 .debug_rnglists
                0x00000000000000b1       0x13 ./Src/sysmem.o
 .debug_rnglists
                0x00000000000000c4       0x19 ./Startup/startup_stm32f407vgtx.o
 .debug_rnglists
                0x00000000000000dd       0x53 ./drivers/Src/stm32f407xx_gpio_driver.o
 .debug_rnglists
                0x0000000000000130       0x57 ./drivers/Src/stm32f407xx_spi_driver.o

.debug_macro    0x0000000000000000     0x32ac
 .debug_macro   0x0000000000000000      0x1dd ./Src/006_spi_cmd_handling.o
 .debug_macro   0x00000000000001dd      0xaa8 ./Src/006_spi_cmd_handling.o
 .debug_macro   0x0000000000000c85       0x22 ./Src/006_spi_cmd_handling.o
 .debug_macro   0x0000000000000ca7       0x5b ./Src/006_spi_cmd_handling.o
 .debug_macro   0x0000000000000d02       0x24 ./Src/006_spi_cmd_handling.o
 .debug_macro   0x0000000000000d26       0x94 ./Src/006_spi_cmd_handling.o
 .debug_macro   0x0000000000000dba       0x43 ./Src/006_spi_cmd_handling.o
 .debug_macro   0x0000000000000dfd       0x34 ./Src/006_spi_cmd_handling.o
 .debug_macro   0x0000000000000e31      0x174 ./Src/006_spi_cmd_handling.o
 .debug_macro   0x0000000000000fa5       0x16 ./Src/006_spi_cmd_handling.o
 .debug_macro   0x0000000000000fbb       0x43 ./Src/006_spi_cmd_handling.o
 .debug_macro   0x0000000000000ffe       0x57 ./Src/006_spi_cmd_handling.o
 .debug_macro   0x0000000000001055       0x34 ./Src/006_spi_cmd_handling.o
 .debug_macro   0x0000000000001089       0x10 ./Src/006_spi_cmd_handling.o
 .debug_macro   0x0000000000001099       0x58 ./Src/006_spi_cmd_handling.o
 .debug_macro   0x00000000000010f1       0x8e ./Src/006_spi_cmd_handling.o
 .debug_macro   0x000000000000117f       0x1c ./Src/006_spi_cmd_handling.o
 .debug_macro   0x000000000000119b      0x177 ./Src/006_spi_cmd_handling.o
 .debug_macro   0x0000000000001312      0x369 ./Src/006_spi_cmd_handling.o
 .debug_macro   0x000000000000167b       0x10 ./Src/006_spi_cmd_handling.o
 .debug_macro   0x000000000000168b       0x35 ./Src/006_spi_cmd_handling.o
 .debug_macro   0x00000000000016c0       0x20 ./Src/006_spi_cmd_handling.o
 .debug_macro   0x00000000000016e0      0x103 ./Src/006_spi_cmd_handling.o
 .debug_macro   0x00000000000017e3       0x6a ./Src/006_spi_cmd_handling.o
 .debug_macro   0x000000000000184d      0x1df ./Src/006_spi_cmd_handling.o
 .debug_macro   0x0000000000001a2c      0x467 ./Src/006_spi_cmd_handling.o
 .debug_macro   0x0000000000001e93       0xc4 ./Src/006_spi_cmd_handling.o
 .debug_macro   0x0000000000001f57       0x9a ./Src/006_spi_cmd_handling.o
 .debug_macro   0x0000000000001ff1       0x1c ./Src/006_spi_cmd_handling.o
 .debug_macro   0x000000000000200d       0x10 ./Src/006_spi_cmd_handling.o
 .debug_macro   0x000000000000201d       0x1c ./Src/006_spi_cmd_handling.o
 .debug_macro   0x0000000000002039       0x16 ./Src/006_spi_cmd_handling.o
 .debug_macro   0x000000000000204f      0x147 ./Src/006_spi_cmd_handling.o
 .debug_macro   0x0000000000002196      0x286 ./Src/syscalls.o
 .debug_macro   0x000000000000241c       0x10 ./Src/syscalls.o
 .debug_macro   0x000000000000242c       0x10 ./Src/syscalls.o
 .debug_macro   0x000000000000243c       0x10 ./Src/syscalls.o
 .debug_macro   0x000000000000244c       0x10 ./Src/syscalls.o
 .debug_macro   0x000000000000245c       0x1c ./Src/syscalls.o
 .debug_macro   0x0000000000002478       0x52 ./Src/syscalls.o
 .debug_macro   0x00000000000024ca       0x22 ./Src/syscalls.o
 .debug_macro   0x00000000000024ec       0x10 ./Src/syscalls.o
 .debug_macro   0x00000000000024fc       0x52 ./Src/syscalls.o
 .debug_macro   0x000000000000254e       0xcf ./Src/syscalls.o
 .debug_macro   0x000000000000261d       0x1c ./Src/syscalls.o
 .debug_macro   0x0000000000002639       0x3d ./Src/syscalls.o
 .debug_macro   0x0000000000002676       0x35 ./Src/syscalls.o
 .debug_macro   0x00000000000026ab      0x12c ./Src/syscalls.o
 .debug_macro   0x00000000000027d7       0x16 ./Src/syscalls.o
 .debug_macro   0x00000000000027ed       0x16 ./Src/syscalls.o
 .debug_macro   0x0000000000002803       0x29 ./Src/syscalls.o
 .debug_macro   0x000000000000282c       0x10 ./Src/syscalls.o
 .debug_macro   0x000000000000283c      0x242 ./Src/syscalls.o
 .debug_macro   0x0000000000002a7e       0x10 ./Src/syscalls.o
 .debug_macro   0x0000000000002a8e      0x18a ./Src/syscalls.o
 .debug_macro   0x0000000000002c18       0x16 ./Src/syscalls.o
 .debug_macro   0x0000000000002c2e       0xce ./Src/syscalls.o
 .debug_macro   0x0000000000002cfc       0xff ./Src/sysmem.o
 .debug_macro   0x0000000000002dfb      0x23c ./Src/sysmem.o
 .debug_macro   0x0000000000003037       0x81 ./drivers/Src/stm32f407xx_gpio_driver.o
 .debug_macro   0x00000000000030b8       0x8e ./drivers/Src/stm32f407xx_gpio_driver.o
 .debug_macro   0x0000000000003146       0x51 ./drivers/Src/stm32f407xx_gpio_driver.o
 .debug_macro   0x0000000000003197       0x81 ./drivers/Src/stm32f407xx_spi_driver.o
 .debug_macro   0x0000000000003218       0x94 ./drivers/Src/stm32f407xx_spi_driver.o

.debug_line     0x0000000000000000     0x2712
 .debug_line    0x0000000000000000      0x82c ./Src/006_spi_cmd_handling.o
 .debug_line    0x000000000000082c      0x8d3 ./Src/syscalls.o
 .debug_line    0x00000000000010ff      0x56f ./Src/sysmem.o
 .debug_line    0x000000000000166e       0x7b ./Startup/startup_stm32f407vgtx.o
 .debug_line    0x00000000000016e9      0x97b ./drivers/Src/stm32f407xx_gpio_driver.o
 .debug_line    0x0000000000002064      0x6ae ./drivers/Src/stm32f407xx_spi_driver.o

.debug_str      0x0000000000000000     0xba44
 .debug_str     0x0000000000000000     0x94d6 ./Src/006_spi_cmd_handling.o
                                       0x96e8 (size before relaxing)
 .debug_str     0x00000000000094d6     0x2169 ./Src/syscalls.o
                                       0x991f (size before relaxing)
 .debug_str     0x000000000000b63f       0x66 ./Src/sysmem.o
                                       0x601e (size before relaxing)
 .debug_str     0x000000000000b6a5       0x2f ./Startup/startup_stm32f407vgtx.o
                                         0x6c (size before relaxing)
 .debug_str     0x000000000000b6d4      0x2a5 ./drivers/Src/stm32f407xx_gpio_driver.o
                                       0x59f4 (size before relaxing)
 .debug_str     0x000000000000b979       0xcb ./drivers/Src/stm32f407xx_spi_driver.o
                                       0x5945 (size before relaxing)

.debug_frame    0x0000000000000000      0xfac
 .debug_frame   0x0000000000000000       0xf0 ./Src/006_spi_cmd_handling.o
 .debug_frame   0x00000000000000f0      0x2d4 ./Src/syscalls.o
 .debug_frame   0x00000000000003c4       0x34 ./Src/sysmem.o
 .debug_frame   0x00000000000003f8      0x1c8 ./drivers/Src/stm32f407xx_gpio_driver.o
 .debug_frame   0x00000000000005c0      0x1e4 ./drivers/Src/stm32f407xx_spi_driver.o
 .debug_frame   0x00000000000007a4      0x13c C:/ST/STM32CubeIDE_1.4.0/STM32CubeIDE/plugins/com.st.stm32cube.ide.mcu.externaltools.gnu-tools-for-stm32.11.3.rel1.win32_1.1.0.202305231506/tools/bin/../lib/gcc/arm-none-eabi/11.3.1/../../../../arm-none-eabi/lib/thumb/v7e-m/nofp\libc_nano.a(libc_a-findfp.o)
 .debug_frame   0x00000000000008e0       0x34 C:/ST/STM32CubeIDE_1.4.0/STM32CubeIDE/plugins/com.st.stm32cube.ide.mcu.externaltools.gnu-tools-for-stm32.11.3.rel1.win32_1.1.0.202305231506/tools/bin/../lib/gcc/arm-none-eabi/11.3.1/../../../../arm-none-eabi/lib/thumb/v7e-m/nofp\libc_nano.a(libc_a-fwalk.o)
 .debug_frame   0x0000000000000914       0x6c C:/ST/STM32CubeIDE_1.4.0/STM32CubeIDE/plugins/com.st.stm32cube.ide.mcu.externaltools.gnu-tools-for-stm32.11.3.rel1.win32_1.1.0.202305231506/tools/bin/../lib/gcc/arm-none-eabi/11.3.1/../../../../arm-none-eabi/lib/thumb/v7e-m/nofp\libc_nano.a(libc_a-printf.o)
 .debug_frame   0x0000000000000980       0x3c C:/ST/STM32CubeIDE_1.4.0/STM32CubeIDE/plugins/com.st.stm32cube.ide.mcu.externaltools.gnu-tools-for-stm32.11.3.rel1.win32_1.1.0.202305231506/tools/bin/../lib/gcc/arm-none-eabi/11.3.1/../../../../arm-none-eabi/lib/thumb/v7e-m/nofp\libc_nano.a(libc_a-puts.o)
 .debug_frame   0x00000000000009bc       0x88 C:/ST/STM32CubeIDE_1.4.0/STM32CubeIDE/plugins/com.st.stm32cube.ide.mcu.externaltools.gnu-tools-for-stm32.11.3.rel1.win32_1.1.0.202305231506/tools/bin/../lib/gcc/arm-none-eabi/11.3.1/../../../../arm-none-eabi/lib/thumb/v7e-m/nofp\libc_nano.a(libc_a-stdio.o)
 .debug_frame   0x0000000000000a44       0x40 C:/ST/STM32CubeIDE_1.4.0/STM32CubeIDE/plugins/com.st.stm32cube.ide.mcu.externaltools.gnu-tools-for-stm32.11.3.rel1.win32_1.1.0.202305231506/tools/bin/../lib/gcc/arm-none-eabi/11.3.1/../../../../arm-none-eabi/lib/thumb/v7e-m/nofp\libc_nano.a(libc_a-wbuf.o)
 .debug_frame   0x0000000000000a84       0x2c C:/ST/STM32CubeIDE_1.4.0/STM32CubeIDE/plugins/com.st.stm32cube.ide.mcu.externaltools.gnu-tools-for-stm32.11.3.rel1.win32_1.1.0.202305231506/tools/bin/../lib/gcc/arm-none-eabi/11.3.1/../../../../arm-none-eabi/lib/thumb/v7e-m/nofp\libc_nano.a(libc_a-wsetup.o)
 .debug_frame   0x0000000000000ab0       0x20 C:/ST/STM32CubeIDE_1.4.0/STM32CubeIDE/plugins/com.st.stm32cube.ide.mcu.externaltools.gnu-tools-for-stm32.11.3.rel1.win32_1.1.0.202305231506/tools/bin/../lib/gcc/arm-none-eabi/11.3.1/../../../../arm-none-eabi/lib/thumb/v7e-m/nofp\libc_nano.a(libc_a-memset.o)
 .debug_frame   0x0000000000000ad0       0x2c C:/ST/STM32CubeIDE_1.4.0/STM32CubeIDE/plugins/com.st.stm32cube.ide.mcu.externaltools.gnu-tools-for-stm32.11.3.rel1.win32_1.1.0.202305231506/tools/bin/../lib/gcc/arm-none-eabi/11.3.1/../../../../arm-none-eabi/lib/thumb/v7e-m/nofp\libc_nano.a(libc_a-closer.o)
 .debug_frame   0x0000000000000afc       0x38 C:/ST/STM32CubeIDE_1.4.0/STM32CubeIDE/plugins/com.st.stm32cube.ide.mcu.externaltools.gnu-tools-for-stm32.11.3.rel1.win32_1.1.0.202305231506/tools/bin/../lib/gcc/arm-none-eabi/11.3.1/../../../../arm-none-eabi/lib/thumb/v7e-m/nofp\libc_nano.a(libc_a-reent.o)
 .debug_frame   0x0000000000000b34       0x2c C:/ST/STM32CubeIDE_1.4.0/STM32CubeIDE/plugins/com.st.stm32cube.ide.mcu.externaltools.gnu-tools-for-stm32.11.3.rel1.win32_1.1.0.202305231506/tools/bin/../lib/gcc/arm-none-eabi/11.3.1/../../../../arm-none-eabi/lib/thumb/v7e-m/nofp\libc_nano.a(libc_a-lseekr.o)
 .debug_frame   0x0000000000000b60       0x2c C:/ST/STM32CubeIDE_1.4.0/STM32CubeIDE/plugins/com.st.stm32cube.ide.mcu.externaltools.gnu-tools-for-stm32.11.3.rel1.win32_1.1.0.202305231506/tools/bin/../lib/gcc/arm-none-eabi/11.3.1/../../../../arm-none-eabi/lib/thumb/v7e-m/nofp\libc_nano.a(libc_a-readr.o)
 .debug_frame   0x0000000000000b8c       0x2c C:/ST/STM32CubeIDE_1.4.0/STM32CubeIDE/plugins/com.st.stm32cube.ide.mcu.externaltools.gnu-tools-for-stm32.11.3.rel1.win32_1.1.0.202305231506/tools/bin/../lib/gcc/arm-none-eabi/11.3.1/../../../../arm-none-eabi/lib/thumb/v7e-m/nofp\libc_nano.a(libc_a-writer.o)
 .debug_frame   0x0000000000000bb8       0x20 C:/ST/STM32CubeIDE_1.4.0/STM32CubeIDE/plugins/com.st.stm32cube.ide.mcu.externaltools.gnu-tools-for-stm32.11.3.rel1.win32_1.1.0.202305231506/tools/bin/../lib/gcc/arm-none-eabi/11.3.1/../../../../arm-none-eabi/lib/thumb/v7e-m/nofp\libc_nano.a(libc_a-errno.o)
 .debug_frame   0x0000000000000bd8       0x2c C:/ST/STM32CubeIDE_1.4.0/STM32CubeIDE/plugins/com.st.stm32cube.ide.mcu.externaltools.gnu-tools-for-stm32.11.3.rel1.win32_1.1.0.202305231506/tools/bin/../lib/gcc/arm-none-eabi/11.3.1/../../../../arm-none-eabi/lib/thumb/v7e-m/nofp\libc_nano.a(libc_a-init.o)
 .debug_frame   0x0000000000000c04       0xb0 C:/ST/STM32CubeIDE_1.4.0/STM32CubeIDE/plugins/com.st.stm32cube.ide.mcu.externaltools.gnu-tools-for-stm32.11.3.rel1.win32_1.1.0.202305231506/tools/bin/../lib/gcc/arm-none-eabi/11.3.1/../../../../arm-none-eabi/lib/thumb/v7e-m/nofp\libc_nano.a(libc_a-lock.o)
 .debug_frame   0x0000000000000cb4       0x38 C:/ST/STM32CubeIDE_1.4.0/STM32CubeIDE/plugins/com.st.stm32cube.ide.mcu.externaltools.gnu-tools-for-stm32.11.3.rel1.win32_1.1.0.202305231506/tools/bin/../lib/gcc/arm-none-eabi/11.3.1/../../../../arm-none-eabi/lib/thumb/v7e-m/nofp\libc_nano.a(libc_a-freer.o)
 .debug_frame   0x0000000000000cec       0x50 C:/ST/STM32CubeIDE_1.4.0/STM32CubeIDE/plugins/com.st.stm32cube.ide.mcu.externaltools.gnu-tools-for-stm32.11.3.rel1.win32_1.1.0.202305231506/tools/bin/../lib/gcc/arm-none-eabi/11.3.1/../../../../arm-none-eabi/lib/thumb/v7e-m/nofp\libc_nano.a(libc_a-mallocr.o)
 .debug_frame   0x0000000000000d3c       0x30 C:/ST/STM32CubeIDE_1.4.0/STM32CubeIDE/plugins/com.st.stm32cube.ide.mcu.externaltools.gnu-tools-for-stm32.11.3.rel1.win32_1.1.0.202305231506/tools/bin/../lib/gcc/arm-none-eabi/11.3.1/../../../../arm-none-eabi/lib/thumb/v7e-m/nofp\libc_nano.a(libc_a-mlock.o)
 .debug_frame   0x0000000000000d6c       0xa8 C:/ST/STM32CubeIDE_1.4.0/STM32CubeIDE/plugins/com.st.stm32cube.ide.mcu.externaltools.gnu-tools-for-stm32.11.3.rel1.win32_1.1.0.202305231506/tools/bin/../lib/gcc/arm-none-eabi/11.3.1/../../../../arm-none-eabi/lib/thumb/v7e-m/nofp\libc_nano.a(libc_a-nano-vfprintf.o)
 .debug_frame   0x0000000000000e14       0x60 C:/ST/STM32CubeIDE_1.4.0/STM32CubeIDE/plugins/com.st.stm32cube.ide.mcu.externaltools.gnu-tools-for-stm32.11.3.rel1.win32_1.1.0.202305231506/tools/bin/../lib/gcc/arm-none-eabi/11.3.1/../../../../arm-none-eabi/lib/thumb/v7e-m/nofp\libc_nano.a(libc_a-nano-vfprintf_i.o)
 .debug_frame   0x0000000000000e74       0x5c C:/ST/STM32CubeIDE_1.4.0/STM32CubeIDE/plugins/com.st.stm32cube.ide.mcu.externaltools.gnu-tools-for-stm32.11.3.rel1.win32_1.1.0.202305231506/tools/bin/../lib/gcc/arm-none-eabi/11.3.1/../../../../arm-none-eabi/lib/thumb/v7e-m/nofp\libc_nano.a(libc_a-fflush.o)
 .debug_frame   0x0000000000000ed0       0x58 C:/ST/STM32CubeIDE_1.4.0/STM32CubeIDE/plugins/com.st.stm32cube.ide.mcu.externaltools.gnu-tools-for-stm32.11.3.rel1.win32_1.1.0.202305231506/tools/bin/../lib/gcc/arm-none-eabi/11.3.1/../../../../arm-none-eabi/lib/thumb/v7e-m/nofp\libc_nano.a(libc_a-makebuf.o)
 .debug_frame   0x0000000000000f28       0x2c C:/ST/STM32CubeIDE_1.4.0/STM32CubeIDE/plugins/com.st.stm32cube.ide.mcu.externaltools.gnu-tools-for-stm32.11.3.rel1.win32_1.1.0.202305231506/tools/bin/../lib/gcc/arm-none-eabi/11.3.1/../../../../arm-none-eabi/lib/thumb/v7e-m/nofp\libc_nano.a(libc_a-fstatr.o)
 .debug_frame   0x0000000000000f54       0x2c C:/ST/STM32CubeIDE_1.4.0/STM32CubeIDE/plugins/com.st.stm32cube.ide.mcu.externaltools.gnu-tools-for-stm32.11.3.rel1.win32_1.1.0.202305231506/tools/bin/../lib/gcc/arm-none-eabi/11.3.1/../../../../arm-none-eabi/lib/thumb/v7e-m/nofp\libc_nano.a(libc_a-isattyr.o)
 .debug_frame   0x0000000000000f80       0x2c C:/ST/STM32CubeIDE_1.4.0/STM32CubeIDE/plugins/com.st.stm32cube.ide.mcu.externaltools.gnu-tools-for-stm32.11.3.rel1.win32_1.1.0.202305231506/tools/bin/../lib/gcc/arm-none-eabi/11.3.1/../../../../arm-none-eabi/lib/thumb/v7e-m/nofp\libc_nano.a(libc_a-sbrkr.o)

.debug_line_str
                0x0000000000000000       0x60
 .debug_line_str
                0x0000000000000000       0x60 ./Startup/startup_stm32f407vgtx.o
                                         0x78 (size before relaxing)
