Archive member included to satisfy reference by file (symbol)

C:/ST/STM32CubeIDE_1.4.0/STM32CubeIDE/plugins/com.st.stm32cube.ide.mcu.externaltools.gnu-tools-for-stm32.11.3.rel1.win32_1.1.0.202305231506/tools/bin/../lib/gcc/arm-none-eabi/11.3.1/../../../../arm-none-eabi/lib/thumb/v7e-m/nofp\libc_nano.a(libc_a-exit.o)
                              C:/ST/STM32CubeIDE_1.4.0/STM32CubeIDE/plugins/com.st.stm32cube.ide.mcu.externaltools.gnu-tools-for-stm32.11.3.rel1.win32_1.1.0.202305231506/tools/bin/../lib/gcc/arm-none-eabi/11.3.1/../../../../arm-none-eabi/lib/thumb/v7e-m/nofp/crt0.o (exit)
C:/ST/STM32CubeIDE_1.4.0/STM32CubeIDE/plugins/com.st.stm32cube.ide.mcu.externaltools.gnu-tools-for-stm32.11.3.rel1.win32_1.1.0.202305231506/tools/bin/../lib/gcc/arm-none-eabi/11.3.1/../../../../arm-none-eabi/lib/thumb/v7e-m/nofp\libc_nano.a(libc_a-findfp.o)
                              C:/ST/STM32CubeIDE_1.4.0/STM32CubeIDE/plugins/com.st.stm32cube.ide.mcu.externaltools.gnu-tools-for-stm32.11.3.rel1.win32_1.1.0.202305231506/tools/bin/../lib/gcc/arm-none-eabi/11.3.1/../../../../arm-none-eabi/lib/thumb/v7e-m/nofp\libc_nano.a(libc_a-exit.o) (__stdio_exit_handler)
C:/ST/STM32CubeIDE_1.4.0/STM32CubeIDE/plugins/com.st.stm32cube.ide.mcu.externaltools.gnu-tools-for-stm32.11.3.rel1.win32_1.1.0.202305231506/tools/bin/../lib/gcc/arm-none-eabi/11.3.1/../../../../arm-none-eabi/lib/thumb/v7e-m/nofp\libc_nano.a(libc_a-fwalk.o)
                              C:/ST/STM32CubeIDE_1.4.0/STM32CubeIDE/plugins/com.st.stm32cube.ide.mcu.externaltools.gnu-tools-for-stm32.11.3.rel1.win32_1.1.0.202305231506/tools/bin/../lib/gcc/arm-none-eabi/11.3.1/../../../../arm-none-eabi/lib/thumb/v7e-m/nofp\libc_nano.a(libc_a-findfp.o) (_fwalk_sglue)
C:/ST/STM32CubeIDE_1.4.0/STM32CubeIDE/plugins/com.st.stm32cube.ide.mcu.externaltools.gnu-tools-for-stm32.11.3.rel1.win32_1.1.0.202305231506/tools/bin/../lib/gcc/arm-none-eabi/11.3.1/../../../../arm-none-eabi/lib/thumb/v7e-m/nofp\libc_nano.a(libc_a-stdio.o)
                              C:/ST/STM32CubeIDE_1.4.0/STM32CubeIDE/plugins/com.st.stm32cube.ide.mcu.externaltools.gnu-tools-for-stm32.11.3.rel1.win32_1.1.0.202305231506/tools/bin/../lib/gcc/arm-none-eabi/11.3.1/../../../../arm-none-eabi/lib/thumb/v7e-m/nofp\libc_nano.a(libc_a-findfp.o) (__sread)
C:/ST/STM32CubeIDE_1.4.0/STM32CubeIDE/plugins/com.st.stm32cube.ide.mcu.externaltools.gnu-tools-for-stm32.11.3.rel1.win32_1.1.0.202305231506/tools/bin/../lib/gcc/arm-none-eabi/11.3.1/../../../../arm-none-eabi/lib/thumb/v7e-m/nofp\libc_nano.a(libc_a-memset.o)
                              C:/ST/STM32CubeIDE_1.4.0/STM32CubeIDE/plugins/com.st.stm32cube.ide.mcu.externaltools.gnu-tools-for-stm32.11.3.rel1.win32_1.1.0.202305231506/tools/bin/../lib/gcc/arm-none-eabi/11.3.1/../../../../arm-none-eabi/lib/thumb/v7e-m/nofp/crt0.o (memset)
C:/ST/STM32CubeIDE_1.4.0/STM32CubeIDE/plugins/com.st.stm32cube.ide.mcu.externaltools.gnu-tools-for-stm32.11.3.rel1.win32_1.1.0.202305231506/tools/bin/../lib/gcc/arm-none-eabi/11.3.1/../../../../arm-none-eabi/lib/thumb/v7e-m/nofp\libc_nano.a(libc_a-closer.o)
                              C:/ST/STM32CubeIDE_1.4.0/STM32CubeIDE/plugins/com.st.stm32cube.ide.mcu.externaltools.gnu-tools-for-stm32.11.3.rel1.win32_1.1.0.202305231506/tools/bin/../lib/gcc/arm-none-eabi/11.3.1/../../../../arm-none-eabi/lib/thumb/v7e-m/nofp\libc_nano.a(libc_a-stdio.o) (_close_r)
C:/ST/STM32CubeIDE_1.4.0/STM32CubeIDE/plugins/com.st.stm32cube.ide.mcu.externaltools.gnu-tools-for-stm32.11.3.rel1.win32_1.1.0.202305231506/tools/bin/../lib/gcc/arm-none-eabi/11.3.1/../../../../arm-none-eabi/lib/thumb/v7e-m/nofp\libc_nano.a(libc_a-reent.o)
                              C:/ST/STM32CubeIDE_1.4.0/STM32CubeIDE/plugins/com.st.stm32cube.ide.mcu.externaltools.gnu-tools-for-stm32.11.3.rel1.win32_1.1.0.202305231506/tools/bin/../lib/gcc/arm-none-eabi/11.3.1/../../../../arm-none-eabi/lib/thumb/v7e-m/nofp\libc_nano.a(libc_a-closer.o) (errno)
C:/ST/STM32CubeIDE_1.4.0/STM32CubeIDE/plugins/com.st.stm32cube.ide.mcu.externaltools.gnu-tools-for-stm32.11.3.rel1.win32_1.1.0.202305231506/tools/bin/../lib/gcc/arm-none-eabi/11.3.1/../../../../arm-none-eabi/lib/thumb/v7e-m/nofp\libc_nano.a(libc_a-impure.o)
                              C:/ST/STM32CubeIDE_1.4.0/STM32CubeIDE/plugins/com.st.stm32cube.ide.mcu.externaltools.gnu-tools-for-stm32.11.3.rel1.win32_1.1.0.202305231506/tools/bin/../lib/gcc/arm-none-eabi/11.3.1/../../../../arm-none-eabi/lib/thumb/v7e-m/nofp\libc_nano.a(libc_a-reent.o) (_impure_ptr)
C:/ST/STM32CubeIDE_1.4.0/STM32CubeIDE/plugins/com.st.stm32cube.ide.mcu.externaltools.gnu-tools-for-stm32.11.3.rel1.win32_1.1.0.202305231506/tools/bin/../lib/gcc/arm-none-eabi/11.3.1/../../../../arm-none-eabi/lib/thumb/v7e-m/nofp\libc_nano.a(libc_a-lseekr.o)
[...]
Memory Configuration

Name             Origin             Length             Attributes
CCMRAM           0x0000000010000000 0x0000000000010000 xrw
RAM              0x0000000020000000 0x0000000000020000 xrw
FLASH            0x0000000008000000 0x0000000000100000 xr
*default*        0x0000000000000000 0xffffffffffffffff

Linker script and memory map

LOAD C:/ST/STM32CubeIDE_1.4.0/STM32CubeIDE/plugins/com.st.stm32cube.ide.mcu.externaltools.gnu-tools-for-stm32.11.3.rel1.win32_1.1.0.202305231506/tools/bin/../lib/gcc/arm-none-eabi/11.3.1/thumb/v7e-m/nofp/crti.o
LOAD C:/ST/STM32CubeIDE_1.4.0/STM32CubeIDE/plugins/com.st.stm32cube.ide.mcu.externaltools.gnu-tools-for-stm32.11.3.rel1.win32_1.1.0.202305231506/tools/bin/../lib/gcc/arm-none-eabi/11.3.1/thumb/v7e-m/nofp/crtbegin.o
LOAD C:/ST/STM32CubeIDE_1.4.0/STM32CubeIDE/plugins/com.st.stm32cube.ide.mcu.externaltools.gnu-tools-for-stm32.11.3.rel1.win32_1.1.0.202305231506/tools/bin/../lib/gcc/arm-none-eabi/11.3.1/../../../../arm-none-eabi/lib/thumb/v7e-m/nofp/crt0.o
LOAD ./Src/005_spi_txonly_arduino.o
LOAD ./Src/syscalls.o
LOAD ./Src/sysmem.o
LOAD ./Src/tutorial_spi_driver.o
LOAD ./Startup/startup_stm32f407vgtx.o
LOAD ./drivers/Src/stm32f407xx_gpio_driver.o
LOAD ./drivers/Src/stm32f407xx_spi_driver.o
START GROUP
LOAD C:/ST/STM32CubeIDE_1.4.0/STM32CubeIDE/plugins/com.st.stm32cube.ide.mcu.externaltools.gnu-tools-for-stm32.11.3.rel1.win32_1.1.0.202305231506/tools/bin/../lib/gcc/arm-none-eabi/11.3.1/../../../../arm-none-eabi/lib/thumb/v7e-m/nofp\libc_nano.a
LOAD C:/ST/STM32CubeIDE_1.4.0/STM32CubeIDE/plugins/com.st.stm32cube.ide.mcu.externaltools.gnu-tools-for-stm32.11.3.rel1.win32_1.1.0.202305231506/tools/bin/../lib/gcc/arm-none-eabi/11.3.1/../../../../arm-none-eabi/lib/thumb/v7e-m/nofp\libm.a
END GROUP
START GROUP
LOAD C:/ST/STM32CubeIDE_1.4.0/STM32CubeIDE/plugins/com.st.stm32cube.ide.mcu.externaltools.gnu-tools-for-stm32.11.3.rel1.win32_1.1.0.202305231506/tools/bin/../lib/gcc/arm-none-eabi/11.3.1/thumb/v7e-m/nofp\libgcc.a
LOAD C:/ST/STM32CubeIDE_1.4.0/STM32CubeIDE/plugins/com.st.stm32cube.ide.mcu.externaltools.gnu-tools-for-stm32.11.3.rel1.win32_1.1.0.202305231506/tools/bin/../lib/gcc/arm-none-eabi/11.3.1/../../../../arm-none-eabi/lib/thumb/v7e-m/nofp\libc_nano.a
END GROUP
START GROUP
LOAD C:/ST/STM32CubeIDE_1.4.0/STM32CubeIDE/plugins/com.st.stm32cube.ide.mcu.externaltools.gnu-tools-for-stm32.11.3.rel1.win32_1.1.0.202305231506/tools/bin/../lib/gcc/arm-none-eabi/11.3.1/thumb/v7e-m/nofp\libgcc.a
LOAD C:/ST/STM32CubeIDE_1.4.0/STM32CubeIDE/plugins/com.st.stm32cube.ide.mcu.externaltools.gnu-tools-for-stm32.11.3.rel1.win32_1.1.0.202305231506/tools/bin/../lib/gcc/arm-none-eabi/11.3.1/../../../../arm-none-eabi/lib/thumb/v7e-m/nofp\libc_nano.a
LOAD C:/ST/STM32CubeIDE_1.4.0/STM32CubeIDE/plugins/com.st.stm32cube.ide.mcu.externaltools.gnu-tools-for-stm32.11.3.rel1.win32_1.1.0.202305231506/tools/bin/../lib/gcc/arm-none-eabi/11.3.1/../../../../arm-none-eabi/lib/thumb/v7e-m/nofp\libnosys.a
END GROUP
START GROUP
LOAD C:/ST/STM32CubeIDE_1.4.0/STM32CubeIDE/plugins/com.st.stm32cube.ide.mcu.externaltools.gnu-tools-for-stm32.11.3.rel1.win32_1.1.0.202305231506/tools/bin/../lib/gcc/arm-none-eabi/11.3.1/thumb/v7e-m/nofp\libgcc.a
LOAD C:/ST/STM32CubeIDE_1.4.0/STM32CubeIDE/plugins/com.st.stm32cube.ide.mcu.externaltools.gnu-tools-for-stm32.11.3.rel1.win32_1.1.0.202305231506/tools/bin/../lib/gcc/arm-none-eabi/11.3.1/../../../../arm-none-eabi/lib/thumb/v7e-m/nofp\libc_nano.a
LOAD C:/ST/STM32CubeIDE_1.4.0/STM32CubeIDE/plugins/com.st.stm32cube.ide.mcu.externaltools.gnu-tools-for-stm32.11.3.rel1.win32_1.1.0.202305231506/tools/bin/../lib/gcc/arm-none-eabi/11.3.1/../../../../arm-none-eabi/lib/thumb/v7e-m/nofp\libnosys.a
END GROUP
LOAD C:/ST/STM32CubeIDE_1.4.0/STM32CubeIDE/plugins/com.st.stm32cube.ide.mcu.externaltools.gnu-tools-for-stm32.11.3.rel1.win32_1.1.0.202305231506/tools/bin/../lib/gcc/arm-none-eabi/11.3.1/thumb/v7e-m/nofp/crtend.o
LOAD C:/ST/STM32CubeIDE_1.4.0/STM32CubeIDE/plugins/com.st.stm32cube.ide.mcu.externaltools.gnu-tools-for-stm32.11.3.rel1.win32_1.1.0.202305231506/tools/bin/../lib/gcc/arm-none-eabi/11.3.1/thumb/v7e-m/nofp/crtn.o
                0x0000000020020000                _estack = (ORIGIN (RAM) + LENGTH (RAM))
                0x0000000000000200                _Min_Heap_Size = 0x200
                0x0000000000000400                _Min_Stack_Size = 0x400

.isr_vector     0x0000000008000000      0x1a8
                0x0000000008000000                . = ALIGN (0x4)
 *(.isr_vector)
 .isr_vector    0x0000000008000000      0x1a8 ./Startup/startup_stm32f407vgtx.o
                0x0000000008000000                g_pfnVectors
                0x00000000080001a8                . = ALIGN (0x4)

.text           0x00000000080001a8      0x8e8
                0x00000000080001a8                . = ALIGN (0x4)
 *(.text)
 .text          0x00000000080001a8       0x40 C:/ST/STM32CubeIDE_1.4.0/STM32CubeIDE/plugins/com.st.stm32cube.ide.mcu.externaltools.gnu-tools-for-stm32.11.3.rel1.win32_1.1.0.202305231506/tools/bin/../lib/gcc/arm-none-eabi/11.3.1/thumb/v7e-m/nofp/crtbegin.o
 .text          0x00000000080001e8       0x10 C:/ST/STM32CubeIDE_1.4.0/STM32CubeIDE/plugins/com.st.stm32cube.ide.mcu.externaltools.gnu-tools-for-stm32.11.3.rel1.win32_1.1.0.202305231506/tools/bin/../lib/gcc/arm-none-eabi/11.3.1/../../../../arm-none-eabi/lib/thumb/v7e-m/nofp\libc_nano.a(libc_a-strlen.o)
                0x00000000080001e8                strlen
 *(.text*)
 .text.SPI2_GPIOInits
                0x00000000080001f8       0x50 ./Src/005_spi_txonly_arduino.o
                0x00000000080001f8                SPI2_GPIOInits
 .text.SPI2_Inits
                0x0000000008000248       0x3c ./Src/005_spi_txonly_arduino.o
                0x0000000008000248                SPI2_Inits
 .text.GPIO_ButtonInit
                0x0000000008000284       0x38 ./Src/005_spi_txonly_arduino.o
                0x0000000008000284                GPIO_ButtonInit
 .text.delay    0x00000000080002bc       0x2c ./Src/005_spi_txonly_arduino.o
                0x00000000080002bc                delay
 .text.main     0x00000000080002e8       0x94 ./Src/005_spi_txonly_arduino.o
                0x00000000080002e8                main
 .text.Reset_Handler
                0x000000000800037c       0x50 ./Startup/startup_stm32f407vgtx.o
                0x000000000800037c                Reset_Handler
 .text.Default_Handler
                0x00000000080003cc        0x2 ./Startup/startup_stm32f407vgtx.o
                0x00000000080003cc                RTC_Alarm_IRQHandler
                0x00000000080003cc                HASH_RNG_IRQHandler
                0x00000000080003cc                EXTI2_IRQHandler
                0x00000000080003cc                TIM8_CC_IRQHandler
                0x00000000080003cc                DebugMon_Handler
                0x00000000080003cc                TIM1_CC_IRQHandler
                0x00000000080003cc                DMA2_Stream5_IRQHandler
                0x00000000080003cc                HardFault_Handler
                0x00000000080003cc                DMA1_Stream5_IRQHandler
                0x00000000080003cc                SysTick_Handler
                0x00000000080003cc                PVD_IRQHandler
                0x00000000080003cc                SDIO_IRQHandler
                0x00000000080003cc                TAMP_STAMP_IRQHandler
                0x00000000080003cc                PendSV_Handler
                0x00000000080003cc                NMI_Handler
                0x00000000080003cc                CAN2_RX1_IRQHandler
                0x00000000080003cc                EXTI3_IRQHandler
                0x00000000080003cc                TIM8_TRG_COM_TIM14_IRQHandler
                0x00000000080003cc                TIM1_UP_TIM10_IRQHandler
                0x00000000080003cc                TIM8_UP_TIM13_IRQHandler
                0x00000000080003cc                I2C3_ER_IRQHandler
                0x00000000080003cc                LCD_TFT_IRQHandler
                0x00000000080003cc                EXTI0_IRQHandler
                0x00000000080003cc                I2C2_EV_IRQHandler
                0x00000000080003cc                DMA1_Stream2_IRQHandler
                0x00000000080003cc                CAN1_RX0_IRQHandler
                0x00000000080003cc                FPU_IRQHandler
                0x00000000080003cc                OTG_HS_WKUP_IRQHandler
                0x00000000080003cc                UsageFault_Handler
                0x00000000080003cc                CAN2_SCE_IRQHandler
                0x00000000080003cc                DMA2_Stream2_IRQHandler
                0x00000000080003cc                SPI1_IRQHandler
                0x00000000080003cc                TIM6_DAC_IRQHandler
                0x00000000080003cc                TIM1_BRK_TIM9_IRQHandler
                0x00000000080003cc                DCMI_IRQHandler
                0x00000000080003cc                CAN2_RX0_IRQHandler
                0x00000000080003cc                DMA2_Stream3_IRQHandler
                0x00000000080003cc                USART6_IRQHandler
                0x00000000080003cc                USART3_IRQHandler
                0x00000000080003cc                CRYP_IRQHandler
                0x00000000080003cc                CAN1_RX1_IRQHandler
                0x00000000080003cc                UART5_IRQHandler
                0x00000000080003cc                DMA2_Stream0_IRQHandler
                0x00000000080003cc                TIM4_IRQHandler
                0x00000000080003cc                I2C1_EV_IRQHandler
                0x00000000080003cc                DMA1_Stream6_IRQHandler
                0x00000000080003cc                DMA1_Stream1_IRQHandler
                0x00000000080003cc                UART4_IRQHandler
                0x00000000080003cc                LCD_TFT_1_IRQHandler
                0x00000000080003cc                TIM3_IRQHandler
                0x00000000080003cc                RCC_IRQHandler
                0x00000000080003cc                TIM8_BRK_TIM12_IRQHandler
                0x00000000080003cc                Default_Handler
                0x00000000080003cc                EXTI15_10_IRQHandler
                0x00000000080003cc                ADC_IRQHandler
                0x00000000080003cc                DMA1_Stream7_IRQHandler
                0x00000000080003cc                TIM7_IRQHandler
                0x00000000080003cc                CAN2_TX_IRQHandler
                0x00000000080003cc                TIM5_IRQHandler
                0x00000000080003cc                DMA2_Stream7_IRQHandler
                0x00000000080003cc                I2C3_EV_IRQHandler
                0x00000000080003cc                EXTI9_5_IRQHandler
                0x00000000080003cc                RTC_WKUP_IRQHandler
                0x00000000080003cc                ETH_WKUP_IRQHandler
                0x00000000080003cc                SPI2_IRQHandler
                0x00000000080003cc                OTG_HS_EP1_IN_IRQHandler
                0x00000000080003cc                MemManage_Handler
                0x00000000080003cc                DMA1_Stream0_IRQHandler
                0x00000000080003cc                CAN1_TX_IRQHandler
                0x00000000080003cc                SVC_Handler
                0x00000000080003cc                EXTI4_IRQHandler
                0x00000000080003cc                FSMC_IRQHandler
                0x00000000080003cc                ETH_IRQHandler
                0x00000000080003cc                OTG_HS_EP1_OUT_IRQHandler
                0x00000000080003cc                WWDG_IRQHandler
                0x00000000080003cc                TIM2_IRQHandler
                0x00000000080003cc                OTG_FS_WKUP_IRQHandler
                0x00000000080003cc                TIM1_TRG_COM_TIM11_IRQHandler
                0x00000000080003cc                OTG_HS_IRQHandler
                0x00000000080003cc                EXTI1_IRQHandler
                0x00000000080003cc                USART2_IRQHandler
                0x00000000080003cc                I2C2_ER_IRQHandler
                0x00000000080003cc                DMA2_Stream1_IRQHandler
                0x00000000080003cc                CAN1_SCE_IRQHandler
                0x00000000080003cc                DMA2_Stream4_IRQHandler
                0x00000000080003cc                BusFault_Handler
                0x00000000080003cc                USART1_IRQHandler
                0x00000000080003cc                OTG_FS_IRQHandler
                0x00000000080003cc                SPI3_IRQHandler
                0x00000000080003cc                DMA1_Stream4_IRQHandler
                0x00000000080003cc                I2C1_ER_IRQHandler
                0x00000000080003cc                DMA2_Stream6_IRQHandler
                0x00000000080003cc                DMA1_Stream3_IRQHandler
 *fill*         0x00000000080003ce        0x2 
 .text.GPIO_PeriClockControl
                0x00000000080003d0      0x104 ./drivers/Src/stm32f407xx_gpio_driver.o
                0x00000000080003d0                GPIO_PeriClockControl
 .text.GPIO_Init
                0x00000000080004d4      0x31c ./drivers/Src/stm32f407xx_gpio_driver.o
                0x00000000080004d4                GPIO_Init
 .text.GPIO_ReadFromInputPin
                0x00000000080007f0       0x2a ./drivers/Src/stm32f407xx_gpio_driver.o
                0x00000000080007f0                GPIO_ReadFromInputPin
 *fill*         0x000000000800081a        0x2 
 .text.SPI_PeriClockControl
                0x000000000800081c       0x6c ./drivers/Src/stm32f407xx_spi_driver.o
                0x000000000800081c                SPI_PeriClockControl
 .text.SPI_Init
                0x0000000008000888       0xa8 ./drivers/Src/stm32f407xx_spi_driver.o
                0x0000000008000888                SPI_Init
 .text.SPI_GetFlagStatus
                0x0000000008000930       0x26 ./drivers/Src/stm32f407xx_spi_driver.o
                0x0000000008000930                SPI_GetFlagStatus
 .text.SPI_SendData
                0x0000000008000956       0x6e ./drivers/Src/stm32f407xx_spi_driver.o
                0x0000000008000956                SPI_SendData
 .text.SPI_PeripheralControl
                0x00000000080009c4       0x36 ./drivers/Src/stm32f407xx_spi_driver.o
                0x00000000080009c4                SPI_PeripheralControl
 .text.SPI_SSOEConfig
                0x00000000080009fa       0x36 ./drivers/Src/stm32f407xx_spi_driver.o
                0x00000000080009fa                SPI_SSOEConfig
 .text.__libc_init_array
                0x0000000008000a30       0x48 C:/ST/STM32CubeIDE_1.4.0/STM32CubeIDE/plugins/com.st.stm32cube.ide.mcu.externaltools.gnu-tools-for-stm32.11.3.rel1.win32_1.1.0.202305231506/tools/bin/../lib/gcc/arm-none-eabi/11.3.1/../../../../arm-none-eabi/lib/thumb/v7e-m/nofp\libc_nano.a(libc_a-init.o)
                0x0000000008000a30                __libc_init_array
 *(.glue_7)
 .glue_7        0x0000000008000a78        0x0 linker stubs
 *(.glue_7t)
 .glue_7t       0x0000000008000a78        0x0 linker stubs
 *(.eh_frame)
 .eh_frame      0x0000000008000a78        0x0 C:/ST/STM32CubeIDE_1.4.0/STM32CubeIDE/plugins/com.st.stm32cube.ide.mcu.externaltools.gnu-tools-for-stm32.11.3.rel1.win32_1.1.0.202305231506/tools/bin/../lib/gcc/arm-none-eabi/11.3.1/thumb/v7e-m/nofp/crtbegin.o
 *(.init)
 .init          0x0000000008000a78        0x4 C:/ST/STM32CubeIDE_1.4.0/STM32CubeIDE/plugins/com.st.stm32cube.ide.mcu.externaltools.gnu-tools-for-stm32.11.3.rel1.win32_1.1.0.202305231506/tools/bin/../lib/gcc/arm-none-eabi/11.3.1/thumb/v7e-m/nofp/crti.o
                0x0000000008000a78                _init
 .init          0x0000000008000a7c        0x8 C:/ST/STM32CubeIDE_1.4.0/STM32CubeIDE/plugins/com.st.stm32cube.ide.mcu.externaltools.gnu-tools-for-stm32.11.3.rel1.win32_1.1.0.202305231506/tools/bin/../lib/gcc/arm-none-eabi/11.3.1/thumb/v7e-m/nofp/crtn.o
 *(.fini)
 .fini          0x0000000008000a84        0x4 C:/ST/STM32CubeIDE_1.4.0/STM32CubeIDE/plugins/com.st.stm32cube.ide.mcu.externaltools.gnu-tools-for-stm32.11.3.rel1.win32_1.1.0.202305231506/tools/bin/../lib/gcc/arm-none-eabi/11.3.1/thumb/v7e-m/nofp/crti.o
                0x0000000008000a84                _fini
 .fini          0x0000000008000a88        0x8 C:/ST/STM32CubeIDE_1.4.0/STM32CubeIDE/plugins/com.st.stm32cube.ide.mcu.externaltools.gnu-tools-for-stm32.11.3.rel1.win32_1.1.0.202305231506/tools/bin/../lib/gcc/arm-none-eabi/11.3.1/thumb/v7e-m/nofp/crtn.o
                0x0000000008000a90                . = ALIGN (0x4)
                0x0000000008000a90                _etext = .

.vfp11_veneer   0x0000000008000a90        0x0
 .vfp11_veneer  0x0000000008000a90        0x0 linker stubs

.v4_bx          0x0000000008000a90        0x0
 .v4_bx         0x0000000008000a90        0x0 linker stubs

.iplt           0x0000000008000a90        0x0
 .iplt          0x0000000008000a90        0x0 C:/ST/STM32CubeIDE_1.4.0/STM32CubeIDE/plugins/com.st.stm32cube.ide.mcu.externaltools.gnu-tools-for-stm32.11.3.rel1.win32_1.1.0.202305231506/tools/bin/../lib/gcc/arm-none-eabi/11.3.1/thumb/v7e-m/nofp/crtbegin.o

.rodata         0x0000000008000a90        0xc
                0x0000000008000a90                . = ALIGN (0x4)
 *(.rodata)
 .rodata        0x0000000008000a90        0xc ./Src/005_spi_txonly_arduino.o
 *(.rodata*)
                0x0000000008000a9c                . = ALIGN (0x4)

.rel.dyn        0x0000000008000a9c        0x0
 .rel.iplt      0x0000000008000a9c        0x0 C:/ST/STM32CubeIDE_1.4.0/STM32CubeIDE/plugins/com.st.stm32cube.ide.mcu.externaltools.gnu-tools-for-stm32.11.3.rel1.win32_1.1.0.202305231506/tools/bin/../lib/gcc/arm-none-eabi/11.3.1/thumb/v7e-m/nofp/crtbegin.o

.ARM.extab      0x0000000008000a9c        0x0
                0x0000000008000a9c                . = ALIGN (0x4)
 *(.ARM.extab* .gnu.linkonce.armextab.*)
                0x0000000008000a9c                . = ALIGN (0x4)

.ARM            0x0000000008000a9c        0x0
                0x0000000008000a9c                . = ALIGN (0x4)
                0x0000000008000a9c                __exidx_start = .
 *(.ARM.exidx*)
                0x0000000008000a9c                __exidx_end = .
                0x0000000008000a9c                . = ALIGN (0x4)

.preinit_array  0x0000000008000a9c        0x0
                0x0000000008000a9c                . = ALIGN (0x4)
                0x0000000008000a9c                PROVIDE (__preinit_array_start = .)
 *(.preinit_array*)
                0x0000000008000a9c                PROVIDE (__preinit_array_end = .)
                0x0000000008000a9c                . = ALIGN (0x4)

.init_array     0x0000000008000a9c        0x4
                0x0000000008000a9c                . = ALIGN (0x4)
                0x0000000008000a9c                PROVIDE (__init_array_start = .)
 *(SORT_BY_NAME(.init_array.*))
 *(.init_array*)
 .init_array    0x0000000008000a9c        0x4 C:/ST/STM32CubeIDE_1.4.0/STM32CubeIDE/plugins/com.st.stm32cube.ide.mcu.externaltools.gnu-tools-for-stm32.11.3.rel1.win32_1.1.0.202305231506/tools/bin/../lib/gcc/arm-none-eabi/11.3.1/thumb/v7e-m/nofp/crtbegin.o
                0x0000000008000aa0                PROVIDE (__init_array_end = .)
                0x0000000008000aa0                . = ALIGN (0x4)

.fini_array     0x0000000008000aa0        0x4
                0x0000000008000aa0                . = ALIGN (0x4)
                [!provide]                        PROVIDE (__fini_array_start = .)
 *(SORT_BY_NAME(.fini_array.*))
 *(.fini_array*)
 .fini_array    0x0000000008000aa0        0x4 C:/ST/STM32CubeIDE_1.4.0/STM32CubeIDE/plugins/com.st.stm32cube.ide.mcu.externaltools.gnu-tools-for-stm32.11.3.rel1.win32_1.1.0.202305231506/tools/bin/../lib/gcc/arm-none-eabi/11.3.1/thumb/v7e-m/nofp/crtbegin.o
                [!provide]                        PROVIDE (__fini_array_end = .)
                0x0000000008000aa4                . = ALIGN (0x4)
                0x0000000008000aa4                _sidata = LOADADDR (.data)

.data           0x0000000020000000        0x0 load address 0x0000000008000aa4
                0x0000000020000000                . = ALIGN (0x4)
                0x0000000020000000                _sdata = .
 *(.data)
 *(.data*)
 *(.RamFunc)
 *(.RamFunc*)
                0x0000000020000000                . = ALIGN (0x4)
                0x0000000020000000                _edata = .
                0x0000000008000aa4                _siccmram = LOADADDR (.ccmram)

.igot.plt       0x0000000020000000        0x0 load address 0x0000000008000aa4
 .igot.plt      0x0000000020000000        0x0 C:/ST/STM32CubeIDE_1.4.0/STM32CubeIDE/plugins/com.st.stm32cube.ide.mcu.externaltools.gnu-tools-for-stm32.11.3.rel1.win32_1.1.0.202305231506/tools/bin/../lib/gcc/arm-none-eabi/11.3.1/thumb/v7e-m/nofp/crtbegin.o

.ccmram         0x0000000010000000        0x0 load address 0x0000000008000aa4
                0x0000000010000000                . = ALIGN (0x4)
                0x0000000010000000                _sccmram = .
 *(.ccmram)
 *(.ccmram*)
                0x0000000010000000                . = ALIGN (0x4)
                0x0000000010000000                _eccmram = .
                0x0000000010000000                . = ALIGN (0x4)

.bss            0x0000000020000000       0x1c
                0x0000000020000000                _sbss = .
                0x0000000020000000                __bss_start__ = _sbss
 *(.bss)
 .bss           0x0000000020000000       0x1c C:/ST/STM32CubeIDE_1.4.0/STM32CubeIDE/plugins/com.st.stm32cube.ide.mcu.externaltools.gnu-tools-for-stm32.11.3.rel1.win32_1.1.0.202305231506/tools/bin/../lib/gcc/arm-none-eabi/11.3.1/thumb/v7e-m/nofp/crtbegin.o
 *(.bss*)
 *(COMMON)
                0x000000002000001c                . = ALIGN (0x4)
                0x000000002000001c                _ebss = .
                0x000000002000001c                __bss_end__ = _ebss

._user_heap_stack
                0x000000002000001c      0x604
                0x0000000020000020                . = ALIGN (0x8)
 *fill*         0x000000002000001c        0x4 
                [!provide]                        PROVIDE (end = .)
                0x0000000020000020                PROVIDE (_end = .)
                0x0000000020000220                . = (. + _Min_Heap_Size)
 *fill*         0x0000000020000020      0x200 
                0x0000000020000620                . = (. + _Min_Stack_Size)
 *fill*         0x0000000020000220      0x400 
                0x0000000020000620                . = ALIGN (0x8)

/DISCARD/
 libc.a(*)
 libm.a(*)
 libgcc.a(*)

.ARM.attributes
                0x0000000000000000       0x2a
 *(.ARM.attributes)
 .ARM.attributes
                0x0000000000000000       0x1e C:/ST/STM32CubeIDE_1.4.0/STM32CubeIDE/plugins/com.st.stm32cube.ide.mcu.externaltools.gnu-tools-for-stm32.11.3.rel1.win32_1.1.0.202305231506/tools/bin/../lib/gcc/arm-none-eabi/11.3.1/thumb/v7e-m/nofp/crti.o
 .ARM.attributes
                0x000000000000001e       0x2e C:/ST/STM32CubeIDE_1.4.0/STM32CubeIDE/plugins/com.st.stm32cube.ide.mcu.externaltools.gnu-tools-for-stm32.11.3.rel1.win32_1.1.0.202305231506/tools/bin/../lib/gcc/arm-none-eabi/11.3.1/thumb/v7e-m/nofp/crtbegin.o
 .ARM.attributes
                0x000000000000004c       0x2e ./Src/005_spi_txonly_arduino.o
 .ARM.attributes
                0x000000000000007a       0x21 ./Startup/startup_stm32f407vgtx.o
 .ARM.attributes
                0x000000000000009b       0x2e ./drivers/Src/stm32f407xx_gpio_driver.o
 .ARM.attributes
                0x00000000000000c9       0x2e ./drivers/Src/stm32f407xx_spi_driver.o
 .ARM.attributes
                0x00000000000000f7       0x2e C:/ST/STM32CubeIDE_1.4.0/STM32CubeIDE/plugins/com.st.stm32cube.ide.mcu.externaltools.gnu-tools-for-stm32.11.3.rel1.win32_1.1.0.202305231506/tools/bin/../lib/gcc/arm-none-eabi/11.3.1/../../../../arm-none-eabi/lib/thumb/v7e-m/nofp\libc_nano.a(libc_a-init.o)
 .ARM.attributes
                0x0000000000000125       0x17 C:/ST/STM32CubeIDE_1.4.0/STM32CubeIDE/plugins/com.st.stm32cube.ide.mcu.externaltools.gnu-tools-for-stm32.11.3.rel1.win32_1.1.0.202305231506/tools/bin/../lib/gcc/arm-none-eabi/11.3.1/../../../../arm-none-eabi/lib/thumb/v7e-m/nofp\libc_nano.a(libc_a-strlen.o)
 .ARM.attributes
                0x000000000000013c       0x1e C:/ST/STM32CubeIDE_1.4.0/STM32CubeIDE/plugins/com.st.stm32cube.ide.mcu.externaltools.gnu-tools-for-stm32.11.3.rel1.win32_1.1.0.202305231506/tools/bin/../lib/gcc/arm-none-eabi/11.3.1/thumb/v7e-m/nofp/crtn.o
OUTPUT(17_STM32Fxx_Driver_SPI.elf elf32-littlearm)
LOAD linker stubs
LOAD C:/ST/STM32CubeIDE_1.4.0/STM32CubeIDE/plugins/com.st.stm32cube.ide.mcu.externaltools.gnu-tools-for-stm32.11.3.rel1.win32_1.1.0.202305231506/tools/bin/../lib/gcc/arm-none-eabi/11.3.1/../../../../arm-none-eabi/lib/thumb/v7e-m/nofp\libc.a
LOAD C:/ST/STM32CubeIDE_1.4.0/STM32CubeIDE/plugins/com.st.stm32cube.ide.mcu.externaltools.gnu-tools-for-stm32.11.3.rel1.win32_1.1.0.202305231506/tools/bin/../lib/gcc/arm-none-eabi/11.3.1/../../../../arm-none-eabi/lib/thumb/v7e-m/nofp\libm.a
LOAD C:/ST/STM32CubeIDE_1.4.0/STM32CubeIDE/plugins/com.st.stm32cube.ide.mcu.externaltools.gnu-tools-for-stm32.11.3.rel1.win32_1.1.0.202305231506/tools/bin/../lib/gcc/arm-none-eabi/11.3.1/thumb/v7e-m/nofp\libgcc.a

.comment        0x0000000000000000       0x43
 .comment       0x0000000000000000       0x43 C:/ST/STM32CubeIDE_1.4.0/STM32CubeIDE/plugins/com.st.stm32cube.ide.mcu.externaltools.gnu-tools-for-stm32.11.3.rel1.win32_1.1.0.202305231506/tools/bin/../lib/gcc/arm-none-eabi/11.3.1/thumb/v7e-m/nofp/crtbegin.o
                                         0x44 (size before relaxing)
 .comment       0x0000000000000043       0x44 ./Src/005_spi_txonly_arduino.o
 .comment       0x0000000000000043       0x44 ./drivers/Src/stm32f407xx_gpio_driver.o
 .comment       0x0000000000000043       0x44 ./drivers/Src/stm32f407xx_spi_driver.o

.debug_info     0x0000000000000000     0x1235
 .debug_info    0x0000000000000000      0x4da ./Src/005_spi_txonly_arduino.o
 .debug_info    0x00000000000004da       0x23 ./Startup/startup_stm32f407vgtx.o
 .debug_info    0x00000000000004fd      0x743 ./drivers/Src/stm32f407xx_gpio_driver.o
 .debug_info    0x0000000000000c40      0x5f5 ./drivers/Src/stm32f407xx_spi_driver.o

.debug_abbrev   0x0000000000000000      0x4bc
 .debug_abbrev  0x0000000000000000      0x199 ./Src/005_spi_txonly_arduino.o
 .debug_abbrev  0x0000000000000199       0x12 ./Startup/startup_stm32f407vgtx.o
 .debug_abbrev  0x00000000000001ab      0x178 ./drivers/Src/stm32f407xx_gpio_driver.o
 .debug_abbrev  0x0000000000000323      0x199 ./drivers/Src/stm32f407xx_spi_driver.o

.debug_aranges  0x0000000000000000      0x150
 .debug_aranges
                0x0000000000000000       0x40 ./Src/005_spi_txonly_arduino.o
 .debug_aranges
                0x0000000000000040       0x28 ./Startup/startup_stm32f407vgtx.o
 .debug_aranges
                0x0000000000000068       0x70 ./drivers/Src/stm32f407xx_gpio_driver.o
 .debug_aranges
                0x00000000000000d8       0x78 ./drivers/Src/stm32f407xx_spi_driver.o

.debug_rnglists
                0x0000000000000000       0xef
 .debug_rnglists
                0x0000000000000000       0x2c ./Src/005_spi_txonly_arduino.o
 .debug_rnglists
                0x000000000000002c       0x19 ./Startup/startup_stm32f407vgtx.o
 .debug_rnglists
                0x0000000000000045       0x53 ./drivers/Src/stm32f407xx_gpio_driver.o
 .debug_rnglists
                0x0000000000000098       0x57 ./drivers/Src/stm32f407xx_spi_driver.o

.debug_macro    0x0000000000000000     0x21e4
 .debug_macro   0x0000000000000000      0x15b ./Src/005_spi_txonly_arduino.o
 .debug_macro   0x000000000000015b      0xaa8 ./Src/005_spi_txonly_arduino.o
 .debug_macro   0x0000000000000c03       0x22 ./Src/005_spi_txonly_arduino.o
 .debug_macro   0x0000000000000c25       0x5b ./Src/005_spi_txonly_arduino.o
 .debug_macro   0x0000000000000c80       0x24 ./Src/005_spi_txonly_arduino.o
 .debug_macro   0x0000000000000ca4       0x94 ./Src/005_spi_txonly_arduino.o
 .debug_macro   0x0000000000000d38       0x43 ./Src/005_spi_txonly_arduino.o
 .debug_macro   0x0000000000000d7b       0x34 ./Src/005_spi_txonly_arduino.o
 .debug_macro   0x0000000000000daf      0x174 ./Src/005_spi_txonly_arduino.o
 .debug_macro   0x0000000000000f23       0x16 ./Src/005_spi_txonly_arduino.o
 .debug_macro   0x0000000000000f39       0x43 ./Src/005_spi_txonly_arduino.o
 .debug_macro   0x0000000000000f7c       0x57 ./Src/005_spi_txonly_arduino.o
 .debug_macro   0x0000000000000fd3       0x34 ./Src/005_spi_txonly_arduino.o
 .debug_macro   0x0000000000001007       0x10 ./Src/005_spi_txonly_arduino.o
 .debug_macro   0x0000000000001017       0x58 ./Src/005_spi_txonly_arduino.o
 .debug_macro   0x000000000000106f       0x8e ./Src/005_spi_txonly_arduino.o
 .debug_macro   0x00000000000010fd       0x1c ./Src/005_spi_txonly_arduino.o
 .debug_macro   0x0000000000001119      0x177 ./Src/005_spi_txonly_arduino.o
 .debug_macro   0x0000000000001290      0x369 ./Src/005_spi_txonly_arduino.o
 .debug_macro   0x00000000000015f9       0x10 ./Src/005_spi_txonly_arduino.o
 .debug_macro   0x0000000000001609       0x35 ./Src/005_spi_txonly_arduino.o
 .debug_macro   0x000000000000163e       0x20 ./Src/005_spi_txonly_arduino.o
 .debug_macro   0x000000000000165e      0x103 ./Src/005_spi_txonly_arduino.o
 .debug_macro   0x0000000000001761       0x6a ./Src/005_spi_txonly_arduino.o
 .debug_macro   0x00000000000017cb      0x1df ./Src/005_spi_txonly_arduino.o
 .debug_macro   0x00000000000019aa      0x467 ./Src/005_spi_txonly_arduino.o
 .debug_macro   0x0000000000001e11       0xc4 ./Src/005_spi_txonly_arduino.o
 .debug_macro   0x0000000000001ed5       0x9a ./Src/005_spi_txonly_arduino.o
 .debug_macro   0x0000000000001f6f       0x81 ./drivers/Src/stm32f407xx_gpio_driver.o
 .debug_macro   0x0000000000001ff0       0x8e ./drivers/Src/stm32f407xx_gpio_driver.o
 .debug_macro   0x000000000000207e       0x51 ./drivers/Src/stm32f407xx_gpio_driver.o
 .debug_macro   0x00000000000020cf       0x81 ./drivers/Src/stm32f407xx_spi_driver.o
 .debug_macro   0x0000000000002150       0x94 ./drivers/Src/stm32f407xx_spi_driver.o

.debug_line     0x0000000000000000     0x17a8
 .debug_line    0x0000000000000000      0x704 ./Src/005_spi_txonly_arduino.o
 .debug_line    0x0000000000000704       0x7b ./Startup/startup_stm32f407vgtx.o
 .debug_line    0x000000000000077f      0x97b ./drivers/Src/stm32f407xx_gpio_driver.o
 .debug_line    0x00000000000010fa      0x6ae ./drivers/Src/stm32f407xx_spi_driver.o

.debug_str      0x0000000000000000     0x910b
 .debug_str     0x0000000000000000     0x8d72 ./Src/005_spi_txonly_arduino.o
                                       0x8f74 (size before relaxing)
 .debug_str     0x0000000000008d72       0x2f ./Startup/startup_stm32f407vgtx.o
                                         0x6c (size before relaxing)
 .debug_str     0x0000000000008da1      0x28f ./drivers/Src/stm32f407xx_gpio_driver.o
                                       0x59f4 (size before relaxing)
 .debug_str     0x0000000000009030       0xdb ./drivers/Src/stm32f407xx_spi_driver.o
                                       0x5945 (size before relaxing)

.debug_frame    0x0000000000000000      0x49c
 .debug_frame   0x0000000000000000       0xc4 ./Src/005_spi_txonly_arduino.o
 .debug_frame   0x00000000000000c4      0x1c8 ./drivers/Src/stm32f407xx_gpio_driver.o
 .debug_frame   0x000000000000028c      0x1e4 ./drivers/Src/stm32f407xx_spi_driver.o
 .debug_frame   0x0000000000000470       0x2c C:/ST/STM32CubeIDE_1.4.0/STM32CubeIDE/plugins/com.st.stm32cube.ide.mcu.externaltools.gnu-tools-for-stm32.11.3.rel1.win32_1.1.0.202305231506/tools/bin/../lib/gcc/arm-none-eabi/11.3.1/../../../../arm-none-eabi/lib/thumb/v7e-m/nofp\libc_nano.a(libc_a-init.o)

.debug_line_str
                0x0000000000000000       0x60
 .debug_line_str
                0x0000000000000000       0x60 ./Startup/startup_stm32f407vgtx.o
                                         0x78 (size before relaxing)
