../bsp/ds1307.c:36:9:ds1307_init	16	static
../bsp/ds1307.c:67:6:ds1307_set_current_time	24	static
../bsp/ds1307.c:107:6:ds1307_get_current_time	24	static
../bsp/ds1307.c:149:6:ds1307_set_current_date	16	static
../bsp/ds1307.c:175:6:ds1307_get_current_date	16	static
../bsp/ds1307.c:204:13:ds1307_i2c_pin_config	32	static
../bsp/ds1307.c:248:13:ds1307_i2c_config	8	static
../bsp/ds1307.c:268:13:ds1307_write	32	static
../bsp/ds1307.c:289:16:ds1307_read	32	static
../bsp/ds1307.c:314:16:bcd_to_binary	24	static
../bsp/ds1307.c:335:16:binary_to_bcd	24	static
