../Src/007_spi_message_rcv_it.c:42:6:delay	16	static
../Src/007_spi_message_rcv_it.c:58:6:SPI2_GPIOInits	24	static
../Src/007_spi_message_rcv_it.c:92:6:SPI2_Inits	8	static
../Src/007_spi_message_rcv_it.c:110:6:Slave_GPIO_InterruptPinInit	24	static
../Src/007_spi_message_rcv_it.c:128:5:main	16	static
../Src/007_spi_message_rcv_it.c:194:6:SPI2_IRQHandler	8	static
../Src/007_spi_message_rcv_it.c:202:6:SPI_ApplicationEventCallback	16	static
../Src/007_spi_message_rcv_it.c:221:6:EXTI9_5_IRQHandler	8	static
