21:16:12 **** Incremental Build of configuration Debug for project 001TestSizeof ****
make -j8 all 
arm-none-eabi-gcc "../Src/main.c" -mcpu=cortex-m4 -std=gnu11 -g3 -DSTM32 -DSTM32F407G_DISC1 -DSTM32F4 -DSTM32F407VGTx -DDEBUG -c -I../Inc -O0 -ffunction-sections -fdata-sections -Wall -fstack-usage -MMD -MP -MF"Src/main.d" -MT"Src/main.o" --specs=nano.specs -mfloat-abi=soft -mthumb -o "Src/main.o"
arm-none-eabi-gcc -o "001TestSizeof.elf" @"objects.list"   -mcpu=cortex-m4 -T"C:\Users\Minh\Documents\Arm C\001TestSizeof\STM32F407VGTX_FLASH.ld" --specs=nosys.specs -Wl,-Map="001TestSizeof.map" -Wl,--gc-sections -static --specs=nano.specs -mfloat-abi=soft -mthumb -Wl,--start-group -lc -lm -Wl,--end-group
Finished building target: 001TestSizeof.elf
 
arm-none-eabi-objdump -h -S  001TestSizeof.elf  > "001TestSizeof.list"
arm-none-eabi-objcopy  -O binary  001TestSizeof.elf  "001TestSizeof.bin"
arm-none-eabi-size   001TestSizeof.elf 
   text	   data	    bss	    dec	    hex	filename
   5364	    108	   1580	   7052	   1b8c	001TestSizeof.elf
Finished building: default.size.stdout
 
Finished building: 001TestSizeof.bin
Finished building: 001TestSizeof.list
 
 

21:16:13 Build Finished. 0 errors, 0 warnings. (took 999ms)

