17:07:16 **** Incremental Build of configuration Debug for project Keypad ****
make -j8 all 
arm-none-eabi-gcc "../Src/main.c" -mcpu=cortex-m4 -std=gnu11 -g3 -DSTM32 -DSTM32F407G_DISC1 -DSTM32F4 -DSTM32F407VGTx -DDEBUG -c -I../Inc -O0 -ffunction-sections -fdata-sections -Wall -fstack-usage -MMD -MP -MF"Src/main.d" -MT"Src/main.o" --specs=nano.specs -mfloat-abi=soft -mthumb -o "Src/main.o"
arm-none-eabi-gcc -o "Keypad.elf" @"objects.list"   -mcpu=cortex-m4 -T"C:\Users\Minh\Documents\Arm C\Keypad\STM32F407VGTX_FLASH.ld" --specs=nosys.specs -Wl,-Map="Keypad.map" -Wl,--gc-sections -static --specs=nano.specs -mfloat-abi=soft -mthumb -Wl,--start-group -lc -lm -Wl,--end-group
Finished building target: Keypad.elf
 
arm-none-eabi-objdump -h -S  Keypad.elf  > "Keypad.list"
arm-none-eabi-objcopy  -O binary  Keypad.elf  "Keypad.bin"
arm-none-eabi-size   Keypad.elf 
   text	   data	    bss	    dec	    hex	filename
   4188	    108	   1580	   5876	   16f4	Keypad.elf
Finished building: default.size.stdout
 
Finished building: Keypad.bin
Finished building: Keypad.list
 
 

17:07:16 Build Finished. 0 errors, 0 warnings. (took 692ms)

