15:39:47 **** Incremental Build of configuration Debug for project Led_Read_Pin ****
make -j8 all 
arm-none-eabi-gcc "../Src/main.c" -mcpu=cortex-m4 -std=gnu11 -g3 -DSTM32 -DSTM32F407G_DISC1 -DSTM32F4 -DSTM32F407VGTx -DDEBUG -c -I../Inc -O0 -ffunction-sections -fdata-sections -Wall -fstack-usage -fcyclomatic-complexity -MMD -MP -MF"Src/main.d" -MT"Src/main.o" --specs=nano.specs -mfloat-abi=soft -mthumb -o "Src/main.o"
arm-none-eabi-gcc -o "Led_Read_Pin.elf" @"objects.list"   -mcpu=cortex-m4 -T"C:\Users\Minh\Documents\Arm C\Led_Read_Pin\STM32F407VGTX_FLASH.ld" --specs=nosys.specs -Wl,-Map="Led_Read_Pin.map" -Wl,--gc-sections -static --specs=nano.specs -mfloat-abi=soft -mthumb -Wl,--start-group -lc -lm -Wl,--end-group
Finished building target: Led_Read_Pin.elf
 
arm-none-eabi-size   Led_Read_Pin.elf 
arm-none-eabi-objdump -h -S  Led_Read_Pin.elf  > "Led_Read_Pin.list"
   text	   data	    bss	    dec	    hex	filename
    820	      8	   1568	   2396	    95c	Led_Read_Pin.elf
Finished building: default.size.stdout
 
Finished building: Led_Read_Pin.list
 

15:39:48 Build Finished. 0 errors, 0 warnings. (took 933ms)

