14:37:50 **** Incremental Build of configuration Debug for project Led_Read_Pin_Optimazation ****
make -j8 all 
arm-none-eabi-gcc "../Src/main.c" -mcpu=cortex-m4 -std=gnu11 -g3 -DDEBUG -DSTM32 -DSTM32F407G_DISC1 -DSTM32F4 -DSTM32F407VGTx -c -I../Inc -O2 -ffunction-sections -fdata-sections -Wall -fstack-usage -fcyclomatic-complexity -MMD -MP -MF"Src/main.d" -MT"Src/main.o" --specs=nano.specs -mfloat-abi=soft -mthumb -o "Src/main.o"
arm-none-eabi-gcc "../Src/syscalls.c" -mcpu=cortex-m4 -std=gnu11 -g3 -DDEBUG -DSTM32 -DSTM32F407G_DISC1 -DSTM32F4 -DSTM32F407VGTx -c -I../Inc -O2 -ffunction-sections -fdata-sections -Wall -fstack-usage -fcyclomatic-complexity -MMD -MP -MF"Src/syscalls.d" -MT"Src/syscalls.o" --specs=nano.specs -mfloat-abi=soft -mthumb -o "Src/syscalls.o"
arm-none-eabi-gcc "../Src/sysmem.c" -mcpu=cortex-m4 -std=gnu11 -g3 -DDEBUG -DSTM32 -DSTM32F407G_DISC1 -DSTM32F4 -DSTM32F407VGTx -c -I../Inc -O2 -ffunction-sections -fdata-sections -Wall -fstack-usage -fcyclomatic-complexity -MMD -MP -MF"Src/sysmem.d" -MT"Src/sysmem.o" --specs=nano.specs -mfloat-abi=soft -mthumb -o "Src/sysmem.o"
arm-none-eabi-gcc -o "Led_Read_Pin_Optimazation.elf" @"objects.list"   -mcpu=cortex-m4 -T"C:\Users\Minh\Documents\Arm C\Led_Read_Pin_Optimazation\STM32F407VGTX_FLASH.ld" --specs=nosys.specs -Wl,-Map="Led_Read_Pin_Optimazation.map" -Wl,--gc-sections -static --specs=nano.specs -mfloat-abi=soft -mthumb -Wl,--start-group -lc -lm -Wl,--end-group
Finished building target: Led_Read_Pin_Optimazation.elf
 
arm-none-eabi-size   Led_Read_Pin_Optimazation.elf 
arm-none-eabi-objdump -h -S  Led_Read_Pin_Optimazation.elf  > "Led_Read_Pin_Optimazation.list"
   text	   data	    bss	    dec	    hex	filename
    764	      8	   1568	   2340	    924	Led_Read_Pin_Optimazation.elf
Finished building: default.size.stdout
 
Finished building: Led_Read_Pin_Optimazation.list
 

14:37:51 Build Finished. 0 errors, 0 warnings. (took 1s.232ms)

