../Src/10_i2c_master_rx_testingIT.c:21:6:delay	16	static
../Src/10_i2c_master_rx_testingIT.c:58:6:I2C1_GPIOInits	24	static
../Src/10_i2c_master_rx_testingIT.c:87:6:I2C1_Inits	8	static
../Src/10_i2c_master_rx_testingIT.c:107:6:GPIO_ButtonInit	24	static
../Src/10_i2c_master_rx_testingIT.c:131:5:main	24	static
../Src/10_i2c_master_rx_testingIT.c:218:6:I2C1_EV_IRQHandler	8	static
../Src/10_i2c_master_rx_testingIT.c:226:6:I2C1_ER_IRQHandler	8	static
../Src/10_i2c_master_rx_testingIT.c:234:6:I2C_ApplicationEventCallback	16	static
