../Src/11_i2c_slave_tx_testing.c:21:6:delay	16	static
../Src/11_i2c_slave_tx_testing.c:55:6:I2C1_GPIOInits	24	static
../Src/11_i2c_slave_tx_testing.c:84:6:I2C1_Inits	8	static
../Src/11_i2c_slave_tx_testing.c:104:6:GPIO_ButtonInit	24	static
../Src/11_i2c_slave_tx_testing.c:128:5:main	8	static
../Src/11_i2c_slave_tx_testing.c:175:6:I2C1_EV_IRQHandler	8	static
../Src/11_i2c_slave_tx_testing.c:183:6:I2C1_ER_IRQHandler	8	static
../Src/11_i2c_slave_tx_testing.c:191:6:I2C_ApplicationEventCallback	24	static
