../drivers/Src/stm32f407xx_usart_driver.c:24:6:USART_SetBaudRate	40	static
../drivers/Src/stm32f407xx_usart_driver.c:103:6:USART_PeriClockControl	16	static
../drivers/Src/stm32f407xx_usart_driver.c:142:6:USART_Init	24	static
../drivers/Src/stm32f407xx_usart_driver.c:262:6:USART_SendData	32	static
../drivers/Src/stm32f407xx_usart_driver.c:331:6:USART_ReceiveData	32	static
../drivers/Src/stm32f407xx_usart_driver.c:407:9:USART_SendDataIT	32	static
../drivers/Src/stm32f407xx_usart_driver.c:443:9:USART_ReceiveDataIT	32	static
../drivers/Src/stm32f407xx_usart_driver.c:475:6:USART_PeripheralControl	16	static
../drivers/Src/stm32f407xx_usart_driver.c:500:9:USART_GetFlagStatus	16	static
../drivers/Src/stm32f407xx_usart_driver.c:522:6:USART_ClearFlag	16	static
../drivers/Src/stm32f407xx_usart_driver.c:539:6:USART_IRQPriorityConfig	24	static
../drivers/Src/stm32f407xx_usart_driver.c:571:6:USART_IRQInterruptConfig	16	static
../drivers/Src/stm32f407xx_usart_driver.c:623:6:USART_IRQHandling	32	static
../drivers/Src/stm32f407xx_usart_driver.c:924:13:USART_ApplicationEventCallback	16	static
