15:07:07 **** Incremental Build of configuration Debug for project 002SampleApp ****
make -j8 all 
arm-none-eabi-gcc "../Src/main.c" -mcpu=cortex-m4 -std=gnu11 -g3 -DSTM32 -DSTM32F407G_DISC1 -DSTM32F4 -DSTM32F407VGTx -DDEBUG -c -I../Inc -O0 -ffunction-sections -fdata-sections -Wall -fstack-usage -MMD -MP -MF"Src/main.d" -MT"Src/main.o" --specs=nano.specs -mfloat-abi=soft -mthumb -o "Src/main.o"
arm-none-eabi-gcc -o "002SampleApp.elf" @"objects.list"   -mcpu=cortex-m4 -T"C:\Users\Minh\Documents\ArmCortex\002SampleApp\STM32F407VGTX_FLASH.ld" --specs=nosys.specs -Wl,-Map="002SampleApp.map" -Wl,--gc-sections -static --specs=nano.specs -mfloat-abi=soft -mthumb -Wl,--start-group -lc -lm -Wl,--end-group
Finished building target: 002SampleApp.elf
 
arm-none-eabi-objdump -h -S  002SampleApp.elf  > "002SampleApp.list"
arm-none-eabi-objcopy  -O binary  002SampleApp.elf  "002SampleApp.bin"
arm-none-eabi-size   002SampleApp.elf 
   text	   data	    bss	    dec	    hex	filename
   5800	    180	   1580	   7560	   1d88	002SampleApp.elf
Finished building: default.size.stdout
 
Finished building: 002SampleApp.bin
 
Finished building: 002SampleApp.list
 

15:07:10 Build Finished. 0 errors, 0 warnings. (took 2s.755ms)

