16:15:45 **** Incremental Build of configuration Debug for project 001HelloWorld ****
make -j8 all 
arm-none-eabi-size   001HelloWorld.elf 
   text	   data	    bss	    dec	    hex	filename
   3476	    108	   1580	   5164	   142c	001HelloWorld.elf
Finished building: default.size.stdout
 
16:15:53 **** Incremental Build of configuration Debug for project 001HelloWorld ****
make -j8 all 
arm-none-eabi-size   001HelloWorld.elf 
   text	   data	    bss	    dec	    hex	filename
   3476	    108	   1580	   5164	   142c	001HelloWorld.elf
Finished building: default.size.stdout
 
16:16:11 **** Incremental Build of configuration Debug for project 001HelloWorld ****
make -j8 all 
arm-none-eabi-size   001HelloWorld.elf 
   text	   data	    bss	    dec	    hex	filename
   3476	    108	   1580	   5164	   142c	001HelloWorld.elf
Finished building: default.size.stdout
 
16:17:05 **** Incremental Build of configuration Debug for project 001HelloWorld ****
make -j8 all 
arm-none-eabi-size   001HelloWorld.elf 
   text	   data	    bss	    dec	    hex	filename
   3476	    108	   1580	   5164	   142c	001HelloWorld.elf
Finished building: default.size.stdout
 
16:17:29 **** Incremental Build of configuration Debug for project 001HelloWorld ****
make -j8 all 
arm-none-eabi-size   001HelloWorld.elf 
   text	   data	    bss	    dec	    hex	filename
   3476	    108	   1580	   5164	   142c	001HelloWorld.elf
Finished building: default.size.stdout
 
16:17:41 **** Incremental Build of configuration Debug for project 001HelloWorld ****
make -j8 all 
arm-none-eabi-size   001HelloWorld.elf 
   text	   data	    bss	    dec	    hex	filename
   3476	    108	   1580	   5164	   142c	001HelloWorld.elf
Finished building: default.size.stdout
 
16:20:10 **** Incremental Build of configuration Debug for project 001HelloWorld ****
make -j8 all 
arm-none-eabi-size   001HelloWorld.elf 
   text	   data	    bss	    dec	    hex	filename
   3476	    108	   1580	   5164	   142c	001HelloWorld.elf
Finished building: default.size.stdout
 
