21:20:13 **** Build of configuration Debug for project 02_Hello_World ****
make -j8 all 
arm-none-eabi-gcc "../Src/main.c" -mcpu=cortex-m4 -std=gnu11 -g3 -DDEBUG -DSTM32 -DSTM32F407G_DISC1 -DSTM32F4 -DSTM32F407VGTx -c -I../Inc -O0 -ffunction-sections -fdata-sections -Wall -fstack-usage -fcyclomatic-complexity -MMD -MP -MF"Src/main.d" -MT"Src/main.o" --specs=nano.specs -mfloat-abi=soft -mthumb -o "Src/main.o"
arm-none-eabi-gcc -o "02_Hello_World.elf" @"objects.list"   -mcpu=cortex-m4 -T"C:\Users\Minh\Documents\ArmMCU1\02_Hello_World\STM32F407VGTX_FLASH.ld" --specs=nosys.specs -Wl,-Map="02_Hello_World.map" -Wl,--gc-sections -static --specs=nano.specs -mfloat-abi=soft -mthumb -Wl,--start-group -lc -lm -Wl,--end-group
Finished building target: 02_Hello_World.elf
 
arm-none-eabi-size   02_Hello_World.elf 
arm-none-eabi-objdump -h -S  02_Hello_World.elf  > "02_Hello_World.list"
   text	   data	    bss	    dec	    hex	filename
   3360	    100	   1900	   5360	   14f0	02_Hello_World.elf
Finished building: default.size.stdout
 
Finished building: 02_Hello_World.list
 

21:20:18 Build Finished. 0 errors, 0 warnings. (took 5s.279ms)

