22:38:14 **** Build of configuration Debug for project 11_Led_Toggle_OpenDrain ****
make -j8 all 
arm-none-eabi-gcc "../drivers/Src/stm32f407xx_gpio_driver.c" -mcpu=cortex-m4 -std=gnu11 -g3 -DDEBUG -DSTM32 -DSTM32F407G_DISC1 -DSTM32F4 -DSTM32F407VGTx -c -I../Inc -I"C:/Users/Minh/Documents/ArmMCU1/11_Led_Toggle_OpenDrain/drivers/Inc" -O0 -ffunction-sections -fdata-sections -Wall -fstack-usage -fcyclomatic-complexity -MMD -MP -MF"drivers/Src/stm32f407xx_gpio_driver.d" -MT"drivers/Src/stm32f407xx_gpio_driver.o" --specs=nano.specs -mfloat-abi=soft -mthumb -o "drivers/Src/stm32f407xx_gpio_driver.o"
arm-none-eabi-gcc "../Src/001led_toggle.c" -mcpu=cortex-m4 -std=gnu11 -g3 -DDEBUG -DSTM32 -DSTM32F407G_DISC1 -DSTM32F4 -DSTM32F407VGTx -c -I../Inc -I"C:/Users/Minh/Documents/ArmMCU1/11_Led_Toggle_OpenDrain/drivers/Inc" -O0 -ffunction-sections -fdata-sections -Wall -fstack-usage -fcyclomatic-complexity -MMD -MP -MF"Src/001led_toggle.d" -MT"Src/001led_toggle.o" --specs=nano.specs -mfloat-abi=soft -mthumb -o "Src/001led_toggle.o"
arm-none-eabi-gcc -o "11_Led_Toggle_OpenDrain.elf" @"objects.list"   -mcpu=cortex-m4 -T"C:\Users\Minh\Documents\ArmMCU1\11_Led_Toggle_OpenDrain\STM32F407VGTX_FLASH.ld" --specs=nosys.specs -Wl,-Map="11_Led_Toggle_OpenDrain.map" -Wl,--gc-sections -static --specs=nano.specs -mfloat-abi=soft -mthumb -Wl,--start-group -lc -lm -Wl,--end-group
Finished building target: 11_Led_Toggle_OpenDrain.elf
 
arm-none-eabi-size   11_Led_Toggle_OpenDrain.elf 
arm-none-eabi-objdump -h -S  11_Led_Toggle_OpenDrain.elf  > "11_Led_Toggle_OpenDrain.list"
   text	   data	    bss	    dec	    hex	filename
   1480	      8	   1568	   3056	    bf0	11_Led_Toggle_OpenDrain.elf
Finished building: default.size.stdout
 
Finished building: 11_Led_Toggle_OpenDrain.list
 

22:38:15 Build Finished. 0 errors, 0 warnings. (took 974ms)

