22:38:24 **** Build of configuration Debug for project 18_STM32xx_SPI_IRQx ****
make -j8 all 
arm-none-eabi-gcc "../drivers/Src/stm32f407xx_gpio_driver.c" -mcpu=cortex-m4 -std=gnu11 -g3 -DDEBUG -DSTM32 -DSTM32F407G_DISC1 -DSTM32F4 -DSTM32F407VGTx -c -I../Inc -I"C:/Users/Minh/Documents/ArmMCU1/18_STM32xx_SPI_IRQx/drivers/Inc" -O0 -ffunction-sections -fdata-sections -Wall -fstack-usage -fcyclomatic-complexity -MMD -MP -MF"drivers/Src/stm32f407xx_gpio_driver.d" -MT"drivers/Src/stm32f407xx_gpio_driver.o" --specs=nano.specs -mfloat-abi=soft -mthumb -o "drivers/Src/stm32f407xx_gpio_driver.o"
arm-none-eabi-gcc "../drivers/Src/stm32f407xx_spi_driver.c" -mcpu=cortex-m4 -std=gnu11 -g3 -DDEBUG -DSTM32 -DSTM32F407G_DISC1 -DSTM32F4 -DSTM32F407VGTx -c -I../Inc -I"C:/Users/Minh/Documents/ArmMCU1/18_STM32xx_SPI_IRQx/drivers/Inc" -O0 -ffunction-sections -fdata-sections -Wall -fstack-usage -fcyclomatic-complexity -MMD -MP -MF"drivers/Src/stm32f407xx_spi_driver.d" -MT"drivers/Src/stm32f407xx_spi_driver.o" --specs=nano.specs -mfloat-abi=soft -mthumb -o "drivers/Src/stm32f407xx_spi_driver.o"
arm-none-eabi-gcc "../Src/007_spi_message_rcv_it.c" -mcpu=cortex-m4 -std=gnu11 -g3 -DDEBUG -DSTM32 -DSTM32F407G_DISC1 -DSTM32F4 -DSTM32F407VGTx -c -I../Inc -I"C:/Users/Minh/Documents/ArmMCU1/18_STM32xx_SPI_IRQx/drivers/Inc" -O0 -ffunction-sections -fdata-sections -Wall -fstack-usage -fcyclomatic-complexity -MMD -MP -MF"Src/007_spi_message_rcv_it.d" -MT"Src/007_spi_message_rcv_it.o" --specs=nano.specs -mfloat-abi=soft -mthumb -o "Src/007_spi_message_rcv_it.o"
arm-none-eabi-gcc "../Src/tutorial_spi_interrupt.c" -mcpu=cortex-m4 -std=gnu11 -g3 -DDEBUG -DSTM32 -DSTM32F407G_DISC1 -DSTM32F4 -DSTM32F407VGTx -c -I../Inc -I"C:/Users/Minh/Documents/ArmMCU1/18_STM32xx_SPI_IRQx/drivers/Inc" -O0 -ffunction-sections -fdata-sections -Wall -fstack-usage -fcyclomatic-complexity -MMD -MP -MF"Src/tutorial_spi_interrupt.d" -MT"Src/tutorial_spi_interrupt.o" --specs=nano.specs -mfloat-abi=soft -mthumb -o "Src/tutorial_spi_interrupt.o"
arm-none-eabi-gcc -o "18_STM32xx_SPI_IRQx.elf" @"objects.list"   -mcpu=cortex-m4 -T"C:\Users\Minh\Documents\ArmMCU1\18_STM32xx_SPI_IRQx\STM32F407VGTX_FLASH.ld" --specs=nosys.specs -Wl,-Map="18_STM32xx_SPI_IRQx.map" -Wl,--gc-sections -static --specs=nano.specs -mfloat-abi=soft -mthumb -Wl,--start-group -lc -lm -Wl,--end-group
Finished building target: 18_STM32xx_SPI_IRQx.elf
 
arm-none-eabi-size   18_STM32xx_SPI_IRQx.elf 
arm-none-eabi-objdump -h -S  18_STM32xx_SPI_IRQx.elf  > "18_STM32xx_SPI_IRQx.list"
   text	   data	    bss	    dec	    hex	filename
   8236	    100	   2444	  10780	   2a1c	18_STM32xx_SPI_IRQx.elf
Finished building: default.size.stdout
 
Finished building: 18_STM32xx_SPI_IRQx.list
 

22:38:25 Build Finished. 0 errors, 0 warnings. (took 1s.240ms)

