18:30:36 **** Incremental Build of configuration Debug for project 20_STM32Fxx_Driver_I2C ****
make -j8 all 
arm-none-eabi-gcc "../drivers/Src/stm32f407xx_i2c_driver.c" -mcpu=cortex-m4 -std=gnu11 -g3 -DDEBUG -DSTM32 -DSTM32F407G_DISC1 -DSTM32F4 -DSTM32F407VGTx -c -I../Inc -I"C:/Users/Minh/Documents/ArmMCU1/20_STM32Fxx_Driver_I2C/drivers/Inc" -O0 -ffunction-sections -fdata-sections -Wall -fstack-usage -fcyclomatic-complexity -MMD -MP -MF"drivers/Src/stm32f407xx_i2c_driver.d" -MT"drivers/Src/stm32f407xx_i2c_driver.o" --specs=nano.specs -mfloat-abi=soft -mthumb -o "drivers/Src/stm32f407xx_i2c_driver.o"
arm-none-eabi-gcc "../Src/09_i2c_master_rx_testing.c" -mcpu=cortex-m4 -std=gnu11 -g3 -DDEBUG -DSTM32 -DSTM32F407G_DISC1 -DSTM32F4 -DSTM32F407VGTx -c -I../Inc -I"C:/Users/Minh/Documents/ArmMCU1/20_STM32Fxx_Driver_I2C/drivers/Inc" -O0 -ffunction-sections -fdata-sections -Wall -fstack-usage -fcyclomatic-complexity -MMD -MP -MF"Src/09_i2c_master_rx_testing.d" -MT"Src/09_i2c_master_rx_testing.o" --specs=nano.specs -mfloat-abi=soft -mthumb -o "Src/09_i2c_master_rx_testing.o"
arm-none-eabi-gcc -o "20_STM32Fxx_Driver_I2C.elf" @"objects.list"   -mcpu=cortex-m4 -T"C:\Users\Minh\Documents\ArmMCU1\20_STM32Fxx_Driver_I2C\STM32F407VGTX_FLASH.ld" --specs=nosys.specs -Wl,-Map="20_STM32Fxx_Driver_I2C.map" -Wl,--gc-sections -static --specs=nano.specs -mfloat-abi=soft -mthumb -Wl,--start-group -lc -lm -Wl,--end-group
Finished building target: 20_STM32Fxx_Driver_I2C.elf
 
arm-none-eabi-size   20_STM32Fxx_Driver_I2C.elf 
arm-none-eabi-objdump -h -S  20_STM32Fxx_Driver_I2C.elf  > "20_STM32Fxx_Driver_I2C.list"
   text	   data	    bss	    dec	    hex	filename
   3568	     32	   1608	   5208	   1458	20_STM32Fxx_Driver_I2C.elf
Finished building: default.size.stdout
 
Finished building: 20_STM32Fxx_Driver_I2C.list
 

18:30:37 Build Finished. 0 errors, 0 warnings. (took 1s.490ms)

