22:38:33 **** Build of configuration Debug for project 23_STM32Fxx_RTC_LCD_Project ****
make -j8 all 
arm-none-eabi-gcc "../drivers/Src/stm32f407xx_gpio_driver.c" -mcpu=cortex-m4 -std=gnu11 -g3 -DDEBUG -DSTM32 -DSTM32F407G_DISC1 -DSTM32F4 -DSTM32F407VGTx -c -I../Inc -I"C:/Users/Minh/Documents/ArmMCU1/23_STM32Fxx_RTC_LCD_Project/bsp" -I"C:/Users/Minh/Documents/ArmMCU1/23_STM32Fxx_RTC_LCD_Project/drivers/Inc" -O0 -ffunction-sections -fdata-sections -Wall -fstack-usage -fcyclomatic-complexity -MMD -MP -MF"drivers/Src/stm32f407xx_gpio_driver.d" -MT"drivers/Src/stm32f407xx_gpio_driver.o" --specs=nano.specs -mfloat-abi=soft -mthumb -o "drivers/Src/stm32f407xx_gpio_driver.o"
arm-none-eabi-gcc "../drivers/Src/stm32f407xx_i2c_driver.c" -mcpu=cortex-m4 -std=gnu11 -g3 -DDEBUG -DSTM32 -DSTM32F407G_DISC1 -DSTM32F4 -DSTM32F407VGTx -c -I../Inc -I"C:/Users/Minh/Documents/ArmMCU1/23_STM32Fxx_RTC_LCD_Project/bsp" -I"C:/Users/Minh/Documents/ArmMCU1/23_STM32Fxx_RTC_LCD_Project/drivers/Inc" -O0 -ffunction-sections -fdata-sections -Wall -fstack-usage -fcyclomatic-complexity -MMD -MP -MF"drivers/Src/stm32f407xx_i2c_driver.d" -MT"drivers/Src/stm32f407xx_i2c_driver.o" --specs=nano.specs -mfloat-abi=soft -mthumb -o "drivers/Src/stm32f407xx_i2c_driver.o"
arm-none-eabi-gcc "../drivers/Src/stm32f407xx_rcc_driver.c" -mcpu=cortex-m4 -std=gnu11 -g3 -DDEBUG -DSTM32 -DSTM32F407G_DISC1 -DSTM32F4 -DSTM32F407VGTx -c -I../Inc -I"C:/Users/Minh/Documents/ArmMCU1/23_STM32Fxx_RTC_LCD_Project/bsp" -I"C:/Users/Minh/Documents/ArmMCU1/23_STM32Fxx_RTC_LCD_Project/drivers/Inc" -O0 -ffunction-sections -fdata-sections -Wall -fstack-usage -fcyclomatic-complexity -MMD -MP -MF"drivers/Src/stm32f407xx_rcc_driver.d" -MT"drivers/Src/stm32f407xx_rcc_driver.o" --specs=nano.specs -mfloat-abi=soft -mthumb -o "drivers/Src/stm32f407xx_rcc_driver.o"
arm-none-eabi-gcc "../drivers/Src/stm32f407xx_spi_driver.c" -mcpu=cortex-m4 -std=gnu11 -g3 -DDEBUG -DSTM32 -DSTM32F407G_DISC1 -DSTM32F4 -DSTM32F407VGTx -c -I../Inc -I"C:/Users/Minh/Documents/ArmMCU1/23_STM32Fxx_RTC_LCD_Project/bsp" -I"C:/Users/Minh/Documents/ArmMCU1/23_STM32Fxx_RTC_LCD_Project/drivers/Inc" -O0 -ffunction-sections -fdata-sections -Wall -fstack-usage -fcyclomatic-complexity -MMD -MP -MF"drivers/Src/stm32f407xx_spi_driver.d" -MT"drivers/Src/stm32f407xx_spi_driver.o" --specs=nano.specs -mfloat-abi=soft -mthumb -o "drivers/Src/stm32f407xx_spi_driver.o"
arm-none-eabi-gcc "../drivers/Src/stm32f407xx_usart_driver.c" -mcpu=cortex-m4 -std=gnu11 -g3 -DDEBUG -DSTM32 -DSTM32F407G_DISC1 -DSTM32F4 -DSTM32F407VGTx -c -I../Inc -I"C:/Users/Minh/Documents/ArmMCU1/23_STM32Fxx_RTC_LCD_Project/bsp" -I"C:/Users/Minh/Documents/ArmMCU1/23_STM32Fxx_RTC_LCD_Project/drivers/Inc" -O0 -ffunction-sections -fdata-sections -Wall -fstack-usage -fcyclomatic-complexity -MMD -MP -MF"drivers/Src/stm32f407xx_usart_driver.d" -MT"drivers/Src/stm32f407xx_usart_driver.o" --specs=nano.specs -mfloat-abi=soft -mthumb -o "drivers/Src/stm32f407xx_usart_driver.o"
arm-none-eabi-gcc "../bsp/ds1307.c" -mcpu=cortex-m4 -std=gnu11 -g3 -DDEBUG -DSTM32 -DSTM32F407G_DISC1 -DSTM32F4 -DSTM32F407VGTx -c -I../Inc -I"C:/Users/Minh/Documents/ArmMCU1/23_STM32Fxx_RTC_LCD_Project/bsp" -I"C:/Users/Minh/Documents/ArmMCU1/23_STM32Fxx_RTC_LCD_Project/drivers/Inc" -O0 -ffunction-sections -fdata-sections -Wall -fstack-usage -fcyclomatic-complexity -MMD -MP -MF"bsp/ds1307.d" -MT"bsp/ds1307.o" --specs=nano.specs -mfloat-abi=soft -mthumb -o "bsp/ds1307.o"
arm-none-eabi-gcc "../bsp/lcd.c" -mcpu=cortex-m4 -std=gnu11 -g3 -DDEBUG -DSTM32 -DSTM32F407G_DISC1 -DSTM32F4 -DSTM32F407VGTx -c -I../Inc -I"C:/Users/Minh/Documents/ArmMCU1/23_STM32Fxx_RTC_LCD_Project/bsp" -I"C:/Users/Minh/Documents/ArmMCU1/23_STM32Fxx_RTC_LCD_Project/drivers/Inc" -O0 -ffunction-sections -fdata-sections -Wall -fstack-usage -fcyclomatic-complexity -MMD -MP -MF"bsp/lcd.d" -MT"bsp/lcd.o" --specs=nano.specs -mfloat-abi=soft -mthumb -o "bsp/lcd.o"
arm-none-eabi-gcc -mcpu=cortex-m4 -g3 -DDEBUG -c -x assembler-with-cpp -MMD -MP -MF"Startup/startup_stm32f407vgtx.d" -MT"Startup/startup_stm32f407vgtx.o" --specs=nano.specs -mfloat-abi=soft -mthumb -o "Startup/startup_stm32f407vgtx.o" "../Startup/startup_stm32f407vgtx.s"
../drivers/Src/stm32f407xx_usart_driver.c: In function 'USART_IRQHandling':
../drivers/Src/stm32f407xx_usart_driver.c:626:33: warning: variable 'temp3' set but not used [-Wunused-but-set-variable]
  626 |         uint32_t temp1 , temp2, temp3;
      |                                 ^~~~~
arm-none-eabi-gcc "../Src/15_rtc_ds1307_lcd_testing.c" -mcpu=cortex-m4 -std=gnu11 -g3 -DDEBUG -DSTM32 -DSTM32F407G_DISC1 -DSTM32F4 -DSTM32F407VGTx -c -I../Inc -I"C:/Users/Minh/Documents/ArmMCU1/23_STM32Fxx_RTC_LCD_Project/bsp" -I"C:/Users/Minh/Documents/ArmMCU1/23_STM32Fxx_RTC_LCD_Project/drivers/Inc" -O0 -ffunction-sections -fdata-sections -Wall -fstack-usage -fcyclomatic-complexity -MMD -MP -MF"Src/15_rtc_ds1307_lcd_testing.d" -MT"Src/15_rtc_ds1307_lcd_testing.o" --specs=nano.specs -mfloat-abi=soft -mthumb -o "Src/15_rtc_ds1307_lcd_testing.o"
arm-none-eabi-gcc "../Src/syscalls.c" -mcpu=cortex-m4 -std=gnu11 -g3 -DDEBUG -DSTM32 -DSTM32F407G_DISC1 -DSTM32F4 -DSTM32F407VGTx -c -I../Inc -I"C:/Users/Minh/Documents/ArmMCU1/23_STM32Fxx_RTC_LCD_Project/bsp" -I"C:/Users/Minh/Documents/ArmMCU1/23_STM32Fxx_RTC_LCD_Project/drivers/Inc" -O0 -ffunction-sections -fdata-sections -Wall -fstack-usage -fcyclomatic-complexity -MMD -MP -MF"Src/syscalls.d" -MT"Src/syscalls.o" --specs=nano.specs -mfloat-abi=soft -mthumb -o "Src/syscalls.o"
arm-none-eabi-gcc "../Src/sysmem.c" -mcpu=cortex-m4 -std=gnu11 -g3 -DDEBUG -DSTM32 -DSTM32F407G_DISC1 -DSTM32F4 -DSTM32F407VGTx -c -I../Inc -I"C:/Users/Minh/Documents/ArmMCU1/23_STM32Fxx_RTC_LCD_Project/bsp" -I"C:/Users/Minh/Documents/ArmMCU1/23_STM32Fxx_RTC_LCD_Project/drivers/Inc" -O0 -ffunction-sections -fdata-sections -Wall -fstack-usage -fcyclomatic-complexity -MMD -MP -MF"Src/sysmem.d" -MT"Src/sysmem.o" --specs=nano.specs -mfloat-abi=soft -mthumb -o "Src/sysmem.o"
arm-none-eabi-gcc "../Src/tutorial_rtc_project.c" -mcpu=cortex-m4 -std=gnu11 -g3 -DDEBUG -DSTM32 -DSTM32F407G_DISC1 -DSTM32F4 -DSTM32F407VGTx -c -I../Inc -I"C:/Users/Minh/Documents/ArmMCU1/23_STM32Fxx_RTC_LCD_Project/bsp" -I"C:/Users/Minh/Documents/ArmMCU1/23_STM32Fxx_RTC_LCD_Project/drivers/Inc" -O0 -ffunction-sections -fdata-sections -Wall -fstack-usage -fcyclomatic-complexity -MMD -MP -MF"Src/tutorial_rtc_project.d" -MT"Src/tutorial_rtc_project.o" --specs=nano.specs -mfloat-abi=soft -mthumb -o "Src/tutorial_rtc_project.o"
arm-none-eabi-gcc -o "23_STM32Fxx_RTC_LCD_Project.elf" @"objects.list"   -mcpu=cortex-m4 -T"C:\Users\Minh\Documents\ArmMCU1\23_STM32Fxx_RTC_LCD_Project\STM32F407VGTX_FLASH.ld" --specs=nosys.specs -Wl,-Map="23_STM32Fxx_RTC_LCD_Project.map" -Wl,--gc-sections -static --specs=nano.specs -mfloat-abi=soft -mthumb -Wl,--start-group -lc -lm -Wl,--end-group
Finished building target: 23_STM32Fxx_RTC_LCD_Project.elf
 
arm-none-eabi-size   23_STM32Fxx_RTC_LCD_Project.elf 
arm-none-eabi-objdump -h -S  23_STM32Fxx_RTC_LCD_Project.elf  > "23_STM32Fxx_RTC_LCD_Project.list"
   text	   data	    bss	    dec	    hex	filename
   8780	    124	   1964	  10868	   2a74	23_STM32Fxx_RTC_LCD_Project.elf
Finished building: default.size.stdout
 
Finished building: 23_STM32Fxx_RTC_LCD_Project.list
 

22:38:35 Build Finished. 0 errors, 1 warnings. (took 2s.504ms)

