22:38:36 **** Build of configuration Debug for project 24_M_STM32F4xx_GPIO_Diver ****
make -j8 all 
arm-none-eabi-gcc -mcpu=cortex-m4 -g3 -DDEBUG -c -x assembler-with-cpp -MMD -MP -MF"Startup/startup_stm32f407vgtx.d" -MT"Startup/startup_stm32f407vgtx.o" --specs=nano.specs -mfloat-abi=soft -mthumb -o "Startup/startup_stm32f407vgtx.o" "../Startup/startup_stm32f407vgtx.s"
arm-none-eabi-gcc "../Src/001led_toggle.c" -mcpu=cortex-m4 -std=gnu11 -g3 -DDEBUG -DSTM32 -DSTM32F407G_DISC1 -DSTM32F4 -DSTM32F407VGTx -c -I"C:/Users/Minh/Documents/ArmMCU1/24_M_STM32F4xx_GPIO_Diver/Driver_M/Inc" -I"C:/Users/Minh/Documents/ArmMCU1/24_M_STM32F4xx_GPIO_Diver/Inc" -O0 -ffunction-sections -fdata-sections -Wall -fstack-usage -fcyclomatic-complexity -MMD -MP -MF"Src/001led_toggle.d" -MT"Src/001led_toggle.o" --specs=nano.specs -mfloat-abi=soft -mthumb -o "Src/001led_toggle.o"
arm-none-eabi-gcc "../Src/syscalls.c" -mcpu=cortex-m4 -std=gnu11 -g3 -DDEBUG -DSTM32 -DSTM32F407G_DISC1 -DSTM32F4 -DSTM32F407VGTx -c -I"C:/Users/Minh/Documents/ArmMCU1/24_M_STM32F4xx_GPIO_Diver/Driver_M/Inc" -I"C:/Users/Minh/Documents/ArmMCU1/24_M_STM32F4xx_GPIO_Diver/Inc" -O0 -ffunction-sections -fdata-sections -Wall -fstack-usage -fcyclomatic-complexity -MMD -MP -MF"Src/syscalls.d" -MT"Src/syscalls.o" --specs=nano.specs -mfloat-abi=soft -mthumb -o "Src/syscalls.o"
arm-none-eabi-gcc "../Src/sysmem.c" -mcpu=cortex-m4 -std=gnu11 -g3 -DDEBUG -DSTM32 -DSTM32F407G_DISC1 -DSTM32F4 -DSTM32F407VGTx -c -I"C:/Users/Minh/Documents/ArmMCU1/24_M_STM32F4xx_GPIO_Diver/Driver_M/Inc" -I"C:/Users/Minh/Documents/ArmMCU1/24_M_STM32F4xx_GPIO_Diver/Inc" -O0 -ffunction-sections -fdata-sections -Wall -fstack-usage -fcyclomatic-complexity -MMD -MP -MF"Src/sysmem.d" -MT"Src/sysmem.o" --specs=nano.specs -mfloat-abi=soft -mthumb -o "Src/sysmem.o"
arm-none-eabi-gcc "../Driver_M/Src/stm32f407xx_gpio_driver.c" -mcpu=cortex-m4 -std=gnu11 -g3 -DDEBUG -DSTM32 -DSTM32F407G_DISC1 -DSTM32F4 -DSTM32F407VGTx -c -I"C:/Users/Minh/Documents/ArmMCU1/24_M_STM32F4xx_GPIO_Diver/Driver_M/Inc" -I"C:/Users/Minh/Documents/ArmMCU1/24_M_STM32F4xx_GPIO_Diver/Inc" -O0 -ffunction-sections -fdata-sections -Wall -fstack-usage -fcyclomatic-complexity -MMD -MP -MF"Driver_M/Src/stm32f407xx_gpio_driver.d" -MT"Driver_M/Src/stm32f407xx_gpio_driver.o" --specs=nano.specs -mfloat-abi=soft -mthumb -o "Driver_M/Src/stm32f407xx_gpio_driver.o"
arm-none-eabi-gcc -o "24_M_STM32F4xx_GPIO_Diver.elf" @"objects.list"   -mcpu=cortex-m4 -T"C:\Users\Minh\Documents\ArmMCU1\24_M_STM32F4xx_GPIO_Diver\STM32F407VGTX_FLASH.ld" --specs=nosys.specs -Wl,-Map="24_M_STM32F4xx_GPIO_Diver.map" -Wl,--gc-sections -static --specs=nano.specs -mfloat-abi=soft -mthumb -Wl,--start-group -lc -lm -Wl,--end-group
Finished building target: 24_M_STM32F4xx_GPIO_Diver.elf
 
arm-none-eabi-size   24_M_STM32F4xx_GPIO_Diver.elf 
arm-none-eabi-objdump -h -S  24_M_STM32F4xx_GPIO_Diver.elf  > "24_M_STM32F4xx_GPIO_Diver.list"
   text	   data	    bss	    dec	    hex	filename
   1624	      8	   1568	   3200	    c80	24_M_STM32F4xx_GPIO_Diver.elf
Finished building: default.size.stdout
 
Finished building: 24_M_STM32F4xx_GPIO_Diver.list
 

22:38:38 Build Finished. 0 errors, 0 warnings. (took 1s.565ms)

