Archive member included to satisfy reference by file (symbol)

C:/ST/STM32CubeIDE_1.4.0/STM32CubeIDE/plugins/com.st.stm32cube.ide.mcu.externaltools.gnu-tools-for-stm32.11.3.rel1.win32_1.1.0.202305231506/tools/bin/../lib/gcc/arm-none-eabi/11.3.1/../../../../arm-none-eabi/lib/thumb/v7e-m/nofp\libc_nano.a(libc_a-exit.o)
                              C:/ST/STM32CubeIDE_1.4.0/STM32CubeIDE/plugins/com.st.stm32cube.ide.mcu.externaltools.gnu-tools-for-stm32.11.3.rel1.win32_1.1.0.202305231506/tools/bin/../lib/gcc/arm-none-eabi/11.3.1/../../../../arm-none-eabi/lib/thumb/v7e-m/nofp/crt0.o (exit)
C:/ST/STM32CubeIDE_1.4.0/STM32CubeIDE/plugins/com.st.stm32cube.ide.mcu.externaltools.gnu-tools-for-stm32.11.3.rel1.win32_1.1.0.202305231506/tools/bin/../lib/gcc/arm-none-eabi/11.3.1/../../../../arm-none-eabi/lib/thumb/v7e-m/nofp\libc_nano.a(libc_a-findfp.o)
                              C:/ST/STM32CubeIDE_1.4.0/STM32CubeIDE/plugins/com.st.stm32cube.ide.mcu.externaltools.gnu-tools-for-stm32.11.3.rel1.win32_1.1.0.202305231506/tools/bin/../lib/gcc/arm-none-eabi/11.3.1/../../../../arm-none-eabi/lib/thumb/v7e-m/nofp\libc_nano.a(libc_a-exit.o) (__stdio_exit_handler)
C:/ST/STM32CubeIDE_1.4.0/STM32CubeIDE/plugins/com.st.stm32cube.ide.mcu.externaltools.gnu-tools-for-stm32.11.3.rel1.win32_1.1.0.202305231506/tools/bin/../lib/gcc/arm-none-eabi/11.3.1/../../../../arm-none-eabi/lib/thumb/v7e-m/nofp\libc_nano.a(libc_a-fwalk.o)
                              C:/ST/STM32CubeIDE_1.4.0/STM32CubeIDE/plugins/com.st.stm32cube.ide.mcu.externaltools.gnu-tools-for-stm32.11.3.rel1.win32_1.1.0.202305231506/tools/bin/../lib/gcc/arm-none-eabi/11.3.1/../../../../arm-none-eabi/lib/thumb/v7e-m/nofp\libc_nano.a(libc_a-findfp.o) (_fwalk_sglue)
C:/ST/STM32CubeIDE_1.4.0/STM32CubeIDE/plugins/com.st.stm32cube.ide.mcu.externaltools.gnu-tools-for-stm32.11.3.rel1.win32_1.1.0.202305231506/tools/bin/../lib/gcc/arm-none-eabi/11.3.1/../../../../arm-none-eabi/lib/thumb/v7e-m/nofp\libc_nano.a(libc_a-printf.o)
                              ./Src/007_spi_message_rcv_it.o (printf)
C:/ST/STM32CubeIDE_1.4.0/STM32CubeIDE/plugins/com.st.stm32cube.ide.mcu.externaltools.gnu-tools-for-stm32.11.3.rel1.win32_1.1.0.202305231506/tools/bin/../lib/gcc/arm-none-eabi/11.3.1/../../../../arm-none-eabi/lib/thumb/v7e-m/nofp\libc_nano.a(libc_a-stdio.o)
                              C:/ST/STM32CubeIDE_1.4.0/STM32CubeIDE/plugins/com.st.stm32cube.ide.mcu.externaltools.gnu-tools-for-stm32.11.3.rel1.win32_1.1.0.202305231506/tools/bin/../lib/gcc/arm-none-eabi/11.3.1/../../../../arm-none-eabi/lib/thumb/v7e-m/nofp\libc_nano.a(libc_a-findfp.o) (__sread)
C:/ST/STM32CubeIDE_1.4.0/STM32CubeIDE/plugins/com.st.stm32cube.ide.mcu.externaltools.gnu-tools-for-stm32.11.3.rel1.win32_1.1.0.202305231506/tools/bin/../lib/gcc/arm-none-eabi/11.3.1/../../../../arm-none-eabi/lib/thumb/v7e-m/nofp\libc_nano.a(libc_a-memset.o)
                              C:/ST/STM32CubeIDE_1.4.0/STM32CubeIDE/plugins/com.st.stm32cube.ide.mcu.externaltools.gnu-tools-for-stm32.11.3.rel1.win32_1.1.0.202305231506/tools/bin/../lib/gcc/arm-none-eabi/11.3.1/../../../../arm-none-eabi/lib/thumb/v7e-m/nofp/crt0.o (memset)
C:/ST/STM32CubeIDE_1.4.0/STM32CubeIDE/plugins/com.st.stm32cube.ide.mcu.externaltools.gnu-tools-for-stm32.11.3.rel1.win32_1.1.0.202305231506/tools/bin/../lib/gcc/arm-none-eabi/11.3.1/../../../../arm-none-eabi/lib/thumb/v7e-m/nofp\libc_nano.a(libc_a-closer.o)
                              C:/ST/STM32CubeIDE_1.4.0/STM32CubeIDE/plugins/com.st.stm32cube.ide.mcu.externaltools.gnu-tools-for-stm32.11.3.rel1.win32_1.1.0.202305231506/tools/bin/../lib/gcc/arm-none-eabi/11.3.1/../../../../arm-none-eabi/lib/thumb/v7e-m/nofp\libc_nano.a(libc_a-stdio.o) (_close_r)
C:/ST/STM32CubeIDE_1.4.0/STM32CubeIDE/plugins/com.st.stm32cube.ide.mcu.externaltools.gnu-tools-for-stm32.11.3.rel1.win32_1.1.0.202305231506/tools/bin/../lib/gcc/arm-none-eabi/11.3.1/../../../../arm-none-eabi/lib/thumb/v7e-m/nofp\libc_nano.a(libc_a-reent.o)
                              C:/ST/STM32CubeIDE_1.4.0/STM32CubeIDE/plugins/com.st.stm32cube.ide.mcu.externaltools.gnu-tools-for-stm32.11.3.rel1.win32_1.1.0.202305231506/tools/bin/../lib/gcc/arm-none-eabi/11.3.1/../../../../arm-none-eabi/lib/thumb/v7e-m/nofp\libc_nano.a(libc_a-closer.o) (errno)
C:/ST/STM32CubeIDE_1.4.0/STM32CubeIDE/plugins/com.st.stm32cube.ide.mcu.externaltools.gnu-tools-for-stm32.11.3.rel1.win32_1.1.0.202305231506/tools/bin/../lib/gcc/arm-none-eabi/11.3.1/../../../../arm-none-eabi/lib/thumb/v7e-m/nofp\libc_nano.a(libc_a-impure.o)
                              C:/ST/STM32CubeIDE_1.4.0/STM32CubeIDE/plugins/com.st.stm32cube.ide.mcu.externaltools.gnu-tools-for-stm32.11.3.rel1.win32_1.1.0.202305231506/tools/bin/../lib/gcc/arm-none-eabi/11.3.1/../../../../arm-none-eabi/lib/thumb/v7e-m/nofp\libc_nano.a(libc_a-printf.o) (_impure_ptr)
[...]
Memory Configuration

Name             Origin             Length             Attributes
CCMRAM           0x0000000010000000 0x0000000000010000 xrw
RAM              0x0000000020000000 0x0000000000020000 xrw
FLASH            0x0000000008000000 0x0000000000100000 xr
*default*        0x0000000000000000 0xffffffffffffffff

Linker script and memory map

LOAD C:/ST/STM32CubeIDE_1.4.0/STM32CubeIDE/plugins/com.st.stm32cube.ide.mcu.externaltools.gnu-tools-for-stm32.11.3.rel1.win32_1.1.0.202305231506/tools/bin/../lib/gcc/arm-none-eabi/11.3.1/thumb/v7e-m/nofp/crti.o
LOAD C:/ST/STM32CubeIDE_1.4.0/STM32CubeIDE/plugins/com.st.stm32cube.ide.mcu.externaltools.gnu-tools-for-stm32.11.3.rel1.win32_1.1.0.202305231506/tools/bin/../lib/gcc/arm-none-eabi/11.3.1/thumb/v7e-m/nofp/crtbegin.o
LOAD C:/ST/STM32CubeIDE_1.4.0/STM32CubeIDE/plugins/com.st.stm32cube.ide.mcu.externaltools.gnu-tools-for-stm32.11.3.rel1.win32_1.1.0.202305231506/tools/bin/../lib/gcc/arm-none-eabi/11.3.1/../../../../arm-none-eabi/lib/thumb/v7e-m/nofp/crt0.o
LOAD ./Driver_M/Src/stm32f407xx_gpio_driver.o
LOAD ./Driver_M/Src/stm32f407xx_spi_driver.o
LOAD ./Src/007_spi_message_rcv_it.o
LOAD ./Src/syscalls.o
LOAD ./Src/sysmem.o
LOAD ./Startup/startup_stm32f407vgtx.o
START GROUP
LOAD C:/ST/STM32CubeIDE_1.4.0/STM32CubeIDE/plugins/com.st.stm32cube.ide.mcu.externaltools.gnu-tools-for-stm32.11.3.rel1.win32_1.1.0.202305231506/tools/bin/../lib/gcc/arm-none-eabi/11.3.1/../../../../arm-none-eabi/lib/thumb/v7e-m/nofp\libc_nano.a
LOAD C:/ST/STM32CubeIDE_1.4.0/STM32CubeIDE/plugins/com.st.stm32cube.ide.mcu.externaltools.gnu-tools-for-stm32.11.3.rel1.win32_1.1.0.202305231506/tools/bin/../lib/gcc/arm-none-eabi/11.3.1/../../../../arm-none-eabi/lib/thumb/v7e-m/nofp\libm.a
END GROUP
START GROUP
LOAD C:/ST/STM32CubeIDE_1.4.0/STM32CubeIDE/plugins/com.st.stm32cube.ide.mcu.externaltools.gnu-tools-for-stm32.11.3.rel1.win32_1.1.0.202305231506/tools/bin/../lib/gcc/arm-none-eabi/11.3.1/thumb/v7e-m/nofp\libgcc.a
LOAD C:/ST/STM32CubeIDE_1.4.0/STM32CubeIDE/plugins/com.st.stm32cube.ide.mcu.externaltools.gnu-tools-for-stm32.11.3.rel1.win32_1.1.0.202305231506/tools/bin/../lib/gcc/arm-none-eabi/11.3.1/../../../../arm-none-eabi/lib/thumb/v7e-m/nofp\libc_nano.a
END GROUP
START GROUP
LOAD C:/ST/STM32CubeIDE_1.4.0/STM32CubeIDE/plugins/com.st.stm32cube.ide.mcu.externaltools.gnu-tools-for-stm32.11.3.rel1.win32_1.1.0.202305231506/tools/bin/../lib/gcc/arm-none-eabi/11.3.1/thumb/v7e-m/nofp\libgcc.a
LOAD C:/ST/STM32CubeIDE_1.4.0/STM32CubeIDE/plugins/com.st.stm32cube.ide.mcu.externaltools.gnu-tools-for-stm32.11.3.rel1.win32_1.1.0.202305231506/tools/bin/../lib/gcc/arm-none-eabi/11.3.1/../../../../arm-none-eabi/lib/thumb/v7e-m/nofp\libc_nano.a
LOAD C:/ST/STM32CubeIDE_1.4.0/STM32CubeIDE/plugins/com.st.stm32cube.ide.mcu.externaltools.gnu-tools-for-stm32.11.3.rel1.win32_1.1.0.202305231506/tools/bin/../lib/gcc/arm-none-eabi/11.3.1/../../../../arm-none-eabi/lib/thumb/v7e-m/nofp\libnosys.a
END GROUP
START GROUP
LOAD C:/ST/STM32CubeIDE_1.4.0/STM32CubeIDE/plugins/com.st.stm32cube.ide.mcu.externaltools.gnu-tools-for-stm32.11.3.rel1.win32_1.1.0.202305231506/tools/bin/../lib/gcc/arm-none-eabi/11.3.1/thumb/v7e-m/nofp\libgcc.a
LOAD C:/ST/STM32CubeIDE_1.4.0/STM32CubeIDE/plugins/com.st.stm32cube.ide.mcu.externaltools.gnu-tools-for-stm32.11.3.rel1.win32_1.1.0.202305231506/tools/bin/../lib/gcc/arm-none-eabi/11.3.1/../../../../arm-none-eabi/lib/thumb/v7e-m/nofp\libc_nano.a
LOAD C:/ST/STM32CubeIDE_1.4.0/STM32CubeIDE/plugins/com.st.stm32cube.ide.mcu.externaltools.gnu-tools-for-stm32.11.3.rel1.win32_1.1.0.202305231506/tools/bin/../lib/gcc/arm-none-eabi/11.3.1/../../../../arm-none-eabi/lib/thumb/v7e-m/nofp\libnosys.a
END GROUP
LOAD C:/ST/STM32CubeIDE_1.4.0/STM32CubeIDE/plugins/com.st.stm32cube.ide.mcu.externaltools.gnu-tools-for-stm32.11.3.rel1.win32_1.1.0.202305231506/tools/bin/../lib/gcc/arm-none-eabi/11.3.1/thumb/v7e-m/nofp/crtend.o
LOAD C:/ST/STM32CubeIDE_1.4.0/STM32CubeIDE/plugins/com.st.stm32cube.ide.mcu.externaltools.gnu-tools-for-stm32.11.3.rel1.win32_1.1.0.202305231506/tools/bin/../lib/gcc/arm-none-eabi/11.3.1/thumb/v7e-m/nofp/crtn.o
                0x0000000020020000                _estack = (ORIGIN (RAM) + LENGTH (RAM))
                0x0000000000000200                _Min_Heap_Size = 0x200
                0x0000000000000400                _Min_Stack_Size = 0x400

.isr_vector     0x0000000008000000      0x1a8
                0x0000000008000000                . = ALIGN (0x4)
 *(.isr_vector)
 .isr_vector    0x0000000008000000      0x1a8 ./Startup/startup_stm32f407vgtx.o
                0x0000000008000000                g_pfnVectors
                0x00000000080001a8                . = ALIGN (0x4)

.text           0x00000000080001b0     0x1dfc
                0x00000000080001b0                . = ALIGN (0x4)
 *(.text)
 .text          0x00000000080001b0       0x40 C:/ST/STM32CubeIDE_1.4.0/STM32CubeIDE/plugins/com.st.stm32cube.ide.mcu.externaltools.gnu-tools-for-stm32.11.3.rel1.win32_1.1.0.202305231506/tools/bin/../lib/gcc/arm-none-eabi/11.3.1/thumb/v7e-m/nofp/crtbegin.o
 .text          0x00000000080001f0       0xa0 C:/ST/STM32CubeIDE_1.4.0/STM32CubeIDE/plugins/com.st.stm32cube.ide.mcu.externaltools.gnu-tools-for-stm32.11.3.rel1.win32_1.1.0.202305231506/tools/bin/../lib/gcc/arm-none-eabi/11.3.1/../../../../arm-none-eabi/lib/thumb/v7e-m/nofp\libc_nano.a(libc_a-memchr.o)
                0x00000000080001f0                memchr
 *(.text*)
 .text.GPIO_PeriClockControl
                0x0000000008000290      0x108 ./Driver_M/Src/stm32f407xx_gpio_driver.o
                0x0000000008000290                GPIO_PeriClockControl
 .text.GPIO_Init
                0x0000000008000398      0x330 ./Driver_M/Src/stm32f407xx_gpio_driver.o
                0x0000000008000398                GPIO_Init
 .text.GPIO_IRQInterruptConfig
                0x00000000080006c8      0x108 ./Driver_M/Src/stm32f407xx_gpio_driver.o
                0x00000000080006c8                GPIO_IRQInterruptConfig
 .text.GPIO_IRQPriorityConfig
                0x00000000080007d0       0x52 ./Driver_M/Src/stm32f407xx_gpio_driver.o
                0x00000000080007d0                GPIO_IRQPriorityConfig
 *fill*         0x0000000008000822        0x2 
 .text.GPIO_IRQHangling
                0x0000000008000824       0x40 ./Driver_M/Src/stm32f407xx_gpio_driver.o
                0x0000000008000824                GPIO_IRQHangling
 .text.SPI_PeriClockControl
                0x0000000008000864       0xb0 ./Driver_M/Src/stm32f407xx_spi_driver.o
                0x0000000008000864                SPI_PeriClockControl
 .text.SPI_Init
                0x0000000008000914       0xa8 ./Driver_M/Src/stm32f407xx_spi_driver.o
                0x0000000008000914                SPI_Init
 .text.SPI_PeripheralControl
                0x00000000080009bc       0x36 ./Driver_M/Src/stm32f407xx_spi_driver.o
                0x00000000080009bc                SPI_PeripheralControl
 .text.SPI_SSOEConfig
                0x00000000080009f2       0x36 ./Driver_M/Src/stm32f407xx_spi_driver.o
                0x00000000080009f2                SPI_SSOEConfig
 .text.SPI_GetFlagStatus
                0x0000000008000a28       0x26 ./Driver_M/Src/stm32f407xx_spi_driver.o
                0x0000000008000a28                SPI_GetFlagStatus
 *fill*         0x0000000008000a4e        0x2 
 .text.SPI_IRQInterruptConfig
                0x0000000008000a50      0x108 ./Driver_M/Src/stm32f407xx_spi_driver.o
                0x0000000008000a50                SPI_IRQInterruptConfig
 .text.SPI_IRQHangling
                0x0000000008000b58       0x9a ./Driver_M/Src/stm32f407xx_spi_driver.o
                0x0000000008000b58                SPI_IRQHangling
 .text.SPI_TXE_Interrupt_Handle
                0x0000000008000bf2       0x80 ./Driver_M/Src/stm32f407xx_spi_driver.o
 .text.SPI_RXE_Interrupt_Handle
                0x0000000008000c72       0x84 ./Driver_M/Src/stm32f407xx_spi_driver.o
 .text.SPI_OVR_ERR_Interrupt_Handle
                0x0000000008000cf6       0x22 ./Driver_M/Src/stm32f407xx_spi_driver.o
 .text.SPI_ApplicationEventCallback
                0x0000000008000d18       0x16 ./Driver_M/Src/stm32f407xx_spi_driver.o
                0x0000000008000d18                SPI_ApplicationEventCallback
 .text.SPI_CloseTransmisson
                0x0000000008000d2e       0x34 ./Driver_M/Src/stm32f407xx_spi_driver.o
                0x0000000008000d2e                SPI_CloseTransmisson
 .text.SPI_CloseReception
                0x0000000008000d62       0x34 ./Driver_M/Src/stm32f407xx_spi_driver.o
                0x0000000008000d62                SPI_CloseReception
 .text.SPI_ClearOVRFlag
                0x0000000008000d96       0x1e ./Driver_M/Src/stm32f407xx_spi_driver.o
                0x0000000008000d96                SPI_ClearOVRFlag
 .text.SPI_SendDataState_IT
                0x0000000008000db4       0x46 ./Driver_M/Src/stm32f407xx_spi_driver.o
                0x0000000008000db4                SPI_SendDataState_IT
 *fill*         0x0000000008000dfa        0x2 
 .text.SPI2_GPIOInits
                0x0000000008000dfc       0x5c ./Src/007_spi_message_rcv_it.o
                0x0000000008000dfc                SPI2_GPIOInits
 .text.SPI2_Inits
                0x0000000008000e58       0x48 ./Src/007_spi_message_rcv_it.o
                0x0000000008000e58                SPI2_Inits
 .text.Slave_GPIO_InterruptPinInit
                0x0000000008000ea0       0x4c ./Src/007_spi_message_rcv_it.o
                0x0000000008000ea0                Slave_GPIO_InterruptPinInit
 .text.main     0x0000000008000eec       0xb0 ./Src/007_spi_message_rcv_it.o
                0x0000000008000eec                main
 .text.SPI2_IRQHandler
                0x0000000008000f9c       0x14 ./Src/007_spi_message_rcv_it.o
                0x0000000008000f9c                SPI2_IRQHandler
 .text.EXTI9_5_IRQHandler
                0x0000000008000fb0       0x18 ./Src/007_spi_message_rcv_it.o
                0x0000000008000fb0                EXTI9_5_IRQHandler
 .text._read    0x0000000008000fc8       0x3a ./Src/syscalls.o
                0x0000000008000fc8                _read
 .text._write   0x0000000008001002       0x38 ./Src/syscalls.o
                0x0000000008001002                _write
 .text._close   0x000000000800103a       0x16 ./Src/syscalls.o
                0x000000000800103a                _close
 .text._fstat   0x0000000008001050       0x1e ./Src/syscalls.o
                0x0000000008001050                _fstat
 .text._isatty  0x000000000800106e       0x14 ./Src/syscalls.o
                0x000000000800106e                _isatty
 .text._lseek   0x0000000008001082       0x18 ./Src/syscalls.o
                0x0000000008001082                _lseek
 *fill*         0x000000000800109a        0x2 
 .text._sbrk    0x000000000800109c       0x6c ./Src/sysmem.o
                0x000000000800109c                _sbrk
 .text.Reset_Handler
                0x0000000008001108       0x50 ./Startup/startup_stm32f407vgtx.o
                0x0000000008001108                Reset_Handler
 .text.Default_Handler
                0x0000000008001158        0x2 ./Startup/startup_stm32f407vgtx.o
                0x0000000008001158                RTC_Alarm_IRQHandler
                0x0000000008001158                HASH_RNG_IRQHandler
                0x0000000008001158                EXTI2_IRQHandler
                0x0000000008001158                TIM8_CC_IRQHandler
                0x0000000008001158                DebugMon_Handler
                0x0000000008001158                TIM1_CC_IRQHandler
                0x0000000008001158                DMA2_Stream5_IRQHandler
                0x0000000008001158                HardFault_Handler
                0x0000000008001158                DMA1_Stream5_IRQHandler
                0x0000000008001158                SysTick_Handler
                0x0000000008001158                PVD_IRQHandler
                0x0000000008001158                SDIO_IRQHandler
                0x0000000008001158                TAMP_STAMP_IRQHandler
                0x0000000008001158                PendSV_Handler
                0x0000000008001158                NMI_Handler
                0x0000000008001158                CAN2_RX1_IRQHandler
                0x0000000008001158                EXTI3_IRQHandler
                0x0000000008001158                TIM8_TRG_COM_TIM14_IRQHandler
                0x0000000008001158                TIM1_UP_TIM10_IRQHandler
                0x0000000008001158                TIM8_UP_TIM13_IRQHandler
                0x0000000008001158                I2C3_ER_IRQHandler
                0x0000000008001158                LCD_TFT_IRQHandler
                0x0000000008001158                EXTI0_IRQHandler
                0x0000000008001158                I2C2_EV_IRQHandler
                0x0000000008001158                DMA1_Stream2_IRQHandler
                0x0000000008001158                CAN1_RX0_IRQHandler
                0x0000000008001158                FPU_IRQHandler
                0x0000000008001158                OTG_HS_WKUP_IRQHandler
                0x0000000008001158                UsageFault_Handler
                0x0000000008001158                CAN2_SCE_IRQHandler
                0x0000000008001158                DMA2_Stream2_IRQHandler
                0x0000000008001158                SPI1_IRQHandler
                0x0000000008001158                TIM6_DAC_IRQHandler
                0x0000000008001158                TIM1_BRK_TIM9_IRQHandler
                0x0000000008001158                DCMI_IRQHandler
                0x0000000008001158                CAN2_RX0_IRQHandler
                0x0000000008001158                DMA2_Stream3_IRQHandler
                0x0000000008001158                USART6_IRQHandler
                0x0000000008001158                USART3_IRQHandler
                0x0000000008001158                CRYP_IRQHandler
                0x0000000008001158                CAN1_RX1_IRQHandler
                0x0000000008001158                UART5_IRQHandler
                0x0000000008001158                DMA2_Stream0_IRQHandler
                0x0000000008001158                TIM4_IRQHandler
                0x0000000008001158                I2C1_EV_IRQHandler
                0x0000000008001158                DMA1_Stream6_IRQHandler
                0x0000000008001158                DMA1_Stream1_IRQHandler
                0x0000000008001158                UART4_IRQHandler
                0x0000000008001158                LCD_TFT_1_IRQHandler
                0x0000000008001158                TIM3_IRQHandler
                0x0000000008001158                RCC_IRQHandler
                0x0000000008001158                TIM8_BRK_TIM12_IRQHandler
                0x0000000008001158                Default_Handler
                0x0000000008001158                EXTI15_10_IRQHandler
                0x0000000008001158                ADC_IRQHandler
                0x0000000008001158                DMA1_Stream7_IRQHandler
                0x0000000008001158                TIM7_IRQHandler
                0x0000000008001158                CAN2_TX_IRQHandler
                0x0000000008001158                TIM5_IRQHandler
                0x0000000008001158                DMA2_Stream7_IRQHandler
                0x0000000008001158                I2C3_EV_IRQHandler
                0x0000000008001158                RTC_WKUP_IRQHandler
                0x0000000008001158                ETH_WKUP_IRQHandler
                0x0000000008001158                OTG_HS_EP1_IN_IRQHandler
                0x0000000008001158                MemManage_Handler
                0x0000000008001158                DMA1_Stream0_IRQHandler
                0x0000000008001158                CAN1_TX_IRQHandler
                0x0000000008001158                SVC_Handler
                0x0000000008001158                EXTI4_IRQHandler
                0x0000000008001158                FSMC_IRQHandler
                0x0000000008001158                ETH_IRQHandler
                0x0000000008001158                OTG_HS_EP1_OUT_IRQHandler
                0x0000000008001158                WWDG_IRQHandler
                0x0000000008001158                TIM2_IRQHandler
                0x0000000008001158                OTG_FS_WKUP_IRQHandler
                0x0000000008001158                TIM1_TRG_COM_TIM11_IRQHandler
                0x0000000008001158                OTG_HS_IRQHandler
                0x0000000008001158                EXTI1_IRQHandler
                0x0000000008001158                USART2_IRQHandler
                0x0000000008001158                I2C2_ER_IRQHandler
                0x0000000008001158                DMA2_Stream1_IRQHandler
                0x0000000008001158                CAN1_SCE_IRQHandler
                0x0000000008001158                DMA2_Stream4_IRQHandler
                0x0000000008001158                BusFault_Handler
                0x0000000008001158                USART1_IRQHandler
                0x0000000008001158                OTG_FS_IRQHandler
                0x0000000008001158                SPI3_IRQHandler
                0x0000000008001158                DMA1_Stream4_IRQHandler
                0x0000000008001158                I2C1_ER_IRQHandler
                0x0000000008001158                DMA2_Stream6_IRQHandler
                0x0000000008001158                DMA1_Stream3_IRQHandler
 *fill*         0x000000000800115a        0x2 
 .text.std      0x000000000800115c       0x48 C:/ST/STM32CubeIDE_1.4.0/STM32CubeIDE/plugins/com.st.stm32cube.ide.mcu.externaltools.gnu-tools-for-stm32.11.3.rel1.win32_1.1.0.202305231506/tools/bin/../lib/gcc/arm-none-eabi/11.3.1/../../../../arm-none-eabi/lib/thumb/v7e-m/nofp\libc_nano.a(libc_a-findfp.o)
 .text.stdio_exit_handler
                0x00000000080011a4       0x18 C:/ST/STM32CubeIDE_1.4.0/STM32CubeIDE/plugins/com.st.stm32cube.ide.mcu.externaltools.gnu-tools-for-stm32.11.3.rel1.win32_1.1.0.202305231506/tools/bin/../lib/gcc/arm-none-eabi/11.3.1/../../../../arm-none-eabi/lib/thumb/v7e-m/nofp\libc_nano.a(libc_a-findfp.o)
 .text.cleanup_stdio
                0x00000000080011bc       0x40 C:/ST/STM32CubeIDE_1.4.0/STM32CubeIDE/plugins/com.st.stm32cube.ide.mcu.externaltools.gnu-tools-for-stm32.11.3.rel1.win32_1.1.0.202305231506/tools/bin/../lib/gcc/arm-none-eabi/11.3.1/../../../../arm-none-eabi/lib/thumb/v7e-m/nofp\libc_nano.a(libc_a-findfp.o)
 .text.global_stdio_init.part.0
                0x00000000080011fc       0x3c C:/ST/STM32CubeIDE_1.4.0/STM32CubeIDE/plugins/com.st.stm32cube.ide.mcu.externaltools.gnu-tools-for-stm32.11.3.rel1.win32_1.1.0.202305231506/tools/bin/../lib/gcc/arm-none-eabi/11.3.1/../../../../arm-none-eabi/lib/thumb/v7e-m/nofp\libc_nano.a(libc_a-findfp.o)
 .text.__sfp_lock_acquire
                0x0000000008001238        0xc C:/ST/STM32CubeIDE_1.4.0/STM32CubeIDE/plugins/com.st.stm32cube.ide.mcu.externaltools.gnu-tools-for-stm32.11.3.rel1.win32_1.1.0.202305231506/tools/bin/../lib/gcc/arm-none-eabi/11.3.1/../../../../arm-none-eabi/lib/thumb/v7e-m/nofp\libc_nano.a(libc_a-findfp.o)
                0x0000000008001238                __sfp_lock_acquire
 .text.__sfp_lock_release
                0x0000000008001244        0xc C:/ST/STM32CubeIDE_1.4.0/STM32CubeIDE/plugins/com.st.stm32cube.ide.mcu.externaltools.gnu-tools-for-stm32.11.3.rel1.win32_1.1.0.202305231506/tools/bin/../lib/gcc/arm-none-eabi/11.3.1/../../../../arm-none-eabi/lib/thumb/v7e-m/nofp\libc_nano.a(libc_a-findfp.o)
                0x0000000008001244                __sfp_lock_release
 .text.__sinit  0x0000000008001250       0x30 C:/ST/STM32CubeIDE_1.4.0/STM32CubeIDE/plugins/com.st.stm32cube.ide.mcu.externaltools.gnu-tools-for-stm32.11.3.rel1.win32_1.1.0.202305231506/tools/bin/../lib/gcc/arm-none-eabi/11.3.1/../../../../arm-none-eabi/lib/thumb/v7e-m/nofp\libc_nano.a(libc_a-findfp.o)
                0x0000000008001250                __sinit
 .text._fwalk_sglue
                0x0000000008001280       0x3c C:/ST/STM32CubeIDE_1.4.0/STM32CubeIDE/plugins/com.st.stm32cube.ide.mcu.externaltools.gnu-tools-for-stm32.11.3.rel1.win32_1.1.0.202305231506/tools/bin/../lib/gcc/arm-none-eabi/11.3.1/../../../../arm-none-eabi/lib/thumb/v7e-m/nofp\libc_nano.a(libc_a-fwalk.o)
                0x0000000008001280                _fwalk_sglue
 .text.printf   0x00000000080012bc       0x24 C:/ST/STM32CubeIDE_1.4.0/STM32CubeIDE/plugins/com.st.stm32cube.ide.mcu.externaltools.gnu-tools-for-stm32.11.3.rel1.win32_1.1.0.202305231506/tools/bin/../lib/gcc/arm-none-eabi/11.3.1/../../../../arm-none-eabi/lib/thumb/v7e-m/nofp\libc_nano.a(libc_a-printf.o)
                0x00000000080012bc                iprintf
                0x00000000080012bc                printf
 .text.__sread  0x00000000080012e0       0x22 C:/ST/STM32CubeIDE_1.4.0/STM32CubeIDE/plugins/com.st.stm32cube.ide.mcu.externaltools.gnu-tools-for-stm32.11.3.rel1.win32_1.1.0.202305231506/tools/bin/../lib/gcc/arm-none-eabi/11.3.1/../../../../arm-none-eabi/lib/thumb/v7e-m/nofp\libc_nano.a(libc_a-stdio.o)
                0x00000000080012e0                __sread
 .text.__swrite
                0x0000000008001302       0x38 C:/ST/STM32CubeIDE_1.4.0/STM32CubeIDE/plugins/com.st.stm32cube.ide.mcu.externaltools.gnu-tools-for-stm32.11.3.rel1.win32_1.1.0.202305231506/tools/bin/../lib/gcc/arm-none-eabi/11.3.1/../../../../arm-none-eabi/lib/thumb/v7e-m/nofp\libc_nano.a(libc_a-stdio.o)
                0x0000000008001302                __swrite
 .text.__sseek  0x000000000800133a       0x24 C:/ST/STM32CubeIDE_1.4.0/STM32CubeIDE/plugins/com.st.stm32cube.ide.mcu.externaltools.gnu-tools-for-stm32.11.3.rel1.win32_1.1.0.202305231506/tools/bin/../lib/gcc/arm-none-eabi/11.3.1/../../../../arm-none-eabi/lib/thumb/v7e-m/nofp\libc_nano.a(libc_a-stdio.o)
                0x000000000800133a                __sseek
 .text.__sclose
                0x000000000800135e        0x8 C:/ST/STM32CubeIDE_1.4.0/STM32CubeIDE/plugins/com.st.stm32cube.ide.mcu.externaltools.gnu-tools-for-stm32.11.3.rel1.win32_1.1.0.202305231506/tools/bin/../lib/gcc/arm-none-eabi/11.3.1/../../../../arm-none-eabi/lib/thumb/v7e-m/nofp\libc_nano.a(libc_a-stdio.o)
                0x000000000800135e                __sclose
 .text.memset   0x0000000008001366       0x10 C:/ST/STM32CubeIDE_1.4.0/STM32CubeIDE/plugins/com.st.stm32cube.ide.mcu.externaltools.gnu-tools-for-stm32.11.3.rel1.win32_1.1.0.202305231506/tools/bin/../lib/gcc/arm-none-eabi/11.3.1/../../../../arm-none-eabi/lib/thumb/v7e-m/nofp\libc_nano.a(libc_a-memset.o)
                0x0000000008001366                memset
 *fill*         0x0000000008001376        0x2 
 .text._close_r
                0x0000000008001378       0x20 C:/ST/STM32CubeIDE_1.4.0/STM32CubeIDE/plugins/com.st.stm32cube.ide.mcu.externaltools.gnu-tools-for-stm32.11.3.rel1.win32_1.1.0.202305231506/tools/bin/../lib/gcc/arm-none-eabi/11.3.1/../../../../arm-none-eabi/lib/thumb/v7e-m/nofp\libc_nano.a(libc_a-closer.o)
                0x0000000008001378                _close_r
 .text._lseek_r
                0x0000000008001398       0x24 C:/ST/STM32CubeIDE_1.4.0/STM32CubeIDE/plugins/com.st.stm32cube.ide.mcu.externaltools.gnu-tools-for-stm32.11.3.rel1.win32_1.1.0.202305231506/tools/bin/../lib/gcc/arm-none-eabi/11.3.1/../../../../arm-none-eabi/lib/thumb/v7e-m/nofp\libc_nano.a(libc_a-lseekr.o)
                0x0000000008001398                _lseek_r
 .text._read_r  0x00000000080013bc       0x24 C:/ST/STM32CubeIDE_1.4.0/STM32CubeIDE/plugins/com.st.stm32cube.ide.mcu.externaltools.gnu-tools-for-stm32.11.3.rel1.win32_1.1.0.202305231506/tools/bin/../lib/gcc/arm-none-eabi/11.3.1/../../../../arm-none-eabi/lib/thumb/v7e-m/nofp\libc_nano.a(libc_a-readr.o)
                0x00000000080013bc                _read_r
 .text._write_r
                0x00000000080013e0       0x24 C:/ST/STM32CubeIDE_1.4.0/STM32CubeIDE/plugins/com.st.stm32cube.ide.mcu.externaltools.gnu-tools-for-stm32.11.3.rel1.win32_1.1.0.202305231506/tools/bin/../lib/gcc/arm-none-eabi/11.3.1/../../../../arm-none-eabi/lib/thumb/v7e-m/nofp\libc_nano.a(libc_a-writer.o)
                0x00000000080013e0                _write_r
 .text.__errno  0x0000000008001404        0xc C:/ST/STM32CubeIDE_1.4.0/STM32CubeIDE/plugins/com.st.stm32cube.ide.mcu.externaltools.gnu-tools-for-stm32.11.3.rel1.win32_1.1.0.202305231506/tools/bin/../lib/gcc/arm-none-eabi/11.3.1/../../../../arm-none-eabi/lib/thumb/v7e-m/nofp\libc_nano.a(libc_a-errno.o)
                0x0000000008001404                __errno
 .text.__libc_init_array
                0x0000000008001410       0x48 C:/ST/STM32CubeIDE_1.4.0/STM32CubeIDE/plugins/com.st.stm32cube.ide.mcu.externaltools.gnu-tools-for-stm32.11.3.rel1.win32_1.1.0.202305231506/tools/bin/../lib/gcc/arm-none-eabi/11.3.1/../../../../arm-none-eabi/lib/thumb/v7e-m/nofp\libc_nano.a(libc_a-init.o)
                0x0000000008001410                __libc_init_array
 .text.__retarget_lock_acquire_recursive
                0x0000000008001458        0x2 C:/ST/STM32CubeIDE_1.4.0/STM32CubeIDE/plugins/com.st.stm32cube.ide.mcu.externaltools.gnu-tools-for-stm32.11.3.rel1.win32_1.1.0.202305231506/tools/bin/../lib/gcc/arm-none-eabi/11.3.1/../../../../arm-none-eabi/lib/thumb/v7e-m/nofp\libc_nano.a(libc_a-lock.o)
                0x0000000008001458                __retarget_lock_acquire_recursive
 .text.__retarget_lock_release_recursive
                0x000000000800145a        0x2 C:/ST/STM32CubeIDE_1.4.0/STM32CubeIDE/plugins/com.st.stm32cube.ide.mcu.externaltools.gnu-tools-for-stm32.11.3.rel1.win32_1.1.0.202305231506/tools/bin/../lib/gcc/arm-none-eabi/11.3.1/../../../../arm-none-eabi/lib/thumb/v7e-m/nofp\libc_nano.a(libc_a-lock.o)
                0x000000000800145a                __retarget_lock_release_recursive
 .text._free_r  0x000000000800145c       0x94 C:/ST/STM32CubeIDE_1.4.0/STM32CubeIDE/plugins/com.st.stm32cube.ide.mcu.externaltools.gnu-tools-for-stm32.11.3.rel1.win32_1.1.0.202305231506/tools/bin/../lib/gcc/arm-none-eabi/11.3.1/../../../../arm-none-eabi/lib/thumb/v7e-m/nofp\libc_nano.a(libc_a-freer.o)
                0x000000000800145c                _free_r
 .text.sbrk_aligned
                0x00000000080014f0       0x40 C:/ST/STM32CubeIDE_1.4.0/STM32CubeIDE/plugins/com.st.stm32cube.ide.mcu.externaltools.gnu-tools-for-stm32.11.3.rel1.win32_1.1.0.202305231506/tools/bin/../lib/gcc/arm-none-eabi/11.3.1/../../../../arm-none-eabi/lib/thumb/v7e-m/nofp\libc_nano.a(libc_a-mallocr.o)
 .text._malloc_r
                0x0000000008001530      0x100 C:/ST/STM32CubeIDE_1.4.0/STM32CubeIDE/plugins/com.st.stm32cube.ide.mcu.externaltools.gnu-tools-for-stm32.11.3.rel1.win32_1.1.0.202305231506/tools/bin/../lib/gcc/arm-none-eabi/11.3.1/../../../../arm-none-eabi/lib/thumb/v7e-m/nofp\libc_nano.a(libc_a-mallocr.o)
                0x0000000008001530                _malloc_r
 .text.__malloc_lock
                0x0000000008001630        0xc C:/ST/STM32CubeIDE_1.4.0/STM32CubeIDE/plugins/com.st.stm32cube.ide.mcu.externaltools.gnu-tools-for-stm32.11.3.rel1.win32_1.1.0.202305231506/tools/bin/../lib/gcc/arm-none-eabi/11.3.1/../../../../arm-none-eabi/lib/thumb/v7e-m/nofp\libc_nano.a(libc_a-mlock.o)
                0x0000000008001630                __malloc_lock
 .text.__malloc_unlock
                0x000000000800163c        0xc C:/ST/STM32CubeIDE_1.4.0/STM32CubeIDE/plugins/com.st.stm32cube.ide.mcu.externaltools.gnu-tools-for-stm32.11.3.rel1.win32_1.1.0.202305231506/tools/bin/../lib/gcc/arm-none-eabi/11.3.1/../../../../arm-none-eabi/lib/thumb/v7e-m/nofp\libc_nano.a(libc_a-mlock.o)
                0x000000000800163c                __malloc_unlock
 .text.__sfputc_r
                0x0000000008001648       0x2a C:/ST/STM32CubeIDE_1.4.0/STM32CubeIDE/plugins/com.st.stm32cube.ide.mcu.externaltools.gnu-tools-for-stm32.11.3.rel1.win32_1.1.0.202305231506/tools/bin/../lib/gcc/arm-none-eabi/11.3.1/../../../../arm-none-eabi/lib/thumb/v7e-m/nofp\libc_nano.a(libc_a-nano-vfprintf.o)
 .text.__sfputs_r
                0x0000000008001672       0x24 C:/ST/STM32CubeIDE_1.4.0/STM32CubeIDE/plugins/com.st.stm32cube.ide.mcu.externaltools.gnu-tools-for-stm32.11.3.rel1.win32_1.1.0.202305231506/tools/bin/../lib/gcc/arm-none-eabi/11.3.1/../../../../arm-none-eabi/lib/thumb/v7e-m/nofp\libc_nano.a(libc_a-nano-vfprintf.o)
                0x0000000008001672                __sfputs_r
 *fill*         0x0000000008001696        0x2 
 .text._vfprintf_r
                0x0000000008001698      0x234 C:/ST/STM32CubeIDE_1.4.0/STM32CubeIDE/plugins/com.st.stm32cube.ide.mcu.externaltools.gnu-tools-for-stm32.11.3.rel1.win32_1.1.0.202305231506/tools/bin/../lib/gcc/arm-none-eabi/11.3.1/../../../../arm-none-eabi/lib/thumb/v7e-m/nofp\libc_nano.a(libc_a-nano-vfprintf.o)
                0x0000000008001698                _vfprintf_r
                0x0000000008001698                _vfiprintf_r
 .text._printf_common
                0x00000000080018cc       0xda C:/ST/STM32CubeIDE_1.4.0/STM32CubeIDE/plugins/com.st.stm32cube.ide.mcu.externaltools.gnu-tools-for-stm32.11.3.rel1.win32_1.1.0.202305231506/tools/bin/../lib/gcc/arm-none-eabi/11.3.1/../../../../arm-none-eabi/lib/thumb/v7e-m/nofp\libc_nano.a(libc_a-nano-vfprintf_i.o)
                0x00000000080018cc                _printf_common
 *fill*         0x00000000080019a6        0x2 
 .text._printf_i
                0x00000000080019a8      0x244 C:/ST/STM32CubeIDE_1.4.0/STM32CubeIDE/plugins/com.st.stm32cube.ide.mcu.externaltools.gnu-tools-for-stm32.11.3.rel1.win32_1.1.0.202305231506/tools/bin/../lib/gcc/arm-none-eabi/11.3.1/../../../../arm-none-eabi/lib/thumb/v7e-m/nofp\libc_nano.a(libc_a-nano-vfprintf_i.o)
                0x00000000080019a8                _printf_i
 .text.__sflush_r
                0x0000000008001bec      0x104 C:/ST/STM32CubeIDE_1.4.0/STM32CubeIDE/plugins/com.st.stm32cube.ide.mcu.externaltools.gnu-tools-for-stm32.11.3.rel1.win32_1.1.0.202305231506/tools/bin/../lib/gcc/arm-none-eabi/11.3.1/../../../../arm-none-eabi/lib/thumb/v7e-m/nofp\libc_nano.a(libc_a-fflush.o)
                0x0000000008001bec                __sflush_r
 .text._fflush_r
                0x0000000008001cf0       0x50 C:/ST/STM32CubeIDE_1.4.0/STM32CubeIDE/plugins/com.st.stm32cube.ide.mcu.externaltools.gnu-tools-for-stm32.11.3.rel1.win32_1.1.0.202305231506/tools/bin/../lib/gcc/arm-none-eabi/11.3.1/../../../../arm-none-eabi/lib/thumb/v7e-m/nofp\libc_nano.a(libc_a-fflush.o)
                0x0000000008001cf0                _fflush_r
 .text.__swbuf_r
                0x0000000008001d40       0x7a C:/ST/STM32CubeIDE_1.4.0/STM32CubeIDE/plugins/com.st.stm32cube.ide.mcu.externaltools.gnu-tools-for-stm32.11.3.rel1.win32_1.1.0.202305231506/tools/bin/../lib/gcc/arm-none-eabi/11.3.1/../../../../arm-none-eabi/lib/thumb/v7e-m/nofp\libc_nano.a(libc_a-wbuf.o)
                0x0000000008001d40                __swbuf_r
 *fill*         0x0000000008001dba        0x2 
 .text.__swsetup_r
                0x0000000008001dbc       0xb0 C:/ST/STM32CubeIDE_1.4.0/STM32CubeIDE/plugins/com.st.stm32cube.ide.mcu.externaltools.gnu-tools-for-stm32.11.3.rel1.win32_1.1.0.202305231506/tools/bin/../lib/gcc/arm-none-eabi/11.3.1/../../../../arm-none-eabi/lib/thumb/v7e-m/nofp\libc_nano.a(libc_a-wsetup.o)
                0x0000000008001dbc                __swsetup_r
 .text._sbrk_r  0x0000000008001e6c       0x20 C:/ST/STM32CubeIDE_1.4.0/STM32CubeIDE/plugins/com.st.stm32cube.ide.mcu.externaltools.gnu-tools-for-stm32.11.3.rel1.win32_1.1.0.202305231506/tools/bin/../lib/gcc/arm-none-eabi/11.3.1/../../../../arm-none-eabi/lib/thumb/v7e-m/nofp\libc_nano.a(libc_a-sbrkr.o)
                0x0000000008001e6c                _sbrk_r
 .text.__swhatbuf_r
                0x0000000008001e8c       0x4c C:/ST/STM32CubeIDE_1.4.0/STM32CubeIDE/plugins/com.st.stm32cube.ide.mcu.externaltools.gnu-tools-for-stm32.11.3.rel1.win32_1.1.0.202305231506/tools/bin/../lib/gcc/arm-none-eabi/11.3.1/../../../../arm-none-eabi/lib/thumb/v7e-m/nofp\libc_nano.a(libc_a-makebuf.o)
                0x0000000008001e8c                __swhatbuf_r
 .text.__smakebuf_r
                0x0000000008001ed8       0x78 C:/ST/STM32CubeIDE_1.4.0/STM32CubeIDE/plugins/com.st.stm32cube.ide.mcu.externaltools.gnu-tools-for-stm32.11.3.rel1.win32_1.1.0.202305231506/tools/bin/../lib/gcc/arm-none-eabi/11.3.1/../../../../arm-none-eabi/lib/thumb/v7e-m/nofp\libc_nano.a(libc_a-makebuf.o)
                0x0000000008001ed8                __smakebuf_r
 .text._fstat_r
                0x0000000008001f50       0x24 C:/ST/STM32CubeIDE_1.4.0/STM32CubeIDE/plugins/com.st.stm32cube.ide.mcu.externaltools.gnu-tools-for-stm32.11.3.rel1.win32_1.1.0.202305231506/tools/bin/../lib/gcc/arm-none-eabi/11.3.1/../../../../arm-none-eabi/lib/thumb/v7e-m/nofp\libc_nano.a(libc_a-fstatr.o)
                0x0000000008001f50                _fstat_r
 .text._isatty_r
                0x0000000008001f74       0x20 C:/ST/STM32CubeIDE_1.4.0/STM32CubeIDE/plugins/com.st.stm32cube.ide.mcu.externaltools.gnu-tools-for-stm32.11.3.rel1.win32_1.1.0.202305231506/tools/bin/../lib/gcc/arm-none-eabi/11.3.1/../../../../arm-none-eabi/lib/thumb/v7e-m/nofp\libc_nano.a(libc_a-isattyr.o)
                0x0000000008001f74                _isatty_r
 *(.glue_7)
 .glue_7        0x0000000008001f94        0x0 linker stubs
 *(.glue_7t)
 .glue_7t       0x0000000008001f94        0x0 linker stubs
 *(.eh_frame)
 .eh_frame      0x0000000008001f94        0x0 C:/ST/STM32CubeIDE_1.4.0/STM32CubeIDE/plugins/com.st.stm32cube.ide.mcu.externaltools.gnu-tools-for-stm32.11.3.rel1.win32_1.1.0.202305231506/tools/bin/../lib/gcc/arm-none-eabi/11.3.1/thumb/v7e-m/nofp/crtbegin.o
 *(.init)
 .init          0x0000000008001f94        0x4 C:/ST/STM32CubeIDE_1.4.0/STM32CubeIDE/plugins/com.st.stm32cube.ide.mcu.externaltools.gnu-tools-for-stm32.11.3.rel1.win32_1.1.0.202305231506/tools/bin/../lib/gcc/arm-none-eabi/11.3.1/thumb/v7e-m/nofp/crti.o
                0x0000000008001f94                _init
 .init          0x0000000008001f98        0x8 C:/ST/STM32CubeIDE_1.4.0/STM32CubeIDE/plugins/com.st.stm32cube.ide.mcu.externaltools.gnu-tools-for-stm32.11.3.rel1.win32_1.1.0.202305231506/tools/bin/../lib/gcc/arm-none-eabi/11.3.1/thumb/v7e-m/nofp/crtn.o
 *(.fini)
 .fini          0x0000000008001fa0        0x4 C:/ST/STM32CubeIDE_1.4.0/STM32CubeIDE/plugins/com.st.stm32cube.ide.mcu.externaltools.gnu-tools-for-stm32.11.3.rel1.win32_1.1.0.202305231506/tools/bin/../lib/gcc/arm-none-eabi/11.3.1/thumb/v7e-m/nofp/crti.o
                0x0000000008001fa0                _fini
 .fini          0x0000000008001fa4        0x8 C:/ST/STM32CubeIDE_1.4.0/STM32CubeIDE/plugins/com.st.stm32cube.ide.mcu.externaltools.gnu-tools-for-stm32.11.3.rel1.win32_1.1.0.202305231506/tools/bin/../lib/gcc/arm-none-eabi/11.3.1/thumb/v7e-m/nofp/crtn.o
                0x0000000008001fac                . = ALIGN (0x4)
                0x0000000008001fac                _etext = .

.vfp11_veneer   0x0000000008001fac        0x0
 .vfp11_veneer  0x0000000008001fac        0x0 linker stubs

.v4_bx          0x0000000008001fac        0x0
 .v4_bx         0x0000000008001fac        0x0 linker stubs

.iplt           0x0000000008001fac        0x0
 .iplt          0x0000000008001fac        0x0 C:/ST/STM32CubeIDE_1.4.0/STM32CubeIDE/plugins/com.st.stm32cube.ide.mcu.externaltools.gnu-tools-for-stm32.11.3.rel1.win32_1.1.0.202305231506/tools/bin/../lib/gcc/arm-none-eabi/11.3.1/thumb/v7e-m/nofp/crtbegin.o

.rodata         0x0000000008001fac       0x44
                0x0000000008001fac                . = ALIGN (0x4)
 *(.rodata)
 .rodata        0x0000000008001fac       0x10 ./Src/007_spi_message_rcv_it.o
 *(.rodata*)
 .rodata._vfprintf_r.str1.1
                0x0000000008001fbc       0x11 C:/ST/STM32CubeIDE_1.4.0/STM32CubeIDE/plugins/com.st.stm32cube.ide.mcu.externaltools.gnu-tools-for-stm32.11.3.rel1.win32_1.1.0.202305231506/tools/bin/../lib/gcc/arm-none-eabi/11.3.1/../../../../arm-none-eabi/lib/thumb/v7e-m/nofp\libc_nano.a(libc_a-nano-vfprintf.o)
 .rodata._printf_i.str1.1
                0x0000000008001fcd       0x22 C:/ST/STM32CubeIDE_1.4.0/STM32CubeIDE/plugins/com.st.stm32cube.ide.mcu.externaltools.gnu-tools-for-stm32.11.3.rel1.win32_1.1.0.202305231506/tools/bin/../lib/gcc/arm-none-eabi/11.3.1/../../../../arm-none-eabi/lib/thumb/v7e-m/nofp\libc_nano.a(libc_a-nano-vfprintf_i.o)
                0x0000000008001ff0                . = ALIGN (0x4)
 *fill*         0x0000000008001fef        0x1 

.rel.dyn        0x0000000008001ff0        0x0
 .rel.iplt      0x0000000008001ff0        0x0 C:/ST/STM32CubeIDE_1.4.0/STM32CubeIDE/plugins/com.st.stm32cube.ide.mcu.externaltools.gnu-tools-for-stm32.11.3.rel1.win32_1.1.0.202305231506/tools/bin/../lib/gcc/arm-none-eabi/11.3.1/thumb/v7e-m/nofp/crtbegin.o

.ARM.extab      0x0000000008001ff0        0x0
                0x0000000008001ff0                . = ALIGN (0x4)
 *(.ARM.extab* .gnu.linkonce.armextab.*)
                0x0000000008001ff0                . = ALIGN (0x4)

.ARM            0x0000000008001ff0        0x0
                0x0000000008001ff0                . = ALIGN (0x4)
                0x0000000008001ff0                __exidx_start = .
 *(.ARM.exidx*)
                0x0000000008001ff0                __exidx_end = .
                0x0000000008001ff0                . = ALIGN (0x4)

.preinit_array  0x0000000008001ff0        0x0
                0x0000000008001ff0                . = ALIGN (0x4)
                0x0000000008001ff0                PROVIDE (__preinit_array_start = .)
 *(.preinit_array*)
                0x0000000008001ff0                PROVIDE (__preinit_array_end = .)
                0x0000000008001ff0                . = ALIGN (0x4)

.init_array     0x0000000008001ff0        0x4
                0x0000000008001ff0                . = ALIGN (0x4)
                0x0000000008001ff0                PROVIDE (__init_array_start = .)
 *(SORT_BY_NAME(.init_array.*))
 *(.init_array*)
 .init_array    0x0000000008001ff0        0x4 C:/ST/STM32CubeIDE_1.4.0/STM32CubeIDE/plugins/com.st.stm32cube.ide.mcu.externaltools.gnu-tools-for-stm32.11.3.rel1.win32_1.1.0.202305231506/tools/bin/../lib/gcc/arm-none-eabi/11.3.1/thumb/v7e-m/nofp/crtbegin.o
                0x0000000008001ff4                PROVIDE (__init_array_end = .)
                0x0000000008001ff4                . = ALIGN (0x4)

.fini_array     0x0000000008001ff4        0x4
                0x0000000008001ff4                . = ALIGN (0x4)
                [!provide]                        PROVIDE (__fini_array_start = .)
 *(SORT_BY_NAME(.fini_array.*))
 *(.fini_array*)
 .fini_array    0x0000000008001ff4        0x4 C:/ST/STM32CubeIDE_1.4.0/STM32CubeIDE/plugins/com.st.stm32cube.ide.mcu.externaltools.gnu-tools-for-stm32.11.3.rel1.win32_1.1.0.202305231506/tools/bin/../lib/gcc/arm-none-eabi/11.3.1/thumb/v7e-m/nofp/crtbegin.o
                [!provide]                        PROVIDE (__fini_array_end = .)
                0x0000000008001ff8                . = ALIGN (0x4)
                0x0000000008001ff8                _sidata = LOADADDR (.data)

.data           0x0000000020000000       0x5c load address 0x0000000008001ff8
                0x0000000020000000                . = ALIGN (0x4)
                0x0000000020000000                _sdata = .
 *(.data)
 *(.data*)
 .data.__sglue  0x0000000020000000        0xc C:/ST/STM32CubeIDE_1.4.0/STM32CubeIDE/plugins/com.st.stm32cube.ide.mcu.externaltools.gnu-tools-for-stm32.11.3.rel1.win32_1.1.0.202305231506/tools/bin/../lib/gcc/arm-none-eabi/11.3.1/../../../../arm-none-eabi/lib/thumb/v7e-m/nofp\libc_nano.a(libc_a-findfp.o)
                0x0000000020000000                __sglue
 .data._impure_data
                0x000000002000000c       0x4c C:/ST/STM32CubeIDE_1.4.0/STM32CubeIDE/plugins/com.st.stm32cube.ide.mcu.externaltools.gnu-tools-for-stm32.11.3.rel1.win32_1.1.0.202305231506/tools/bin/../lib/gcc/arm-none-eabi/11.3.1/../../../../arm-none-eabi/lib/thumb/v7e-m/nofp\libc_nano.a(libc_a-impure.o)
                0x000000002000000c                _impure_data
 .data._impure_ptr
                0x0000000020000058        0x4 C:/ST/STM32CubeIDE_1.4.0/STM32CubeIDE/plugins/com.st.stm32cube.ide.mcu.externaltools.gnu-tools-for-stm32.11.3.rel1.win32_1.1.0.202305231506/tools/bin/../lib/gcc/arm-none-eabi/11.3.1/../../../../arm-none-eabi/lib/thumb/v7e-m/nofp\libc_nano.a(libc_a-impure.o)
                0x0000000020000058                _impure_ptr
 *(.RamFunc)
 *(.RamFunc*)
                0x000000002000005c                . = ALIGN (0x4)
                0x000000002000005c                _edata = .
                0x0000000008002054                _siccmram = LOADADDR (.ccmram)

.igot.plt       0x000000002000005c        0x0 load address 0x0000000008002054
 .igot.plt      0x000000002000005c        0x0 C:/ST/STM32CubeIDE_1.4.0/STM32CubeIDE/plugins/com.st.stm32cube.ide.mcu.externaltools.gnu-tools-for-stm32.11.3.rel1.win32_1.1.0.202305231506/tools/bin/../lib/gcc/arm-none-eabi/11.3.1/thumb/v7e-m/nofp/crtbegin.o

.ccmram         0x0000000010000000        0x0 load address 0x0000000008002054
                0x0000000010000000                . = ALIGN (0x4)
                0x0000000010000000                _sccmram = .
 *(.ccmram)
 *(.ccmram*)
                0x0000000010000000                . = ALIGN (0x4)
                0x0000000010000000                _eccmram = .
                0x0000000010000000                . = ALIGN (0x4)

.bss            0x000000002000005c      0x384
                0x000000002000005c                _sbss = .
                0x000000002000005c                __bss_start__ = _sbss
 *(.bss)
 .bss           0x000000002000005c       0x1c C:/ST/STM32CubeIDE_1.4.0/STM32CubeIDE/plugins/com.st.stm32cube.ide.mcu.externaltools.gnu-tools-for-stm32.11.3.rel1.win32_1.1.0.202305231506/tools/bin/../lib/gcc/arm-none-eabi/11.3.1/thumb/v7e-m/nofp/crtbegin.o
 *(.bss*)
 .bss.SPI2handle
                0x0000000020000078       0x20 ./Src/007_spi_message_rcv_it.o
                0x0000000020000078                SPI2handle
 .bss.RcvBuff   0x0000000020000098      0x1f4 ./Src/007_spi_message_rcv_it.o
                0x0000000020000098                RcvBuff
 .bss.rcvStop   0x000000002000028c        0x1 ./Src/007_spi_message_rcv_it.o
                0x000000002000028c                rcvStop
 .bss.dataAvailable
                0x000000002000028d        0x1 ./Src/007_spi_message_rcv_it.o
                0x000000002000028d                dataAvailable
 *fill*         0x000000002000028e        0x2 
 .bss.__sbrk_heap_end
                0x0000000020000290        0x4 ./Src/sysmem.o
 .bss.__sf      0x0000000020000294      0x138 C:/ST/STM32CubeIDE_1.4.0/STM32CubeIDE/plugins/com.st.stm32cube.ide.mcu.externaltools.gnu-tools-for-stm32.11.3.rel1.win32_1.1.0.202305231506/tools/bin/../lib/gcc/arm-none-eabi/11.3.1/../../../../arm-none-eabi/lib/thumb/v7e-m/nofp\libc_nano.a(libc_a-findfp.o)
                0x0000000020000294                __sf
 .bss.__stdio_exit_handler
                0x00000000200003cc        0x4 C:/ST/STM32CubeIDE_1.4.0/STM32CubeIDE/plugins/com.st.stm32cube.ide.mcu.externaltools.gnu-tools-for-stm32.11.3.rel1.win32_1.1.0.202305231506/tools/bin/../lib/gcc/arm-none-eabi/11.3.1/../../../../arm-none-eabi/lib/thumb/v7e-m/nofp\libc_nano.a(libc_a-findfp.o)
                0x00000000200003cc                __stdio_exit_handler
 .bss.errno     0x00000000200003d0        0x4 C:/ST/STM32CubeIDE_1.4.0/STM32CubeIDE/plugins/com.st.stm32cube.ide.mcu.externaltools.gnu-tools-for-stm32.11.3.rel1.win32_1.1.0.202305231506/tools/bin/../lib/gcc/arm-none-eabi/11.3.1/../../../../arm-none-eabi/lib/thumb/v7e-m/nofp\libc_nano.a(libc_a-reent.o)
                0x00000000200003d0                errno
 .bss.__lock___malloc_recursive_mutex
                0x00000000200003d4        0x1 C:/ST/STM32CubeIDE_1.4.0/STM32CubeIDE/plugins/com.st.stm32cube.ide.mcu.externaltools.gnu-tools-for-stm32.11.3.rel1.win32_1.1.0.202305231506/tools/bin/../lib/gcc/arm-none-eabi/11.3.1/../../../../arm-none-eabi/lib/thumb/v7e-m/nofp\libc_nano.a(libc_a-lock.o)
                0x00000000200003d4                __lock___malloc_recursive_mutex
 .bss.__lock___sfp_recursive_mutex
                0x00000000200003d5        0x1 C:/ST/STM32CubeIDE_1.4.0/STM32CubeIDE/plugins/com.st.stm32cube.ide.mcu.externaltools.gnu-tools-for-stm32.11.3.rel1.win32_1.1.0.202305231506/tools/bin/../lib/gcc/arm-none-eabi/11.3.1/../../../../arm-none-eabi/lib/thumb/v7e-m/nofp\libc_nano.a(libc_a-lock.o)
                0x00000000200003d5                __lock___sfp_recursive_mutex
 *fill*         0x00000000200003d6        0x2 
 .bss.__malloc_free_list
                0x00000000200003d8        0x4 C:/ST/STM32CubeIDE_1.4.0/STM32CubeIDE/plugins/com.st.stm32cube.ide.mcu.externaltools.gnu-tools-for-stm32.11.3.rel1.win32_1.1.0.202305231506/tools/bin/../lib/gcc/arm-none-eabi/11.3.1/../../../../arm-none-eabi/lib/thumb/v7e-m/nofp\libc_nano.a(libc_a-mallocr.o)
                0x00000000200003d8                __malloc_free_list
 .bss.__malloc_sbrk_start
                0x00000000200003dc        0x4 C:/ST/STM32CubeIDE_1.4.0/STM32CubeIDE/plugins/com.st.stm32cube.ide.mcu.externaltools.gnu-tools-for-stm32.11.3.rel1.win32_1.1.0.202305231506/tools/bin/../lib/gcc/arm-none-eabi/11.3.1/../../../../arm-none-eabi/lib/thumb/v7e-m/nofp\libc_nano.a(libc_a-mallocr.o)
                0x00000000200003dc                __malloc_sbrk_start
 *(COMMON)
                0x00000000200003e0                . = ALIGN (0x4)
                0x00000000200003e0                _ebss = .
                0x00000000200003e0                __bss_end__ = _ebss

._user_heap_stack
                0x00000000200003e0      0x600
                0x00000000200003e0                . = ALIGN (0x8)
                [!provide]                        PROVIDE (end = .)
                0x00000000200003e0                PROVIDE (_end = .)
                0x00000000200005e0                . = (. + _Min_Heap_Size)
 *fill*         0x00000000200003e0      0x200 
                0x00000000200009e0                . = (. + _Min_Stack_Size)
 *fill*         0x00000000200005e0      0x400 
                0x00000000200009e0                . = ALIGN (0x8)

/DISCARD/
 libc.a(*)
 libm.a(*)
 libgcc.a(*)

.ARM.attributes
                0x0000000000000000       0x2a
 *(.ARM.attributes)
 .ARM.attributes
                0x0000000000000000       0x1e C:/ST/STM32CubeIDE_1.4.0/STM32CubeIDE/plugins/com.st.stm32cube.ide.mcu.externaltools.gnu-tools-for-stm32.11.3.rel1.win32_1.1.0.202305231506/tools/bin/../lib/gcc/arm-none-eabi/11.3.1/thumb/v7e-m/nofp/crti.o
 .ARM.attributes
                0x000000000000001e       0x2e C:/ST/STM32CubeIDE_1.4.0/STM32CubeIDE/plugins/com.st.stm32cube.ide.mcu.externaltools.gnu-tools-for-stm32.11.3.rel1.win32_1.1.0.202305231506/tools/bin/../lib/gcc/arm-none-eabi/11.3.1/thumb/v7e-m/nofp/crtbegin.o
 .ARM.attributes
                0x000000000000004c       0x2e ./Driver_M/Src/stm32f407xx_gpio_driver.o
 .ARM.attributes
                0x000000000000007a       0x2e ./Driver_M/Src/stm32f407xx_spi_driver.o
 .ARM.attributes
                0x00000000000000a8       0x2e ./Src/007_spi_message_rcv_it.o
 .ARM.attributes
                0x00000000000000d6       0x2e ./Src/syscalls.o
 .ARM.attributes
                0x0000000000000104       0x2e ./Src/sysmem.o
 .ARM.attributes
                0x0000000000000132       0x21 ./Startup/startup_stm32f407vgtx.o
 .ARM.attributes
                0x0000000000000153       0x2e C:/ST/STM32CubeIDE_1.4.0/STM32CubeIDE/plugins/com.st.stm32cube.ide.mcu.externaltools.gnu-tools-for-stm32.11.3.rel1.win32_1.1.0.202305231506/tools/bin/../lib/gcc/arm-none-eabi/11.3.1/../../../../arm-none-eabi/lib/thumb/v7e-m/nofp\libc_nano.a(libc_a-findfp.o)
 .ARM.attributes
                0x0000000000000181       0x2e C:/ST/STM32CubeIDE_1.4.0/STM32CubeIDE/plugins/com.st.stm32cube.ide.mcu.externaltools.gnu-tools-for-stm32.11.3.rel1.win32_1.1.0.202305231506/tools/bin/../lib/gcc/arm-none-eabi/11.3.1/../../../../arm-none-eabi/lib/thumb/v7e-m/nofp\libc_nano.a(libc_a-fwalk.o)
 .ARM.attributes
                0x00000000000001af       0x2e C:/ST/STM32CubeIDE_1.4.0/STM32CubeIDE/plugins/com.st.stm32cube.ide.mcu.externaltools.gnu-tools-for-stm32.11.3.rel1.win32_1.1.0.202305231506/tools/bin/../lib/gcc/arm-none-eabi/11.3.1/../../../../arm-none-eabi/lib/thumb/v7e-m/nofp\libc_nano.a(libc_a-printf.o)
 .ARM.attributes
                0x00000000000001dd       0x2e C:/ST/STM32CubeIDE_1.4.0/STM32CubeIDE/plugins/com.st.stm32cube.ide.mcu.externaltools.gnu-tools-for-stm32.11.3.rel1.win32_1.1.0.202305231506/tools/bin/../lib/gcc/arm-none-eabi/11.3.1/../../../../arm-none-eabi/lib/thumb/v7e-m/nofp\libc_nano.a(libc_a-stdio.o)
 .ARM.attributes
                0x000000000000020b       0x2e C:/ST/STM32CubeIDE_1.4.0/STM32CubeIDE/plugins/com.st.stm32cube.ide.mcu.externaltools.gnu-tools-for-stm32.11.3.rel1.win32_1.1.0.202305231506/tools/bin/../lib/gcc/arm-none-eabi/11.3.1/../../../../arm-none-eabi/lib/thumb/v7e-m/nofp\libc_nano.a(libc_a-memset.o)
 .ARM.attributes
                0x0000000000000239       0x2e C:/ST/STM32CubeIDE_1.4.0/STM32CubeIDE/plugins/com.st.stm32cube.ide.mcu.externaltools.gnu-tools-for-stm32.11.3.rel1.win32_1.1.0.202305231506/tools/bin/../lib/gcc/arm-none-eabi/11.3.1/../../../../arm-none-eabi/lib/thumb/v7e-m/nofp\libc_nano.a(libc_a-closer.o)
 .ARM.attributes
                0x0000000000000267       0x2e C:/ST/STM32CubeIDE_1.4.0/STM32CubeIDE/plugins/com.st.stm32cube.ide.mcu.externaltools.gnu-tools-for-stm32.11.3.rel1.win32_1.1.0.202305231506/tools/bin/../lib/gcc/arm-none-eabi/11.3.1/../../../../arm-none-eabi/lib/thumb/v7e-m/nofp\libc_nano.a(libc_a-reent.o)
 .ARM.attributes
                0x0000000000000295       0x2e C:/ST/STM32CubeIDE_1.4.0/STM32CubeIDE/plugins/com.st.stm32cube.ide.mcu.externaltools.gnu-tools-for-stm32.11.3.rel1.win32_1.1.0.202305231506/tools/bin/../lib/gcc/arm-none-eabi/11.3.1/../../../../arm-none-eabi/lib/thumb/v7e-m/nofp\libc_nano.a(libc_a-impure.o)
 .ARM.attributes
                0x00000000000002c3       0x2e C:/ST/STM32CubeIDE_1.4.0/STM32CubeIDE/plugins/com.st.stm32cube.ide.mcu.externaltools.gnu-tools-for-stm32.11.3.rel1.win32_1.1.0.202305231506/tools/bin/../lib/gcc/arm-none-eabi/11.3.1/../../../../arm-none-eabi/lib/thumb/v7e-m/nofp\libc_nano.a(libc_a-lseekr.o)
 .ARM.attributes
                0x00000000000002f1       0x2e C:/ST/STM32CubeIDE_1.4.0/STM32CubeIDE/plugins/com.st.stm32cube.ide.mcu.externaltools.gnu-tools-for-stm32.11.3.rel1.win32_1.1.0.202305231506/tools/bin/../lib/gcc/arm-none-eabi/11.3.1/../../../../arm-none-eabi/lib/thumb/v7e-m/nofp\libc_nano.a(libc_a-readr.o)
 .ARM.attributes
                0x000000000000031f       0x2e C:/ST/STM32CubeIDE_1.4.0/STM32CubeIDE/plugins/com.st.stm32cube.ide.mcu.externaltools.gnu-tools-for-stm32.11.3.rel1.win32_1.1.0.202305231506/tools/bin/../lib/gcc/arm-none-eabi/11.3.1/../../../../arm-none-eabi/lib/thumb/v7e-m/nofp\libc_nano.a(libc_a-writer.o)
 .ARM.attributes
                0x000000000000034d       0x2e C:/ST/STM32CubeIDE_1.4.0/STM32CubeIDE/plugins/com.st.stm32cube.ide.mcu.externaltools.gnu-tools-for-stm32.11.3.rel1.win32_1.1.0.202305231506/tools/bin/../lib/gcc/arm-none-eabi/11.3.1/../../../../arm-none-eabi/lib/thumb/v7e-m/nofp\libc_nano.a(libc_a-errno.o)
 .ARM.attributes
                0x000000000000037b       0x2e C:/ST/STM32CubeIDE_1.4.0/STM32CubeIDE/plugins/com.st.stm32cube.ide.mcu.externaltools.gnu-tools-for-stm32.11.3.rel1.win32_1.1.0.202305231506/tools/bin/../lib/gcc/arm-none-eabi/11.3.1/../../../../arm-none-eabi/lib/thumb/v7e-m/nofp\libc_nano.a(libc_a-init.o)
 .ARM.attributes
                0x00000000000003a9       0x2e C:/ST/STM32CubeIDE_1.4.0/STM32CubeIDE/plugins/com.st.stm32cube.ide.mcu.externaltools.gnu-tools-for-stm32.11.3.rel1.win32_1.1.0.202305231506/tools/bin/../lib/gcc/arm-none-eabi/11.3.1/../../../../arm-none-eabi/lib/thumb/v7e-m/nofp\libc_nano.a(libc_a-lock.o)
 .ARM.attributes
                0x00000000000003d7       0x2e C:/ST/STM32CubeIDE_1.4.0/STM32CubeIDE/plugins/com.st.stm32cube.ide.mcu.externaltools.gnu-tools-for-stm32.11.3.rel1.win32_1.1.0.202305231506/tools/bin/../lib/gcc/arm-none-eabi/11.3.1/../../../../arm-none-eabi/lib/thumb/v7e-m/nofp\libc_nano.a(libc_a-freer.o)
 .ARM.attributes
                0x0000000000000405       0x2e C:/ST/STM32CubeIDE_1.4.0/STM32CubeIDE/plugins/com.st.stm32cube.ide.mcu.externaltools.gnu-tools-for-stm32.11.3.rel1.win32_1.1.0.202305231506/tools/bin/../lib/gcc/arm-none-eabi/11.3.1/../../../../arm-none-eabi/lib/thumb/v7e-m/nofp\libc_nano.a(libc_a-mallocr.o)
 .ARM.attributes
                0x0000000000000433       0x2e C:/ST/STM32CubeIDE_1.4.0/STM32CubeIDE/plugins/com.st.stm32cube.ide.mcu.externaltools.gnu-tools-for-stm32.11.3.rel1.win32_1.1.0.202305231506/tools/bin/../lib/gcc/arm-none-eabi/11.3.1/../../../../arm-none-eabi/lib/thumb/v7e-m/nofp\libc_nano.a(libc_a-mlock.o)
 .ARM.attributes
                0x0000000000000461       0x2e C:/ST/STM32CubeIDE_1.4.0/STM32CubeIDE/plugins/com.st.stm32cube.ide.mcu.externaltools.gnu-tools-for-stm32.11.3.rel1.win32_1.1.0.202305231506/tools/bin/../lib/gcc/arm-none-eabi/11.3.1/../../../../arm-none-eabi/lib/thumb/v7e-m/nofp\libc_nano.a(libc_a-nano-vfprintf.o)
 .ARM.attributes
                0x000000000000048f       0x2e C:/ST/STM32CubeIDE_1.4.0/STM32CubeIDE/plugins/com.st.stm32cube.ide.mcu.externaltools.gnu-tools-for-stm32.11.3.rel1.win32_1.1.0.202305231506/tools/bin/../lib/gcc/arm-none-eabi/11.3.1/../../../../arm-none-eabi/lib/thumb/v7e-m/nofp\libc_nano.a(libc_a-nano-vfprintf_i.o)
 .ARM.attributes
                0x00000000000004bd       0x2e C:/ST/STM32CubeIDE_1.4.0/STM32CubeIDE/plugins/com.st.stm32cube.ide.mcu.externaltools.gnu-tools-for-stm32.11.3.rel1.win32_1.1.0.202305231506/tools/bin/../lib/gcc/arm-none-eabi/11.3.1/../../../../arm-none-eabi/lib/thumb/v7e-m/nofp\libc_nano.a(libc_a-fflush.o)
 .ARM.attributes
                0x00000000000004eb       0x2e C:/ST/STM32CubeIDE_1.4.0/STM32CubeIDE/plugins/com.st.stm32cube.ide.mcu.externaltools.gnu-tools-for-stm32.11.3.rel1.win32_1.1.0.202305231506/tools/bin/../lib/gcc/arm-none-eabi/11.3.1/../../../../arm-none-eabi/lib/thumb/v7e-m/nofp\libc_nano.a(libc_a-wbuf.o)
 .ARM.attributes
                0x0000000000000519       0x2e C:/ST/STM32CubeIDE_1.4.0/STM32CubeIDE/plugins/com.st.stm32cube.ide.mcu.externaltools.gnu-tools-for-stm32.11.3.rel1.win32_1.1.0.202305231506/tools/bin/../lib/gcc/arm-none-eabi/11.3.1/../../../../arm-none-eabi/lib/thumb/v7e-m/nofp\libc_nano.a(libc_a-wsetup.o)
 .ARM.attributes
                0x0000000000000547       0x2e C:/ST/STM32CubeIDE_1.4.0/STM32CubeIDE/plugins/com.st.stm32cube.ide.mcu.externaltools.gnu-tools-for-stm32.11.3.rel1.win32_1.1.0.202305231506/tools/bin/../lib/gcc/arm-none-eabi/11.3.1/../../../../arm-none-eabi/lib/thumb/v7e-m/nofp\libc_nano.a(libc_a-sbrkr.o)
 .ARM.attributes
                0x0000000000000575       0x1c C:/ST/STM32CubeIDE_1.4.0/STM32CubeIDE/plugins/com.st.stm32cube.ide.mcu.externaltools.gnu-tools-for-stm32.11.3.rel1.win32_1.1.0.202305231506/tools/bin/../lib/gcc/arm-none-eabi/11.3.1/../../../../arm-none-eabi/lib/thumb/v7e-m/nofp\libc_nano.a(libc_a-memchr.o)
 .ARM.attributes
                0x0000000000000591       0x2e C:/ST/STM32CubeIDE_1.4.0/STM32CubeIDE/plugins/com.st.stm32cube.ide.mcu.externaltools.gnu-tools-for-stm32.11.3.rel1.win32_1.1.0.202305231506/tools/bin/../lib/gcc/arm-none-eabi/11.3.1/../../../../arm-none-eabi/lib/thumb/v7e-m/nofp\libc_nano.a(libc_a-makebuf.o)
 .ARM.attributes
                0x00000000000005bf       0x2e C:/ST/STM32CubeIDE_1.4.0/STM32CubeIDE/plugins/com.st.stm32cube.ide.mcu.externaltools.gnu-tools-for-stm32.11.3.rel1.win32_1.1.0.202305231506/tools/bin/../lib/gcc/arm-none-eabi/11.3.1/../../../../arm-none-eabi/lib/thumb/v7e-m/nofp\libc_nano.a(libc_a-fstatr.o)
 .ARM.attributes
                0x00000000000005ed       0x2e C:/ST/STM32CubeIDE_1.4.0/STM32CubeIDE/plugins/com.st.stm32cube.ide.mcu.externaltools.gnu-tools-for-stm32.11.3.rel1.win32_1.1.0.202305231506/tools/bin/../lib/gcc/arm-none-eabi/11.3.1/../../../../arm-none-eabi/lib/thumb/v7e-m/nofp\libc_nano.a(libc_a-isattyr.o)
 .ARM.attributes
                0x000000000000061b       0x1e C:/ST/STM32CubeIDE_1.4.0/STM32CubeIDE/plugins/com.st.stm32cube.ide.mcu.externaltools.gnu-tools-for-stm32.11.3.rel1.win32_1.1.0.202305231506/tools/bin/../lib/gcc/arm-none-eabi/11.3.1/thumb/v7e-m/nofp/crtn.o
OUTPUT(27_M_STM32F4xx_SPI_1.elf elf32-littlearm)
LOAD linker stubs
LOAD C:/ST/STM32CubeIDE_1.4.0/STM32CubeIDE/plugins/com.st.stm32cube.ide.mcu.externaltools.gnu-tools-for-stm32.11.3.rel1.win32_1.1.0.202305231506/tools/bin/../lib/gcc/arm-none-eabi/11.3.1/../../../../arm-none-eabi/lib/thumb/v7e-m/nofp\libc.a
LOAD C:/ST/STM32CubeIDE_1.4.0/STM32CubeIDE/plugins/com.st.stm32cube.ide.mcu.externaltools.gnu-tools-for-stm32.11.3.rel1.win32_1.1.0.202305231506/tools/bin/../lib/gcc/arm-none-eabi/11.3.1/../../../../arm-none-eabi/lib/thumb/v7e-m/nofp\libm.a
LOAD C:/ST/STM32CubeIDE_1.4.0/STM32CubeIDE/plugins/com.st.stm32cube.ide.mcu.externaltools.gnu-tools-for-stm32.11.3.rel1.win32_1.1.0.202305231506/tools/bin/../lib/gcc/arm-none-eabi/11.3.1/thumb/v7e-m/nofp\libgcc.a

.comment        0x0000000000000000       0x43
 .comment       0x0000000000000000       0x43 C:/ST/STM32CubeIDE_1.4.0/STM32CubeIDE/plugins/com.st.stm32cube.ide.mcu.externaltools.gnu-tools-for-stm32.11.3.rel1.win32_1.1.0.202305231506/tools/bin/../lib/gcc/arm-none-eabi/11.3.1/thumb/v7e-m/nofp/crtbegin.o
                                         0x44 (size before relaxing)
 .comment       0x0000000000000043       0x44 ./Driver_M/Src/stm32f407xx_gpio_driver.o
 .comment       0x0000000000000043       0x44 ./Driver_M/Src/stm32f407xx_spi_driver.o
 .comment       0x0000000000000043       0x44 ./Src/007_spi_message_rcv_it.o
 .comment       0x0000000000000043       0x44 ./Src/syscalls.o
 .comment       0x0000000000000043       0x44 ./Src/sysmem.o

.debug_info     0x0000000000000000     0x1e2b
 .debug_info    0x0000000000000000      0x74a ./Driver_M/Src/stm32f407xx_gpio_driver.o
 .debug_info    0x000000000000074a      0x898 ./Driver_M/Src/stm32f407xx_spi_driver.o
 .debug_info    0x0000000000000fe2      0x61b ./Src/007_spi_message_rcv_it.o
 .debug_info    0x00000000000015fd      0x6a3 ./Src/syscalls.o
 .debug_info    0x0000000000001ca0      0x168 ./Src/sysmem.o
 .debug_info    0x0000000000001e08       0x23 ./Startup/startup_stm32f407vgtx.o

.debug_abbrev   0x0000000000000000      0x7b0
 .debug_abbrev  0x0000000000000000      0x1bf ./Driver_M/Src/stm32f407xx_gpio_driver.o
 .debug_abbrev  0x00000000000001bf      0x1af ./Driver_M/Src/stm32f407xx_spi_driver.o
 .debug_abbrev  0x000000000000036e      0x1be ./Src/007_spi_message_rcv_it.o
 .debug_abbrev  0x000000000000052c      0x1b6 ./Src/syscalls.o
 .debug_abbrev  0x00000000000006e2       0xbc ./Src/sysmem.o
 .debug_abbrev  0x000000000000079e       0x12 ./Startup/startup_stm32f407vgtx.o

.debug_aranges  0x0000000000000000      0x280
 .debug_aranges
                0x0000000000000000       0x70 ./Driver_M/Src/stm32f407xx_gpio_driver.o
 .debug_aranges
                0x0000000000000070       0xc8 ./Driver_M/Src/stm32f407xx_spi_driver.o
 .debug_aranges
                0x0000000000000138       0x58 ./Src/007_spi_message_rcv_it.o
 .debug_aranges
                0x0000000000000190       0xa8 ./Src/syscalls.o
 .debug_aranges
                0x0000000000000238       0x20 ./Src/sysmem.o
 .debug_aranges
                0x0000000000000258       0x28 ./Startup/startup_stm32f407vgtx.o

.debug_rnglists
                0x0000000000000000      0x1ce
 .debug_rnglists
                0x0000000000000000       0x53 ./Driver_M/Src/stm32f407xx_gpio_driver.o
 .debug_rnglists
                0x0000000000000053       0x98 ./Driver_M/Src/stm32f407xx_spi_driver.o
 .debug_rnglists
                0x00000000000000eb       0x3e ./Src/007_spi_message_rcv_it.o
 .debug_rnglists
                0x0000000000000129       0x79 ./Src/syscalls.o
 .debug_rnglists
                0x00000000000001a2       0x13 ./Src/sysmem.o
 .debug_rnglists
                0x00000000000001b5       0x19 ./Startup/startup_stm32f407vgtx.o

.debug_macro    0x0000000000000000     0x3340
 .debug_macro   0x0000000000000000       0x8a ./Driver_M/Src/stm32f407xx_gpio_driver.o
 .debug_macro   0x000000000000008a      0xaa8 ./Driver_M/Src/stm32f407xx_gpio_driver.o
 .debug_macro   0x0000000000000b32       0x22 ./Driver_M/Src/stm32f407xx_gpio_driver.o
 .debug_macro   0x0000000000000b54       0x8e ./Driver_M/Src/stm32f407xx_gpio_driver.o
 .debug_macro   0x0000000000000be2       0x51 ./Driver_M/Src/stm32f407xx_gpio_driver.o
 .debug_macro   0x0000000000000c33      0x103 ./Driver_M/Src/stm32f407xx_gpio_driver.o
 .debug_macro   0x0000000000000d36       0x6a ./Driver_M/Src/stm32f407xx_gpio_driver.o
 .debug_macro   0x0000000000000da0      0x1df ./Driver_M/Src/stm32f407xx_gpio_driver.o
 .debug_macro   0x0000000000000f7f      0x174 ./Driver_M/Src/stm32f407xx_gpio_driver.o
 .debug_macro   0x00000000000010f3      0x4dd ./Driver_M/Src/stm32f407xx_gpio_driver.o
 .debug_macro   0x00000000000015d0       0xc4 ./Driver_M/Src/stm32f407xx_gpio_driver.o
 .debug_macro   0x0000000000001694       0x8a ./Driver_M/Src/stm32f407xx_spi_driver.o
 .debug_macro   0x000000000000171e       0xc5 ./Driver_M/Src/stm32f407xx_spi_driver.o
 .debug_macro   0x00000000000017e3      0x199 ./Src/007_spi_message_rcv_it.o
 .debug_macro   0x000000000000197c       0x5b ./Src/007_spi_message_rcv_it.o
 .debug_macro   0x00000000000019d7       0x24 ./Src/007_spi_message_rcv_it.o
 .debug_macro   0x00000000000019fb       0x94 ./Src/007_spi_message_rcv_it.o
 .debug_macro   0x0000000000001a8f       0x43 ./Src/007_spi_message_rcv_it.o
 .debug_macro   0x0000000000001ad2       0x34 ./Src/007_spi_message_rcv_it.o
 .debug_macro   0x0000000000001b06       0x16 ./Src/007_spi_message_rcv_it.o
 .debug_macro   0x0000000000001b1c       0x43 ./Src/007_spi_message_rcv_it.o
 .debug_macro   0x0000000000001b5f       0x57 ./Src/007_spi_message_rcv_it.o
 .debug_macro   0x0000000000001bb6       0x34 ./Src/007_spi_message_rcv_it.o
 .debug_macro   0x0000000000001bea       0x10 ./Src/007_spi_message_rcv_it.o
 .debug_macro   0x0000000000001bfa       0x58 ./Src/007_spi_message_rcv_it.o
 .debug_macro   0x0000000000001c52       0x8e ./Src/007_spi_message_rcv_it.o
 .debug_macro   0x0000000000001ce0       0x1c ./Src/007_spi_message_rcv_it.o
 .debug_macro   0x0000000000001cfc      0x177 ./Src/007_spi_message_rcv_it.o
 .debug_macro   0x0000000000001e73      0x369 ./Src/007_spi_message_rcv_it.o
 .debug_macro   0x00000000000021dc       0x10 ./Src/007_spi_message_rcv_it.o
 .debug_macro   0x00000000000021ec       0x35 ./Src/007_spi_message_rcv_it.o
 .debug_macro   0x0000000000002221       0x20 ./Src/007_spi_message_rcv_it.o
 .debug_macro   0x0000000000002241       0xcb ./Src/007_spi_message_rcv_it.o
 .debug_macro   0x000000000000230c       0x1c ./Src/007_spi_message_rcv_it.o
 .debug_macro   0x0000000000002328       0x10 ./Src/007_spi_message_rcv_it.o
 .debug_macro   0x0000000000002338       0x1c ./Src/007_spi_message_rcv_it.o
 .debug_macro   0x0000000000002354       0x16 ./Src/007_spi_message_rcv_it.o
 .debug_macro   0x000000000000236a      0x147 ./Src/007_spi_message_rcv_it.o
 .debug_macro   0x00000000000024b1      0x274 ./Src/syscalls.o
 .debug_macro   0x0000000000002725       0x10 ./Src/syscalls.o
 .debug_macro   0x0000000000002735       0x10 ./Src/syscalls.o
 .debug_macro   0x0000000000002745       0x10 ./Src/syscalls.o
 .debug_macro   0x0000000000002755       0x10 ./Src/syscalls.o
 .debug_macro   0x0000000000002765       0x1c ./Src/syscalls.o
 .debug_macro   0x0000000000002781       0x52 ./Src/syscalls.o
 .debug_macro   0x00000000000027d3       0x22 ./Src/syscalls.o
 .debug_macro   0x00000000000027f5       0x10 ./Src/syscalls.o
 .debug_macro   0x0000000000002805       0x52 ./Src/syscalls.o
 .debug_macro   0x0000000000002857       0xcf ./Src/syscalls.o
 .debug_macro   0x0000000000002926       0x1c ./Src/syscalls.o
 .debug_macro   0x0000000000002942       0x3d ./Src/syscalls.o
 .debug_macro   0x000000000000297f       0x35 ./Src/syscalls.o
 .debug_macro   0x00000000000029b4      0x12c ./Src/syscalls.o
 .debug_macro   0x0000000000002ae0       0x16 ./Src/syscalls.o
 .debug_macro   0x0000000000002af6       0x16 ./Src/syscalls.o
 .debug_macro   0x0000000000002b0c       0x29 ./Src/syscalls.o
 .debug_macro   0x0000000000002b35       0x10 ./Src/syscalls.o
 .debug_macro   0x0000000000002b45      0x242 ./Src/syscalls.o
 .debug_macro   0x0000000000002d87       0x10 ./Src/syscalls.o
 .debug_macro   0x0000000000002d97      0x18a ./Src/syscalls.o
 .debug_macro   0x0000000000002f21       0x16 ./Src/syscalls.o
 .debug_macro   0x0000000000002f37       0xce ./Src/syscalls.o
 .debug_macro   0x0000000000003005       0xff ./Src/sysmem.o
 .debug_macro   0x0000000000003104      0x23c ./Src/sysmem.o

.debug_line     0x0000000000000000     0x29ab
 .debug_line    0x0000000000000000      0x99a ./Driver_M/Src/stm32f407xx_gpio_driver.o
 .debug_line    0x000000000000099a      0x9dd ./Driver_M/Src/stm32f407xx_spi_driver.o
 .debug_line    0x0000000000001377      0x7ac ./Src/007_spi_message_rcv_it.o
 .debug_line    0x0000000000001b23      0x89e ./Src/syscalls.o
 .debug_line    0x00000000000023c1      0x56f ./Src/sysmem.o
 .debug_line    0x0000000000002930       0x7b ./Startup/startup_stm32f407vgtx.o

.debug_str      0x0000000000000000     0xbcd9
 .debug_str     0x0000000000000000     0x5d53 ./Driver_M/Src/stm32f407xx_gpio_driver.o
                                       0x5f57 (size before relaxing)
 .debug_str     0x0000000000005d53      0x580 ./Driver_M/Src/stm32f407xx_spi_driver.o
                                       0x606b (size before relaxing)
 .debug_str     0x00000000000062d3     0x3891 ./Src/007_spi_message_rcv_it.o
                                       0x99a7 (size before relaxing)
 .debug_str     0x0000000000009b64     0x20e0 ./Src/syscalls.o
                                       0x9865 (size before relaxing)
 .debug_str     0x000000000000bc44       0x66 ./Src/sysmem.o
                                       0x601c (size before relaxing)
 .debug_str     0x000000000000bcaa       0x2f ./Startup/startup_stm32f407vgtx.o
                                         0x6a (size before relaxing)

.debug_frame    0x0000000000000000     0x10f4
 .debug_frame   0x0000000000000000      0x1c8 ./Driver_M/Src/stm32f407xx_gpio_driver.o
 .debug_frame   0x00000000000001c8      0x364 ./Driver_M/Src/stm32f407xx_spi_driver.o
 .debug_frame   0x000000000000052c      0x11c ./Src/007_spi_message_rcv_it.o
 .debug_frame   0x0000000000000648      0x2ac ./Src/syscalls.o
 .debug_frame   0x00000000000008f4       0x34 ./Src/sysmem.o
 .debug_frame   0x0000000000000928      0x13c C:/ST/STM32CubeIDE_1.4.0/STM32CubeIDE/plugins/com.st.stm32cube.ide.mcu.externaltools.gnu-tools-for-stm32.11.3.rel1.win32_1.1.0.202305231506/tools/bin/../lib/gcc/arm-none-eabi/11.3.1/../../../../arm-none-eabi/lib/thumb/v7e-m/nofp\libc_nano.a(libc_a-findfp.o)
 .debug_frame   0x0000000000000a64       0x34 C:/ST/STM32CubeIDE_1.4.0/STM32CubeIDE/plugins/com.st.stm32cube.ide.mcu.externaltools.gnu-tools-for-stm32.11.3.rel1.win32_1.1.0.202305231506/tools/bin/../lib/gcc/arm-none-eabi/11.3.1/../../../../arm-none-eabi/lib/thumb/v7e-m/nofp\libc_nano.a(libc_a-fwalk.o)
 .debug_frame   0x0000000000000a98       0x6c C:/ST/STM32CubeIDE_1.4.0/STM32CubeIDE/plugins/com.st.stm32cube.ide.mcu.externaltools.gnu-tools-for-stm32.11.3.rel1.win32_1.1.0.202305231506/tools/bin/../lib/gcc/arm-none-eabi/11.3.1/../../../../arm-none-eabi/lib/thumb/v7e-m/nofp\libc_nano.a(libc_a-printf.o)
 .debug_frame   0x0000000000000b04       0x88 C:/ST/STM32CubeIDE_1.4.0/STM32CubeIDE/plugins/com.st.stm32cube.ide.mcu.externaltools.gnu-tools-for-stm32.11.3.rel1.win32_1.1.0.202305231506/tools/bin/../lib/gcc/arm-none-eabi/11.3.1/../../../../arm-none-eabi/lib/thumb/v7e-m/nofp\libc_nano.a(libc_a-stdio.o)
 .debug_frame   0x0000000000000b8c       0x20 C:/ST/STM32CubeIDE_1.4.0/STM32CubeIDE/plugins/com.st.stm32cube.ide.mcu.externaltools.gnu-tools-for-stm32.11.3.rel1.win32_1.1.0.202305231506/tools/bin/../lib/gcc/arm-none-eabi/11.3.1/../../../../arm-none-eabi/lib/thumb/v7e-m/nofp\libc_nano.a(libc_a-memset.o)
 .debug_frame   0x0000000000000bac       0x2c C:/ST/STM32CubeIDE_1.4.0/STM32CubeIDE/plugins/com.st.stm32cube.ide.mcu.externaltools.gnu-tools-for-stm32.11.3.rel1.win32_1.1.0.202305231506/tools/bin/../lib/gcc/arm-none-eabi/11.3.1/../../../../arm-none-eabi/lib/thumb/v7e-m/nofp\libc_nano.a(libc_a-closer.o)
 .debug_frame   0x0000000000000bd8       0x38 C:/ST/STM32CubeIDE_1.4.0/STM32CubeIDE/plugins/com.st.stm32cube.ide.mcu.externaltools.gnu-tools-for-stm32.11.3.rel1.win32_1.1.0.202305231506/tools/bin/../lib/gcc/arm-none-eabi/11.3.1/../../../../arm-none-eabi/lib/thumb/v7e-m/nofp\libc_nano.a(libc_a-reent.o)
 .debug_frame   0x0000000000000c10       0x2c C:/ST/STM32CubeIDE_1.4.0/STM32CubeIDE/plugins/com.st.stm32cube.ide.mcu.externaltools.gnu-tools-for-stm32.11.3.rel1.win32_1.1.0.202305231506/tools/bin/../lib/gcc/arm-none-eabi/11.3.1/../../../../arm-none-eabi/lib/thumb/v7e-m/nofp\libc_nano.a(libc_a-lseekr.o)
 .debug_frame   0x0000000000000c3c       0x2c C:/ST/STM32CubeIDE_1.4.0/STM32CubeIDE/plugins/com.st.stm32cube.ide.mcu.externaltools.gnu-tools-for-stm32.11.3.rel1.win32_1.1.0.202305231506/tools/bin/../lib/gcc/arm-none-eabi/11.3.1/../../../../arm-none-eabi/lib/thumb/v7e-m/nofp\libc_nano.a(libc_a-readr.o)
 .debug_frame   0x0000000000000c68       0x2c C:/ST/STM32CubeIDE_1.4.0/STM32CubeIDE/plugins/com.st.stm32cube.ide.mcu.externaltools.gnu-tools-for-stm32.11.3.rel1.win32_1.1.0.202305231506/tools/bin/../lib/gcc/arm-none-eabi/11.3.1/../../../../arm-none-eabi/lib/thumb/v7e-m/nofp\libc_nano.a(libc_a-writer.o)
 .debug_frame   0x0000000000000c94       0x20 C:/ST/STM32CubeIDE_1.4.0/STM32CubeIDE/plugins/com.st.stm32cube.ide.mcu.externaltools.gnu-tools-for-stm32.11.3.rel1.win32_1.1.0.202305231506/tools/bin/../lib/gcc/arm-none-eabi/11.3.1/../../../../arm-none-eabi/lib/thumb/v7e-m/nofp\libc_nano.a(libc_a-errno.o)
 .debug_frame   0x0000000000000cb4       0x2c C:/ST/STM32CubeIDE_1.4.0/STM32CubeIDE/plugins/com.st.stm32cube.ide.mcu.externaltools.gnu-tools-for-stm32.11.3.rel1.win32_1.1.0.202305231506/tools/bin/../lib/gcc/arm-none-eabi/11.3.1/../../../../arm-none-eabi/lib/thumb/v7e-m/nofp\libc_nano.a(libc_a-init.o)
 .debug_frame   0x0000000000000ce0       0xb0 C:/ST/STM32CubeIDE_1.4.0/STM32CubeIDE/plugins/com.st.stm32cube.ide.mcu.externaltools.gnu-tools-for-stm32.11.3.rel1.win32_1.1.0.202305231506/tools/bin/../lib/gcc/arm-none-eabi/11.3.1/../../../../arm-none-eabi/lib/thumb/v7e-m/nofp\libc_nano.a(libc_a-lock.o)
 .debug_frame   0x0000000000000d90       0x38 C:/ST/STM32CubeIDE_1.4.0/STM32CubeIDE/plugins/com.st.stm32cube.ide.mcu.externaltools.gnu-tools-for-stm32.11.3.rel1.win32_1.1.0.202305231506/tools/bin/../lib/gcc/arm-none-eabi/11.3.1/../../../../arm-none-eabi/lib/thumb/v7e-m/nofp\libc_nano.a(libc_a-freer.o)
 .debug_frame   0x0000000000000dc8       0x50 C:/ST/STM32CubeIDE_1.4.0/STM32CubeIDE/plugins/com.st.stm32cube.ide.mcu.externaltools.gnu-tools-for-stm32.11.3.rel1.win32_1.1.0.202305231506/tools/bin/../lib/gcc/arm-none-eabi/11.3.1/../../../../arm-none-eabi/lib/thumb/v7e-m/nofp\libc_nano.a(libc_a-mallocr.o)
 .debug_frame   0x0000000000000e18       0x30 C:/ST/STM32CubeIDE_1.4.0/STM32CubeIDE/plugins/com.st.stm32cube.ide.mcu.externaltools.gnu-tools-for-stm32.11.3.rel1.win32_1.1.0.202305231506/tools/bin/../lib/gcc/arm-none-eabi/11.3.1/../../../../arm-none-eabi/lib/thumb/v7e-m/nofp\libc_nano.a(libc_a-mlock.o)
 .debug_frame   0x0000000000000e48       0xa8 C:/ST/STM32CubeIDE_1.4.0/STM32CubeIDE/plugins/com.st.stm32cube.ide.mcu.externaltools.gnu-tools-for-stm32.11.3.rel1.win32_1.1.0.202305231506/tools/bin/../lib/gcc/arm-none-eabi/11.3.1/../../../../arm-none-eabi/lib/thumb/v7e-m/nofp\libc_nano.a(libc_a-nano-vfprintf.o)
 .debug_frame   0x0000000000000ef0       0x60 C:/ST/STM32CubeIDE_1.4.0/STM32CubeIDE/plugins/com.st.stm32cube.ide.mcu.externaltools.gnu-tools-for-stm32.11.3.rel1.win32_1.1.0.202305231506/tools/bin/../lib/gcc/arm-none-eabi/11.3.1/../../../../arm-none-eabi/lib/thumb/v7e-m/nofp\libc_nano.a(libc_a-nano-vfprintf_i.o)
 .debug_frame   0x0000000000000f50       0x5c C:/ST/STM32CubeIDE_1.4.0/STM32CubeIDE/plugins/com.st.stm32cube.ide.mcu.externaltools.gnu-tools-for-stm32.11.3.rel1.win32_1.1.0.202305231506/tools/bin/../lib/gcc/arm-none-eabi/11.3.1/../../../../arm-none-eabi/lib/thumb/v7e-m/nofp\libc_nano.a(libc_a-fflush.o)
 .debug_frame   0x0000000000000fac       0x40 C:/ST/STM32CubeIDE_1.4.0/STM32CubeIDE/plugins/com.st.stm32cube.ide.mcu.externaltools.gnu-tools-for-stm32.11.3.rel1.win32_1.1.0.202305231506/tools/bin/../lib/gcc/arm-none-eabi/11.3.1/../../../../arm-none-eabi/lib/thumb/v7e-m/nofp\libc_nano.a(libc_a-wbuf.o)
 .debug_frame   0x0000000000000fec       0x2c C:/ST/STM32CubeIDE_1.4.0/STM32CubeIDE/plugins/com.st.stm32cube.ide.mcu.externaltools.gnu-tools-for-stm32.11.3.rel1.win32_1.1.0.202305231506/tools/bin/../lib/gcc/arm-none-eabi/11.3.1/../../../../arm-none-eabi/lib/thumb/v7e-m/nofp\libc_nano.a(libc_a-wsetup.o)
 .debug_frame   0x0000000000001018       0x2c C:/ST/STM32CubeIDE_1.4.0/STM32CubeIDE/plugins/com.st.stm32cube.ide.mcu.externaltools.gnu-tools-for-stm32.11.3.rel1.win32_1.1.0.202305231506/tools/bin/../lib/gcc/arm-none-eabi/11.3.1/../../../../arm-none-eabi/lib/thumb/v7e-m/nofp\libc_nano.a(libc_a-sbrkr.o)
 .debug_frame   0x0000000000001044       0x58 C:/ST/STM32CubeIDE_1.4.0/STM32CubeIDE/plugins/com.st.stm32cube.ide.mcu.externaltools.gnu-tools-for-stm32.11.3.rel1.win32_1.1.0.202305231506/tools/bin/../lib/gcc/arm-none-eabi/11.3.1/../../../../arm-none-eabi/lib/thumb/v7e-m/nofp\libc_nano.a(libc_a-makebuf.o)
 .debug_frame   0x000000000000109c       0x2c C:/ST/STM32CubeIDE_1.4.0/STM32CubeIDE/plugins/com.st.stm32cube.ide.mcu.externaltools.gnu-tools-for-stm32.11.3.rel1.win32_1.1.0.202305231506/tools/bin/../lib/gcc/arm-none-eabi/11.3.1/../../../../arm-none-eabi/lib/thumb/v7e-m/nofp\libc_nano.a(libc_a-fstatr.o)
 .debug_frame   0x00000000000010c8       0x2c C:/ST/STM32CubeIDE_1.4.0/STM32CubeIDE/plugins/com.st.stm32cube.ide.mcu.externaltools.gnu-tools-for-stm32.11.3.rel1.win32_1.1.0.202305231506/tools/bin/../lib/gcc/arm-none-eabi/11.3.1/../../../../arm-none-eabi/lib/thumb/v7e-m/nofp\libc_nano.a(libc_a-isattyr.o)

.debug_line_str
                0x0000000000000000       0x5e
 .debug_line_str
                0x0000000000000000       0x5e ./Startup/startup_stm32f407vgtx.o
                                         0x76 (size before relaxing)
